[2026-03-07 00:00:00] [INFO] Starting consolidated email processor at Sat Mar  7 00:00:00 WAT 2026
[2026-03-07 00:00:00] [INFO] Policy guard OK (mode=iih)
[2026-03-07 00:00:00] [INFO] Policy source: /Users/clawdia/.openclaw/workspace/EMAIL_OPERATIONS_MASTER.md
[2026-03-07 00:00:00] [INFO] Skill source: /Users/clawdia/.openclaw/workspace/skills/email-ops/SKILL.md
[2026-03-07 00:00:00] [INFO] Quiet hours (23:00-08:00) - only checking IHS Towers emails
[2026-03-07 00:00:00] [INFO] Checking for IHS Towers emails...
[2026-03-07 00:00:00] [SUCCESS] No unread IHS Towers emails found
[2026-03-07 00:00:00] [INFO] Quiet hours - skipping regular processing
[2026-03-07 01:00:00] [INFO] Starting consolidated email processor at Sat Mar  7 01:00:00 WAT 2026
[2026-03-07 01:00:00] [INFO] Policy guard OK (mode=iih)
[2026-03-07 01:00:00] [INFO] Policy source: /Users/clawdia/.openclaw/workspace/EMAIL_OPERATIONS_MASTER.md
[2026-03-07 01:00:00] [INFO] Skill source: /Users/clawdia/.openclaw/workspace/skills/email-ops/SKILL.md
[2026-03-07 01:00:00] [INFO] Quiet hours (23:00-08:00) - only checking IHS Towers emails
[2026-03-07 01:00:00] [INFO] Checking for IHS Towers emails...
[2026-03-07 01:00:00] [SUCCESS] No unread IHS Towers emails found
[2026-03-07 01:00:00] [INFO] Quiet hours - skipping regular processing
[2026-03-07 02:00:00] [INFO] Starting consolidated email processor at Sat Mar  7 02:00:00 WAT 2026
[2026-03-07 02:00:00] [INFO] Policy guard OK (mode=iih)
[2026-03-07 02:00:00] [INFO] Policy source: /Users/clawdia/.openclaw/workspace/EMAIL_OPERATIONS_MASTER.md
[2026-03-07 02:00:00] [INFO] Skill source: /Users/clawdia/.openclaw/workspace/skills/email-ops/SKILL.md
[2026-03-07 02:00:00] [INFO] Quiet hours (23:00-08:00) - only checking IHS Towers emails
[2026-03-07 02:00:00] [INFO] Checking for IHS Towers emails...
[2026-03-07 02:00:00] [SUCCESS] No unread IHS Towers emails found
[2026-03-07 02:00:00] [INFO] Quiet hours - skipping regular processing
[2026-03-07 03:00:00] [INFO] Starting consolidated email processor at Sat Mar  7 03:00:00 WAT 2026
[2026-03-07 03:00:00] [INFO] Policy guard OK (mode=iih)
[2026-03-07 03:00:00] [INFO] Policy source: /Users/clawdia/.openclaw/workspace/EMAIL_OPERATIONS_MASTER.md
[2026-03-07 03:00:00] [INFO] Skill source: /Users/clawdia/.openclaw/workspace/skills/email-ops/SKILL.md
[2026-03-07 03:00:00] [INFO] Quiet hours (23:00-08:00) - only checking IHS Towers emails
[2026-03-07 03:00:00] [INFO] Checking for IHS Towers emails...
[2026-03-07 03:00:00] [SUCCESS] No unread IHS Towers emails found
[2026-03-07 03:00:00] [INFO] Quiet hours - skipping regular processing
[2026-03-07 04:00:00] [INFO] Starting consolidated email processor at Sat Mar  7 04:00:00 WAT 2026
[2026-03-07 04:00:00] [INFO] Policy guard OK (mode=iih)
[2026-03-07 04:00:00] [INFO] Policy source: /Users/clawdia/.openclaw/workspace/EMAIL_OPERATIONS_MASTER.md
[2026-03-07 04:00:00] [INFO] Skill source: /Users/clawdia/.openclaw/workspace/skills/email-ops/SKILL.md
[2026-03-07 04:00:00] [INFO] Quiet hours (23:00-08:00) - only checking IHS Towers emails
[2026-03-07 04:00:00] [INFO] Checking for IHS Towers emails...
[2026-03-07 04:00:00] [SUCCESS] No unread IHS Towers emails found
[2026-03-07 04:00:00] [INFO] Quiet hours - skipping regular processing
[2026-03-07 05:00:00] [INFO] Starting consolidated email processor at Sat Mar  7 05:00:00 WAT 2026
[2026-03-07 05:00:00] [INFO] Policy guard OK (mode=iih)
[2026-03-07 05:00:00] [INFO] Policy source: /Users/clawdia/.openclaw/workspace/EMAIL_OPERATIONS_MASTER.md
[2026-03-07 05:00:00] [INFO] Skill source: /Users/clawdia/.openclaw/workspace/skills/email-ops/SKILL.md
[2026-03-07 05:00:00] [INFO] Quiet hours (23:00-08:00) - only checking IHS Towers emails
[2026-03-07 05:00:00] [INFO] Checking for IHS Towers emails...
[2026-03-07 05:00:00] [SUCCESS] No unread IHS Towers emails found
[2026-03-07 05:00:00] [INFO] Quiet hours - skipping regular processing
[2026-03-07 05:30:05] [INFO] Starting consolidated email processor at Sat Mar  7 05:30:05 WAT 2026
[2026-03-07 05:30:05] [INFO] Policy guard OK (mode=iih)
[2026-03-07 05:30:05] [INFO] Policy source: /Users/clawdia/.openclaw/workspace/EMAIL_OPERATIONS_MASTER.md
[2026-03-07 05:30:05] [INFO] Skill source: /Users/clawdia/.openclaw/workspace/skills/email-ops/SKILL.md
[2026-03-07 05:30:05] [INFO] Quiet hours (23:00-08:00) - only checking IHS Towers emails
[2026-03-07 05:30:05] [INFO] Checking for IHS Towers emails...
[2026-03-07 05:30:15] [WARN] Found 4 unread IHS Towers email(s) - immediate escalation required
[2026-03-07 06:00:00] [INFO] Starting consolidated email processor at Sat Mar  7 06:00:00 WAT 2026
[2026-03-07 06:00:00] [INFO] Policy guard OK (mode=iih)
[2026-03-07 06:00:00] [INFO] Policy source: /Users/clawdia/.openclaw/workspace/EMAIL_OPERATIONS_MASTER.md
[2026-03-07 06:00:00] [INFO] Skill source: /Users/clawdia/.openclaw/workspace/skills/email-ops/SKILL.md
[2026-03-07 06:00:00] [INFO] Quiet hours (23:00-08:00) - only checking IHS Towers emails
[2026-03-07 06:00:00] [INFO] Checking for IHS Towers emails...
[2026-03-07 06:00:00] [SUCCESS] No unread IHS Towers emails found
[2026-03-07 06:00:00] [INFO] Quiet hours - skipping regular processing
[2026-03-07 07:00:00] [INFO] Starting consolidated email processor at Sat Mar  7 07:00:00 WAT 2026
[2026-03-07 07:00:00] [INFO] Policy guard OK (mode=iih)
[2026-03-07 07:00:00] [INFO] Policy source: /Users/clawdia/.openclaw/workspace/EMAIL_OPERATIONS_MASTER.md
[2026-03-07 07:00:00] [INFO] Skill source: /Users/clawdia/.openclaw/workspace/skills/email-ops/SKILL.md
[2026-03-07 07:00:00] [INFO] Quiet hours (23:00-08:00) - only checking IHS Towers emails
[2026-03-07 07:00:00] [INFO] Checking for IHS Towers emails...
[2026-03-07 07:00:00] [SUCCESS] No unread IHS Towers emails found
[2026-03-07 07:00:00] [INFO] Quiet hours - skipping regular processing
[2026-03-07 08:00:00] [INFO] Starting consolidated email processor at Sat Mar  7 08:00:00 WAT 2026
[2026-03-07 08:00:00] [INFO] Policy guard OK (mode=iih)
[2026-03-07 08:00:00] [INFO] Policy source: /Users/clawdia/.openclaw/workspace/EMAIL_OPERATIONS_MASTER.md
[2026-03-07 08:00:00] [INFO] Skill source: /Users/clawdia/.openclaw/workspace/skills/email-ops/SKILL.md
[2026-03-07 08:00:00] [INFO] Checking for IHS Towers emails...
[2026-03-07 08:00:00] [SUCCESS] No unread IHS Towers emails found
[2026-03-07 08:00:00] [INFO] Starting batch email processing
[2026-03-07 08:00:00] [INFO] Fetching up to 5 unread emails...
[2026-03-07 08:00:00] [ERROR] No accessible email account (Himalaya).
[2026-03-07 08:00:00] [INFO] Processed 0/0 emails in batch
[2026-03-07 08:00:00] [INFO] Checking for IHS Towers emails...
[2026-03-07 08:00:00] [SUCCESS] No unread IHS Towers emails found
[2026-03-07 08:00:00] [INFO] Summary report generated
[2026-03-07 08:00:00] [INFO] Cleaned up old cache files
[2026-03-07 08:00:00] [SUCCESS] Email processing completed successfully
[2026-03-07 09:00:00] [INFO] Starting consolidated email processor at Sat Mar  7 09:00:00 WAT 2026
[2026-03-07 09:00:00] [INFO] Policy guard OK (mode=iih)
[2026-03-07 09:00:00] [INFO] Policy source: /Users/clawdia/.openclaw/workspace/EMAIL_OPERATIONS_MASTER.md
[2026-03-07 09:00:00] [INFO] Skill source: /Users/clawdia/.openclaw/workspace/skills/email-ops/SKILL.md
[2026-03-07 09:00:00] [INFO] Checking for IHS Towers emails...
[2026-03-07 09:00:00] [SUCCESS] No unread IHS Towers emails found
[2026-03-07 09:00:00] [INFO] Starting batch email processing
[2026-03-07 09:00:00] [INFO] Fetching up to 5 unread emails...
[2026-03-07 09:00:00] [ERROR] No accessible email account (Himalaya).
[2026-03-07 09:00:00] [INFO] Processed 0/0 emails in batch
[2026-03-07 09:00:00] [INFO] Checking for IHS Towers emails...
[2026-03-07 09:00:00] [SUCCESS] No unread IHS Towers emails found
[2026-03-07 09:00:00] [INFO] Summary report generated
[2026-03-07 09:00:00] [INFO] Cleaned up old cache files
[2026-03-07 09:00:00] [SUCCESS] Email processing completed successfully
[2026-03-07 10:00:00] [INFO] Starting consolidated email processor at Sat Mar  7 10:00:00 WAT 2026
[2026-03-07 10:00:00] [INFO] Policy guard OK (mode=iih)
[2026-03-07 10:00:00] [INFO] Policy source: /Users/clawdia/.openclaw/workspace/EMAIL_OPERATIONS_MASTER.md
[2026-03-07 10:00:00] [INFO] Skill source: /Users/clawdia/.openclaw/workspace/skills/email-ops/SKILL.md
[2026-03-07 10:00:00] [INFO] Checking for IHS Towers emails...
[2026-03-07 10:00:00] [SUCCESS] No unread IHS Towers emails found
[2026-03-07 10:00:00] [INFO] Starting batch email processing
[2026-03-07 10:00:00] [INFO] Fetching up to 5 unread emails...
[2026-03-07 10:00:00] [ERROR] No accessible email account (Himalaya).
[2026-03-07 10:00:00] [INFO] Processed 0/0 emails in batch
[2026-03-07 10:00:00] [INFO] Checking for IHS Towers emails...
[2026-03-07 10:00:00] [SUCCESS] No unread IHS Towers emails found
[2026-03-07 10:00:00] [INFO] Summary report generated
[2026-03-07 10:00:00] [INFO] Cleaned up old cache files
[2026-03-07 10:00:00] [SUCCESS] Email processing completed successfully
[2026-03-07 11:00:00] [INFO] Starting consolidated email processor at Sat Mar  7 11:00:00 WAT 2026
[2026-03-07 11:00:00] [INFO] Policy guard OK (mode=iih)
[2026-03-07 11:00:00] [INFO] Policy source: /Users/clawdia/.openclaw/workspace/EMAIL_OPERATIONS_MASTER.md
[2026-03-07 11:00:00] [INFO] Skill source: /Users/clawdia/.openclaw/workspace/skills/email-ops/SKILL.md
[2026-03-07 11:00:00] [INFO] Checking for IHS Towers emails...
[2026-03-07 11:00:00] [SUCCESS] No unread IHS Towers emails found
[2026-03-07 11:00:00] [INFO] Starting batch email processing
[2026-03-07 11:00:00] [INFO] Fetching up to 5 unread emails...
[2026-03-07 11:00:00] [ERROR] No accessible email account (Himalaya).
[2026-03-07 11:00:00] [INFO] Processed 0/0 emails in batch
[2026-03-07 11:00:00] [INFO] Checking for IHS Towers emails...
[2026-03-07 11:00:00] [SUCCESS] No unread IHS Towers emails found
[2026-03-07 11:00:00] [INFO] Summary report generated
[2026-03-07 11:00:00] [INFO] Cleaned up old cache files
[2026-03-07 11:00:00] [SUCCESS] Email processing completed successfully
[2026-03-07 12:00:00] [INFO] Starting consolidated email processor at Sat Mar  7 12:00:00 WAT 2026
[2026-03-07 12:00:00] [INFO] Policy guard OK (mode=iih)
[2026-03-07 12:00:00] [INFO] Policy source: /Users/clawdia/.openclaw/workspace/EMAIL_OPERATIONS_MASTER.md
[2026-03-07 12:00:00] [INFO] Skill source: /Users/clawdia/.openclaw/workspace/skills/email-ops/SKILL.md
[2026-03-07 12:00:00] [INFO] Checking for IHS Towers emails...
[2026-03-07 12:00:00] [SUCCESS] No unread IHS Towers emails found
[2026-03-07 12:00:00] [INFO] Starting batch email processing
[2026-03-07 12:00:00] [INFO] Fetching up to 5 unread emails...
[2026-03-07 12:00:00] [ERROR] No accessible email account (Himalaya).
[2026-03-07 12:00:00] [INFO] Processed 0/0 emails in batch
[2026-03-07 12:00:00] [INFO] Checking for IHS Towers emails...
[2026-03-07 12:00:00] [SUCCESS] No unread IHS Towers emails found
[2026-03-07 12:00:00] [INFO] Summary report generated
[2026-03-07 12:00:00] [INFO] Cleaned up old cache files
[2026-03-07 12:00:00] [SUCCESS] Email processing completed successfully
[2026-03-07 13:00:00] [INFO] Starting consolidated email processor at Sat Mar  7 13:00:00 WAT 2026
[2026-03-07 13:00:00] [INFO] Policy guard OK (mode=iih)
[2026-03-07 13:00:00] [INFO] Policy source: /Users/clawdia/.openclaw/workspace/EMAIL_OPERATIONS_MASTER.md
[2026-03-07 13:00:00] [INFO] Skill source: /Users/clawdia/.openclaw/workspace/skills/email-ops/SKILL.md
[2026-03-07 13:00:00] [INFO] Checking for IHS Towers emails...
[2026-03-07 13:00:00] [SUCCESS] No unread IHS Towers emails found
[2026-03-07 13:00:00] [INFO] Starting batch email processing
[2026-03-07 13:00:00] [INFO] Fetching up to 5 unread emails...
[2026-03-07 13:00:00] [ERROR] No accessible email account (Himalaya).
[2026-03-07 13:00:00] [INFO] Processed 0/0 emails in batch
[2026-03-07 13:00:00] [INFO] Checking for IHS Towers emails...
[2026-03-07 13:00:00] [SUCCESS] No unread IHS Towers emails found
[2026-03-07 13:00:00] [INFO] Summary report generated
[2026-03-07 13:00:00] [INFO] Cleaned up old cache files
[2026-03-07 13:00:00] [SUCCESS] Email processing completed successfully
[2026-03-07 14:00:00] [INFO] Starting consolidated email processor at Sat Mar  7 14:00:00 WAT 2026
[2026-03-07 14:00:00] [INFO] Policy guard OK (mode=iih)
[2026-03-07 14:00:00] [INFO] Policy source: /Users/clawdia/.openclaw/workspace/EMAIL_OPERATIONS_MASTER.md
[2026-03-07 14:00:00] [INFO] Skill source: /Users/clawdia/.openclaw/workspace/skills/email-ops/SKILL.md
[2026-03-07 14:00:00] [INFO] Checking for IHS Towers emails...
[2026-03-07 14:00:00] [SUCCESS] No unread IHS Towers emails found
[2026-03-07 14:00:00] [INFO] Starting batch email processing
[2026-03-07 14:00:00] [INFO] Fetching up to 5 unread emails...
[2026-03-07 14:00:00] [ERROR] No accessible email account (Himalaya).
[2026-03-07 14:00:00] [INFO] Processed 0/0 emails in batch
[2026-03-07 14:00:00] [INFO] Checking for IHS Towers emails...
[2026-03-07 14:00:00] [SUCCESS] No unread IHS Towers emails found
[2026-03-07 14:00:00] [INFO] Summary report generated
[2026-03-07 14:00:00] [INFO] Cleaned up old cache files
[2026-03-07 14:00:00] [SUCCESS] Email processing completed successfully
[2026-03-07 15:00:00] [INFO] Starting consolidated email processor at Sat Mar  7 15:00:00 WAT 2026
[2026-03-07 15:00:00] [INFO] Policy guard OK (mode=iih)
[2026-03-07 15:00:00] [INFO] Policy source: /Users/clawdia/.openclaw/workspace/EMAIL_OPERATIONS_MASTER.md
[2026-03-07 15:00:00] [INFO] Skill source: /Users/clawdia/.openclaw/workspace/skills/email-ops/SKILL.md
[2026-03-07 15:00:00] [INFO] Checking for IHS Towers emails...
[2026-03-07 15:00:00] [SUCCESS] No unread IHS Towers emails found
[2026-03-07 15:00:00] [INFO] Starting batch email processing
[2026-03-07 15:00:00] [INFO] Fetching up to 5 unread emails...
[2026-03-07 15:00:00] [ERROR] No accessible email account (Himalaya).
[2026-03-07 15:00:00] [INFO] Processed 0/0 emails in batch
[2026-03-07 15:00:00] [INFO] Checking for IHS Towers emails...
[2026-03-07 15:00:00] [SUCCESS] No unread IHS Towers emails found
[2026-03-07 15:00:00] [INFO] Summary report generated
[2026-03-07 15:00:00] [INFO] Cleaned up old cache files
[2026-03-07 15:00:00] [SUCCESS] Email processing completed successfully
[2026-03-07 16:00:00] [INFO] Starting consolidated email processor at Sat Mar  7 16:00:00 WAT 2026
[2026-03-07 16:00:00] [INFO] Policy guard OK (mode=iih)
[2026-03-07 16:00:00] [INFO] Policy source: /Users/clawdia/.openclaw/workspace/EMAIL_OPERATIONS_MASTER.md
[2026-03-07 16:00:00] [INFO] Skill source: /Users/clawdia/.openclaw/workspace/skills/email-ops/SKILL.md
[2026-03-07 16:00:00] [INFO] Checking for IHS Towers emails...
[2026-03-07 16:00:00] [SUCCESS] No unread IHS Towers emails found
[2026-03-07 16:00:00] [INFO] Starting batch email processing
[2026-03-07 16:00:00] [INFO] Fetching up to 5 unread emails...
[2026-03-07 16:00:00] [ERROR] No accessible email account (Himalaya).
[2026-03-07 16:00:00] [INFO] Processed 0/0 emails in batch
[2026-03-07 16:00:00] [INFO] Checking for IHS Towers emails...
[2026-03-07 16:00:00] [SUCCESS] No unread IHS Towers emails found
[2026-03-07 16:00:00] [INFO] Summary report generated
[2026-03-07 16:00:00] [INFO] Cleaned up old cache files
[2026-03-07 16:00:00] [SUCCESS] Email processing completed successfully
[2026-03-07 17:00:00] [INFO] Starting consolidated email processor at Sat Mar  7 17:00:00 WAT 2026
[2026-03-07 17:00:00] [INFO] Policy guard OK (mode=iih)
[2026-03-07 17:00:00] [INFO] Policy source: /Users/clawdia/.openclaw/workspace/EMAIL_OPERATIONS_MASTER.md
[2026-03-07 17:00:00] [INFO] Skill source: /Users/clawdia/.openclaw/workspace/skills/email-ops/SKILL.md
[2026-03-07 17:00:00] [INFO] Checking for IHS Towers emails...
[2026-03-07 17:00:00] [SUCCESS] No unread IHS Towers emails found
[2026-03-07 17:00:00] [INFO] Starting batch email processing
[2026-03-07 17:00:00] [INFO] Fetching up to 5 unread emails...
[2026-03-07 17:00:00] [ERROR] No accessible email account (Himalaya).
[2026-03-07 17:00:00] [INFO] Processed 0/0 emails in batch
[2026-03-07 17:00:00] [INFO] Checking for IHS Towers emails...
[2026-03-07 17:00:00] [SUCCESS] No unread IHS Towers emails found
[2026-03-07 17:00:00] [INFO] Summary report generated
[2026-03-07 17:00:00] [INFO] Cleaned up old cache files
[2026-03-07 17:00:00] [SUCCESS] Email processing completed successfully
[2026-03-07 18:00:00] [INFO] Starting consolidated email processor at Sat Mar  7 18:00:00 WAT 2026
[2026-03-07 18:00:00] [INFO] Policy guard OK (mode=iih)
[2026-03-07 18:00:00] [INFO] Policy source: /Users/clawdia/.openclaw/workspace/EMAIL_OPERATIONS_MASTER.md
[2026-03-07 18:00:00] [INFO] Skill source: /Users/clawdia/.openclaw/workspace/skills/email-ops/SKILL.md
[2026-03-07 18:00:00] [INFO] Checking for IHS Towers emails...
[2026-03-07 18:00:00] [SUCCESS] No unread IHS Towers emails found
[2026-03-07 18:00:00] [INFO] Starting batch email processing
[2026-03-07 18:00:00] [INFO] Fetching up to 5 unread emails...
[2026-03-07 18:00:00] [ERROR] No accessible email account (Himalaya).
[2026-03-07 18:00:00] [INFO] Processed 0/0 emails in batch
[2026-03-07 18:00:00] [INFO] Checking for IHS Towers emails...
[2026-03-07 18:00:00] [SUCCESS] No unread IHS Towers emails found
[2026-03-07 18:00:00] [INFO] Summary report generated
[2026-03-07 18:00:00] [INFO] Cleaned up old cache files
[2026-03-07 18:00:00] [SUCCESS] Email processing completed successfully
[2026-03-07 19:00:00] [INFO] Starting consolidated email processor at Sat Mar  7 19:00:00 WAT 2026
[2026-03-07 19:00:00] [INFO] Policy guard OK (mode=iih)
[2026-03-07 19:00:00] [INFO] Policy source: /Users/clawdia/.openclaw/workspace/EMAIL_OPERATIONS_MASTER.md
[2026-03-07 19:00:00] [INFO] Skill source: /Users/clawdia/.openclaw/workspace/skills/email-ops/SKILL.md
[2026-03-07 19:00:00] [INFO] Checking for IHS Towers emails...
[2026-03-07 19:00:00] [SUCCESS] No unread IHS Towers emails found
[2026-03-07 19:00:00] [INFO] Starting batch email processing
[2026-03-07 19:00:00] [INFO] Fetching up to 5 unread emails...
[2026-03-07 19:00:00] [ERROR] No accessible email account (Himalaya).
[2026-03-07 19:00:00] [INFO] Processed 0/0 emails in batch
[2026-03-07 19:00:00] [INFO] Checking for IHS Towers emails...
[2026-03-07 19:00:00] [SUCCESS] No unread IHS Towers emails found
[2026-03-07 19:00:00] [INFO] Summary report generated
[2026-03-07 19:00:00] [INFO] Cleaned up old cache files
[2026-03-07 19:00:00] [SUCCESS] Email processing completed successfully
[2026-03-07 20:00:00] [INFO] Starting consolidated email processor at Sat Mar  7 20:00:00 WAT 2026
[2026-03-07 20:00:00] [INFO] Policy guard OK (mode=iih)
[2026-03-07 20:00:00] [INFO] Policy source: /Users/clawdia/.openclaw/workspace/EMAIL_OPERATIONS_MASTER.md
[2026-03-07 20:00:00] [INFO] Skill source: /Users/clawdia/.openclaw/workspace/skills/email-ops/SKILL.md
[2026-03-07 20:00:00] [INFO] Checking for IHS Towers emails...
[2026-03-07 20:00:00] [SUCCESS] No unread IHS Towers emails found
[2026-03-07 20:00:00] [INFO] Starting batch email processing
[2026-03-07 20:00:00] [INFO] Fetching up to 5 unread emails...
[2026-03-07 20:00:00] [ERROR] No accessible email account (Himalaya).
[2026-03-07 20:00:00] [INFO] Processed 0/0 emails in batch
[2026-03-07 20:00:00] [INFO] Checking for IHS Towers emails...
[2026-03-07 20:00:00] [SUCCESS] No unread IHS Towers emails found
[2026-03-07 20:00:00] [INFO] Summary report generated
[2026-03-07 20:00:00] [INFO] Cleaned up old cache files
[2026-03-07 20:00:00] [SUCCESS] Email processing completed successfully
[2026-03-07 21:00:00] [INFO] Starting consolidated email processor at Sat Mar  7 21:00:00 WAT 2026
[2026-03-07 21:00:00] [INFO] Policy guard OK (mode=iih)
[2026-03-07 21:00:00] [INFO] Policy source: /Users/clawdia/.openclaw/workspace/EMAIL_OPERATIONS_MASTER.md
[2026-03-07 21:00:00] [INFO] Skill source: /Users/clawdia/.openclaw/workspace/skills/email-ops/SKILL.md
[2026-03-07 21:00:00] [INFO] Checking for IHS Towers emails...
[2026-03-07 21:00:00] [SUCCESS] No unread IHS Towers emails found
[2026-03-07 21:00:00] [INFO] Starting batch email processing
[2026-03-07 21:00:00] [INFO] Fetching up to 5 unread emails...
[2026-03-07 21:00:00] [ERROR] No accessible email account (Himalaya).
[2026-03-07 21:00:00] [INFO] Processed 0/0 emails in batch
[2026-03-07 21:00:00] [INFO] Checking for IHS Towers emails...
[2026-03-07 21:00:00] [SUCCESS] No unread IHS Towers emails found
[2026-03-07 21:00:00] [INFO] Summary report generated
[2026-03-07 21:00:00] [INFO] Cleaned up old cache files
[2026-03-07 21:00:00] [SUCCESS] Email processing completed successfully
[2026-03-07 22:00:00] [INFO] Starting consolidated email processor at Sat Mar  7 22:00:00 WAT 2026
[2026-03-07 22:00:00] [INFO] Policy guard OK (mode=iih)
[2026-03-07 22:00:00] [INFO] Policy source: /Users/clawdia/.openclaw/workspace/EMAIL_OPERATIONS_MASTER.md
[2026-03-07 22:00:00] [INFO] Skill source: /Users/clawdia/.openclaw/workspace/skills/email-ops/SKILL.md
[2026-03-07 22:00:00] [INFO] Checking for IHS Towers emails...
[2026-03-07 22:00:00] [SUCCESS] No unread IHS Towers emails found
[2026-03-07 22:00:00] [INFO] Starting batch email processing
[2026-03-07 22:00:00] [INFO] Fetching up to 5 unread emails...
[2026-03-07 22:00:00] [ERROR] No accessible email account (Himalaya).
[2026-03-07 22:00:00] [INFO] Processed 0/0 emails in batch
[2026-03-07 22:00:00] [INFO] Checking for IHS Towers emails...
[2026-03-07 22:00:00] [SUCCESS] No unread IHS Towers emails found
[2026-03-07 22:00:00] [INFO] Summary report generated
[2026-03-07 22:00:00] [INFO] Cleaned up old cache files
[2026-03-07 22:00:00] [SUCCESS] Email processing completed successfully
[2026-03-07 23:00:00] [INFO] Starting consolidated email processor at Sat Mar  7 23:00:00 WAT 2026
[2026-03-07 23:00:00] [INFO] Policy guard OK (mode=iih)
[2026-03-07 23:00:00] [INFO] Policy source: /Users/clawdia/.openclaw/workspace/EMAIL_OPERATIONS_MASTER.md
[2026-03-07 23:00:00] [INFO] Skill source: /Users/clawdia/.openclaw/workspace/skills/email-ops/SKILL.md
[2026-03-07 23:00:00] [INFO] Quiet hours (23:00-08:00) - only checking IHS Towers emails
[2026-03-07 23:00:00] [INFO] Checking for IHS Towers emails...
[2026-03-07 23:00:00] [SUCCESS] No unread IHS Towers emails found
[2026-03-07 23:00:00] [INFO] Quiet hours - skipping regular processing
