[2026-03-08 00:00:01] [INFO] Starting consolidated email processor at Sun Mar  8 00:00:01 WAT 2026
[2026-03-08 00:00:01] [INFO] Policy guard OK (mode=iih)
[2026-03-08 00:00:01] [INFO] Policy source: /Users/clawdia/.openclaw/workspace/EMAIL_OPERATIONS_MASTER.md
[2026-03-08 00:00:01] [INFO] Skill source: /Users/clawdia/.openclaw/workspace/skills/email-ops/SKILL.md
[2026-03-08 00:00:01] [INFO] Quiet hours (23:00-08:00) - only checking IHS Towers emails
[2026-03-08 00:00:01] [INFO] Checking for IHS Towers emails...
[2026-03-08 00:00:01] [SUCCESS] No unread IHS Towers emails found
[2026-03-08 00:00:01] [INFO] Quiet hours - skipping regular processing
[2026-03-08 01:00:00] [INFO] Starting consolidated email processor at Sun Mar  8 01:00:00 WAT 2026
[2026-03-08 01:00:00] [INFO] Policy guard OK (mode=iih)
[2026-03-08 01:00:00] [INFO] Policy source: /Users/clawdia/.openclaw/workspace/EMAIL_OPERATIONS_MASTER.md
[2026-03-08 01:00:00] [INFO] Skill source: /Users/clawdia/.openclaw/workspace/skills/email-ops/SKILL.md
[2026-03-08 01:00:00] [INFO] Quiet hours (23:00-08:00) - only checking IHS Towers emails
[2026-03-08 01:00:00] [INFO] Checking for IHS Towers emails...
[2026-03-08 01:00:00] [SUCCESS] No unread IHS Towers emails found
[2026-03-08 01:00:00] [INFO] Quiet hours - skipping regular processing
[2026-03-08 02:00:00] [INFO] Starting consolidated email processor at Sun Mar  8 02:00:00 WAT 2026
[2026-03-08 02:00:00] [INFO] Policy guard OK (mode=iih)
[2026-03-08 02:00:00] [INFO] Policy source: /Users/clawdia/.openclaw/workspace/EMAIL_OPERATIONS_MASTER.md
[2026-03-08 02:00:00] [INFO] Skill source: /Users/clawdia/.openclaw/workspace/skills/email-ops/SKILL.md
[2026-03-08 02:00:00] [INFO] Quiet hours (23:00-08:00) - only checking IHS Towers emails
[2026-03-08 02:00:00] [INFO] Checking for IHS Towers emails...
[2026-03-08 02:00:00] [SUCCESS] No unread IHS Towers emails found
[2026-03-08 02:00:00] [INFO] Quiet hours - skipping regular processing
[2026-03-08 03:00:00] [INFO] Starting consolidated email processor at Sun Mar  8 03:00:00 WAT 2026
[2026-03-08 03:00:00] [INFO] Policy guard OK (mode=iih)
[2026-03-08 03:00:00] [INFO] Policy source: /Users/clawdia/.openclaw/workspace/EMAIL_OPERATIONS_MASTER.md
[2026-03-08 03:00:00] [INFO] Skill source: /Users/clawdia/.openclaw/workspace/skills/email-ops/SKILL.md
[2026-03-08 03:00:00] [INFO] Quiet hours (23:00-08:00) - only checking IHS Towers emails
[2026-03-08 03:00:00] [INFO] Checking for IHS Towers emails...
[2026-03-08 03:00:00] [SUCCESS] No unread IHS Towers emails found
[2026-03-08 03:00:00] [INFO] Quiet hours - skipping regular processing
[2026-03-08 04:00:00] [INFO] Starting consolidated email processor at Sun Mar  8 04:00:00 WAT 2026
[2026-03-08 04:00:00] [INFO] Policy guard OK (mode=iih)
[2026-03-08 04:00:00] [INFO] Policy source: /Users/clawdia/.openclaw/workspace/EMAIL_OPERATIONS_MASTER.md
[2026-03-08 04:00:00] [INFO] Skill source: /Users/clawdia/.openclaw/workspace/skills/email-ops/SKILL.md
[2026-03-08 04:00:00] [INFO] Quiet hours (23:00-08:00) - only checking IHS Towers emails
[2026-03-08 04:00:00] [INFO] Checking for IHS Towers emails...
[2026-03-08 04:00:00] [SUCCESS] No unread IHS Towers emails found
[2026-03-08 04:00:00] [INFO] Quiet hours - skipping regular processing
[2026-03-08 05:00:00] [INFO] Starting consolidated email processor at Sun Mar  8 05:00:00 WAT 2026
[2026-03-08 05:00:00] [INFO] Policy guard OK (mode=iih)
[2026-03-08 05:00:00] [INFO] Policy source: /Users/clawdia/.openclaw/workspace/EMAIL_OPERATIONS_MASTER.md
[2026-03-08 05:00:00] [INFO] Skill source: /Users/clawdia/.openclaw/workspace/skills/email-ops/SKILL.md
[2026-03-08 05:00:00] [INFO] Quiet hours (23:00-08:00) - only checking IHS Towers emails
[2026-03-08 05:00:00] [INFO] Checking for IHS Towers emails...
[2026-03-08 05:00:00] [SUCCESS] No unread IHS Towers emails found
[2026-03-08 05:00:00] [INFO] Quiet hours - skipping regular processing
[2026-03-08 05:30:04] [INFO] Starting consolidated email processor at Sun Mar  8 05:30:04 WAT 2026
[2026-03-08 05:30:04] [INFO] Policy guard OK (mode=iih)
[2026-03-08 05:30:04] [INFO] Policy source: /Users/clawdia/.openclaw/workspace/EMAIL_OPERATIONS_MASTER.md
[2026-03-08 05:30:04] [INFO] Skill source: /Users/clawdia/.openclaw/workspace/skills/email-ops/SKILL.md
[2026-03-08 05:30:04] [INFO] Quiet hours (23:00-08:00) - only checking IHS Towers emails
[2026-03-08 05:30:04] [INFO] Checking for IHS Towers emails...
[2026-03-08 05:30:10] [WARN] Found 2 unread IHS Towers email(s) - immediate escalation required
[2026-03-08 06:00:00] [INFO] Starting consolidated email processor at Sun Mar  8 06:00:00 WAT 2026
[2026-03-08 06:00:00] [INFO] Policy guard OK (mode=iih)
[2026-03-08 06:00:00] [INFO] Policy source: /Users/clawdia/.openclaw/workspace/EMAIL_OPERATIONS_MASTER.md
[2026-03-08 06:00:00] [INFO] Skill source: /Users/clawdia/.openclaw/workspace/skills/email-ops/SKILL.md
[2026-03-08 06:00:00] [INFO] Quiet hours (23:00-08:00) - only checking IHS Towers emails
[2026-03-08 06:00:00] [INFO] Checking for IHS Towers emails...
[2026-03-08 06:00:00] [SUCCESS] No unread IHS Towers emails found
[2026-03-08 06:00:00] [INFO] Quiet hours - skipping regular processing
[2026-03-08 07:00:00] [INFO] Starting consolidated email processor at Sun Mar  8 07:00:00 WAT 2026
[2026-03-08 07:00:00] [INFO] Policy guard OK (mode=iih)
[2026-03-08 07:00:00] [INFO] Policy source: /Users/clawdia/.openclaw/workspace/EMAIL_OPERATIONS_MASTER.md
[2026-03-08 07:00:00] [INFO] Skill source: /Users/clawdia/.openclaw/workspace/skills/email-ops/SKILL.md
[2026-03-08 07:00:00] [INFO] Quiet hours (23:00-08:00) - only checking IHS Towers emails
[2026-03-08 07:00:00] [INFO] Checking for IHS Towers emails...
[2026-03-08 07:00:00] [SUCCESS] No unread IHS Towers emails found
[2026-03-08 07:00:00] [INFO] Quiet hours - skipping regular processing
[2026-03-08 08:00:01] [INFO] Starting consolidated email processor at Sun Mar  8 08:00:01 WAT 2026
[2026-03-08 08:00:01] [INFO] Policy guard OK (mode=iih)
[2026-03-08 08:00:01] [INFO] Policy source: /Users/clawdia/.openclaw/workspace/EMAIL_OPERATIONS_MASTER.md
[2026-03-08 08:00:01] [INFO] Skill source: /Users/clawdia/.openclaw/workspace/skills/email-ops/SKILL.md
[2026-03-08 08:00:01] [INFO] Checking for IHS Towers emails...
[2026-03-08 08:00:01] [SUCCESS] No unread IHS Towers emails found
[2026-03-08 08:00:01] [INFO] Starting batch email processing
[2026-03-08 08:00:01] [INFO] Fetching up to 5 unread emails...
[2026-03-08 08:00:01] [ERROR] No accessible email account (Himalaya).
[2026-03-08 08:00:01] [INFO] Processed 0/0 emails in batch
[2026-03-08 08:00:01] [INFO] Checking for IHS Towers emails...
[2026-03-08 08:00:01] [SUCCESS] No unread IHS Towers emails found
[2026-03-08 08:00:01] [INFO] Summary report generated
[2026-03-08 08:00:01] [INFO] Cleaned up old cache files
[2026-03-08 08:00:01] [SUCCESS] Email processing completed successfully
[2026-03-08 09:00:00] [INFO] Starting consolidated email processor at Sun Mar  8 09:00:00 WAT 2026
[2026-03-08 09:00:00] [INFO] Policy guard OK (mode=iih)
[2026-03-08 09:00:00] [INFO] Policy source: /Users/clawdia/.openclaw/workspace/EMAIL_OPERATIONS_MASTER.md
[2026-03-08 09:00:00] [INFO] Skill source: /Users/clawdia/.openclaw/workspace/skills/email-ops/SKILL.md
[2026-03-08 09:00:00] [INFO] Checking for IHS Towers emails...
[2026-03-08 09:00:00] [SUCCESS] No unread IHS Towers emails found
[2026-03-08 09:00:00] [INFO] Starting batch email processing
[2026-03-08 09:00:00] [INFO] Fetching up to 5 unread emails...
[2026-03-08 09:00:00] [ERROR] No accessible email account (Himalaya).
[2026-03-08 09:00:00] [INFO] Processed 0/0 emails in batch
[2026-03-08 09:00:00] [INFO] Checking for IHS Towers emails...
[2026-03-08 09:00:00] [SUCCESS] No unread IHS Towers emails found
[2026-03-08 09:00:00] [INFO] Summary report generated
[2026-03-08 09:00:00] [INFO] Cleaned up old cache files
[2026-03-08 09:00:00] [SUCCESS] Email processing completed successfully
[2026-03-08 10:00:00] [INFO] Starting consolidated email processor at Sun Mar  8 10:00:00 WAT 2026
[2026-03-08 10:00:00] [INFO] Policy guard OK (mode=iih)
[2026-03-08 10:00:00] [INFO] Policy source: /Users/clawdia/.openclaw/workspace/EMAIL_OPERATIONS_MASTER.md
[2026-03-08 10:00:00] [INFO] Skill source: /Users/clawdia/.openclaw/workspace/skills/email-ops/SKILL.md
[2026-03-08 10:00:00] [INFO] Checking for IHS Towers emails...
[2026-03-08 10:00:00] [SUCCESS] No unread IHS Towers emails found
[2026-03-08 10:00:00] [INFO] Starting batch email processing
[2026-03-08 10:00:01] [INFO] Fetching up to 5 unread emails...
[2026-03-08 10:00:01] [ERROR] No accessible email account (Himalaya).
[2026-03-08 10:00:01] [INFO] Processed 0/0 emails in batch
[2026-03-08 10:00:01] [INFO] Checking for IHS Towers emails...
[2026-03-08 10:00:01] [SUCCESS] No unread IHS Towers emails found
[2026-03-08 10:00:01] [INFO] Summary report generated
[2026-03-08 10:00:01] [INFO] Cleaned up old cache files
[2026-03-08 10:00:01] [SUCCESS] Email processing completed successfully
[2026-03-08 11:00:00] [INFO] Starting consolidated email processor at Sun Mar  8 11:00:00 WAT 2026
[2026-03-08 11:00:00] [INFO] Policy guard OK (mode=iih)
[2026-03-08 11:00:00] [INFO] Policy source: /Users/clawdia/.openclaw/workspace/EMAIL_OPERATIONS_MASTER.md
[2026-03-08 11:00:00] [INFO] Skill source: /Users/clawdia/.openclaw/workspace/skills/email-ops/SKILL.md
[2026-03-08 11:00:00] [INFO] Checking for IHS Towers emails...
[2026-03-08 11:00:00] [SUCCESS] No unread IHS Towers emails found
[2026-03-08 11:00:00] [INFO] Starting batch email processing
[2026-03-08 11:00:00] [INFO] Fetching up to 5 unread emails...
[2026-03-08 11:00:00] [ERROR] No accessible email account (Himalaya).
[2026-03-08 11:00:00] [INFO] Processed 0/0 emails in batch
[2026-03-08 11:00:00] [INFO] Checking for IHS Towers emails...
[2026-03-08 11:00:00] [SUCCESS] No unread IHS Towers emails found
[2026-03-08 11:00:00] [INFO] Summary report generated
[2026-03-08 11:00:00] [INFO] Cleaned up old cache files
[2026-03-08 11:00:00] [SUCCESS] Email processing completed successfully
[2026-03-08 12:00:00] [INFO] Starting consolidated email processor at Sun Mar  8 12:00:00 WAT 2026
[2026-03-08 12:00:00] [INFO] Policy guard OK (mode=iih)
[2026-03-08 12:00:00] [INFO] Policy source: /Users/clawdia/.openclaw/workspace/EMAIL_OPERATIONS_MASTER.md
[2026-03-08 12:00:00] [INFO] Skill source: /Users/clawdia/.openclaw/workspace/skills/email-ops/SKILL.md
[2026-03-08 12:00:00] [INFO] Checking for IHS Towers emails...
[2026-03-08 12:00:00] [SUCCESS] No unread IHS Towers emails found
[2026-03-08 12:00:00] [INFO] Starting batch email processing
[2026-03-08 12:00:00] [INFO] Fetching up to 5 unread emails...
[2026-03-08 12:00:00] [ERROR] No accessible email account (Himalaya).
[2026-03-08 12:00:00] [INFO] Processed 0/0 emails in batch
[2026-03-08 12:00:00] [INFO] Checking for IHS Towers emails...
[2026-03-08 12:00:00] [SUCCESS] No unread IHS Towers emails found
[2026-03-08 12:00:00] [INFO] Summary report generated
[2026-03-08 12:00:00] [INFO] Cleaned up old cache files
[2026-03-08 12:00:00] [SUCCESS] Email processing completed successfully
[2026-03-08 13:00:00] [INFO] Starting consolidated email processor at Sun Mar  8 13:00:00 WAT 2026
[2026-03-08 13:00:00] [INFO] Policy guard OK (mode=iih)
[2026-03-08 13:00:00] [INFO] Policy source: /Users/clawdia/.openclaw/workspace/EMAIL_OPERATIONS_MASTER.md
[2026-03-08 13:00:00] [INFO] Skill source: /Users/clawdia/.openclaw/workspace/skills/email-ops/SKILL.md
[2026-03-08 13:00:00] [INFO] Checking for IHS Towers emails...
[2026-03-08 13:00:00] [SUCCESS] No unread IHS Towers emails found
[2026-03-08 13:00:00] [INFO] Starting batch email processing
[2026-03-08 13:00:00] [INFO] Fetching up to 5 unread emails...
[2026-03-08 13:00:00] [ERROR] No accessible email account (Himalaya).
[2026-03-08 13:00:00] [INFO] Processed 0/0 emails in batch
[2026-03-08 13:00:00] [INFO] Checking for IHS Towers emails...
[2026-03-08 13:00:00] [SUCCESS] No unread IHS Towers emails found
[2026-03-08 13:00:00] [INFO] Summary report generated
[2026-03-08 13:00:00] [INFO] Cleaned up old cache files
[2026-03-08 13:00:00] [SUCCESS] Email processing completed successfully
[2026-03-08 14:00:00] [INFO] Starting consolidated email processor at Sun Mar  8 14:00:00 WAT 2026
[2026-03-08 14:00:00] [INFO] Policy guard OK (mode=iih)
[2026-03-08 14:00:01] [INFO] Policy source: /Users/clawdia/.openclaw/workspace/EMAIL_OPERATIONS_MASTER.md
[2026-03-08 14:00:01] [INFO] Skill source: /Users/clawdia/.openclaw/workspace/skills/email-ops/SKILL.md
[2026-03-08 14:00:01] [INFO] Checking for IHS Towers emails...
[2026-03-08 14:00:01] [SUCCESS] No unread IHS Towers emails found
[2026-03-08 14:00:01] [INFO] Starting batch email processing
[2026-03-08 14:00:01] [INFO] Fetching up to 5 unread emails...
[2026-03-08 14:00:01] [ERROR] No accessible email account (Himalaya).
[2026-03-08 14:00:01] [INFO] Processed 0/0 emails in batch
[2026-03-08 14:00:01] [INFO] Checking for IHS Towers emails...
[2026-03-08 14:00:01] [SUCCESS] No unread IHS Towers emails found
[2026-03-08 14:00:01] [INFO] Summary report generated
[2026-03-08 14:00:01] [INFO] Cleaned up old cache files
[2026-03-08 14:00:01] [SUCCESS] Email processing completed successfully
[2026-03-08 15:00:00] [INFO] Starting consolidated email processor at Sun Mar  8 15:00:00 WAT 2026
[2026-03-08 15:00:00] [INFO] Policy guard OK (mode=iih)
[2026-03-08 15:00:00] [INFO] Policy source: /Users/clawdia/.openclaw/workspace/EMAIL_OPERATIONS_MASTER.md
[2026-03-08 15:00:00] [INFO] Skill source: /Users/clawdia/.openclaw/workspace/skills/email-ops/SKILL.md
[2026-03-08 15:00:00] [INFO] Checking for IHS Towers emails...
[2026-03-08 15:00:00] [SUCCESS] No unread IHS Towers emails found
[2026-03-08 15:00:00] [INFO] Starting batch email processing
[2026-03-08 15:00:00] [INFO] Fetching up to 5 unread emails...
[2026-03-08 15:00:00] [ERROR] No accessible email account (Himalaya).
[2026-03-08 15:00:00] [INFO] Processed 0/0 emails in batch
[2026-03-08 15:00:00] [INFO] Checking for IHS Towers emails...
[2026-03-08 15:00:00] [SUCCESS] No unread IHS Towers emails found
[2026-03-08 15:00:00] [INFO] Summary report generated
[2026-03-08 15:00:00] [INFO] Cleaned up old cache files
[2026-03-08 15:00:00] [SUCCESS] Email processing completed successfully
[2026-03-08 16:00:00] [INFO] Starting consolidated email processor at Sun Mar  8 16:00:00 WAT 2026
[2026-03-08 16:00:00] [INFO] Policy guard OK (mode=iih)
[2026-03-08 16:00:00] [INFO] Policy source: /Users/clawdia/.openclaw/workspace/EMAIL_OPERATIONS_MASTER.md
[2026-03-08 16:00:00] [INFO] Skill source: /Users/clawdia/.openclaw/workspace/skills/email-ops/SKILL.md
[2026-03-08 16:00:00] [INFO] Checking for IHS Towers emails...
[2026-03-08 16:00:00] [SUCCESS] No unread IHS Towers emails found
[2026-03-08 16:00:00] [INFO] Starting batch email processing
[2026-03-08 16:00:00] [INFO] Fetching up to 5 unread emails...
[2026-03-08 16:00:00] [ERROR] No accessible email account (Himalaya).
[2026-03-08 16:00:00] [INFO] Processed 0/0 emails in batch
[2026-03-08 16:00:00] [INFO] Checking for IHS Towers emails...
[2026-03-08 16:00:00] [SUCCESS] No unread IHS Towers emails found
[2026-03-08 16:00:00] [INFO] Summary report generated
[2026-03-08 16:00:00] [INFO] Cleaned up old cache files
[2026-03-08 16:00:00] [SUCCESS] Email processing completed successfully
[2026-03-08 17:00:00] [INFO] Starting consolidated email processor at Sun Mar  8 17:00:00 WAT 2026
[2026-03-08 17:00:00] [INFO] Policy guard OK (mode=iih)
[2026-03-08 17:00:00] [INFO] Policy source: /Users/clawdia/.openclaw/workspace/EMAIL_OPERATIONS_MASTER.md
[2026-03-08 17:00:00] [INFO] Skill source: /Users/clawdia/.openclaw/workspace/skills/email-ops/SKILL.md
[2026-03-08 17:00:00] [INFO] Checking for IHS Towers emails...
[2026-03-08 17:00:00] [SUCCESS] No unread IHS Towers emails found
[2026-03-08 17:00:00] [INFO] Starting batch email processing
[2026-03-08 17:00:00] [INFO] Fetching up to 5 unread emails...
[2026-03-08 17:00:00] [ERROR] No accessible email account (Himalaya).
[2026-03-08 17:00:00] [INFO] Processed 0/0 emails in batch
[2026-03-08 17:00:00] [INFO] Checking for IHS Towers emails...
[2026-03-08 17:00:00] [SUCCESS] No unread IHS Towers emails found
[2026-03-08 17:00:00] [INFO] Summary report generated
[2026-03-08 17:00:01] [INFO] Cleaned up old cache files
[2026-03-08 17:00:01] [SUCCESS] Email processing completed successfully
[2026-03-08 17:25:20] [INFO] Starting consolidated email processor at Sun Mar  8 17:25:20 WAT 2026
[2026-03-08 17:25:20] [INFO] Policy guard OK (mode=iih)
[2026-03-08 17:25:20] [INFO] Policy source: /Users/clawdia/.openclaw/workspace/EMAIL_OPERATIONS_MASTER.md
[2026-03-08 17:25:20] [INFO] Skill source: /Users/clawdia/.openclaw/workspace/skills/email-ops/SKILL.md
[2026-03-08 17:25:20] [INFO] Checking for IHS Towers emails...
[2026-03-08 17:25:28] [WARN] Found 2 unread IHS Towers email(s) - immediate escalation required
[2026-03-08 17:25:28] [ERROR] IHS Towers alert - stopping further processing
[2026-03-08 17:25:36] [INFO] Starting consolidated email processor at Sun Mar  8 17:25:36 WAT 2026
[2026-03-08 17:25:36] [INFO] Policy guard OK (mode=iih)
[2026-03-08 17:25:36] [INFO] Policy source: /Users/clawdia/.openclaw/workspace/EMAIL_OPERATIONS_MASTER.md
[2026-03-08 17:25:36] [INFO] Skill source: /Users/clawdia/.openclaw/workspace/skills/email-ops/SKILL.md
[2026-03-08 17:25:36] [INFO] Checking for IHS Towers emails...
[2026-03-08 17:25:41] [WARN] Found 2 unread IHS Towers email(s) - immediate escalation required
[2026-03-08 17:25:42] [ERROR] IHS Towers alert - stopping further processing
[2026-03-08 18:00:00] [INFO] Starting consolidated email processor at Sun Mar  8 18:00:00 WAT 2026
[2026-03-08 18:00:00] [INFO] Policy guard OK (mode=iih)
[2026-03-08 18:00:00] [INFO] Policy source: /Users/clawdia/.openclaw/workspace/EMAIL_OPERATIONS_MASTER.md
[2026-03-08 18:00:00] [INFO] Skill source: /Users/clawdia/.openclaw/workspace/skills/email-ops/SKILL.md
[2026-03-08 18:00:00] [INFO] Checking for IHS Towers emails...
[2026-03-08 18:00:00] [SUCCESS] No unread IHS Towers emails found
[2026-03-08 18:00:00] [INFO] Starting batch email processing
[2026-03-08 18:00:00] [INFO] Fetching up to 5 unread emails...
[2026-03-08 18:00:00] [ERROR] No accessible email account (Himalaya).
[2026-03-08 18:00:00] [INFO] Processed 0/0 emails in batch
[2026-03-08 18:00:00] [INFO] Checking for IHS Towers emails...
[2026-03-08 18:00:00] [SUCCESS] No unread IHS Towers emails found
[2026-03-08 18:00:00] [INFO] Summary report generated
[2026-03-08 18:00:00] [INFO] Cleaned up old cache files
[2026-03-08 18:00:00] [SUCCESS] Email processing completed successfully
[2026-03-08 19:00:00] [INFO] Starting consolidated email processor at Sun Mar  8 19:00:00 WAT 2026
[2026-03-08 19:00:00] [INFO] Policy guard OK (mode=iih)
[2026-03-08 19:00:00] [INFO] Policy source: /Users/clawdia/.openclaw/workspace/EMAIL_OPERATIONS_MASTER.md
[2026-03-08 19:00:00] [INFO] Skill source: /Users/clawdia/.openclaw/workspace/skills/email-ops/SKILL.md
[2026-03-08 19:00:00] [INFO] Checking for IHS Towers emails...
[2026-03-08 19:00:00] [SUCCESS] No unread IHS Towers emails found
[2026-03-08 19:00:00] [INFO] Starting batch email processing
[2026-03-08 19:00:00] [INFO] Fetching up to 5 unread emails...
[2026-03-08 19:00:00] [ERROR] No accessible email account (Himalaya).
[2026-03-08 19:00:00] [INFO] Processed 0/0 emails in batch
[2026-03-08 19:00:00] [INFO] Checking for IHS Towers emails...
[2026-03-08 19:00:00] [SUCCESS] No unread IHS Towers emails found
[2026-03-08 19:00:00] [INFO] Summary report generated
[2026-03-08 19:00:00] [INFO] Cleaned up old cache files
[2026-03-08 19:00:00] [SUCCESS] Email processing completed successfully
[2026-03-08 20:00:00] [INFO] Starting consolidated email processor at Sun Mar  8 20:00:00 WAT 2026
[2026-03-08 20:00:00] [INFO] Policy guard OK (mode=iih)
[2026-03-08 20:00:00] [INFO] Policy source: /Users/clawdia/.openclaw/workspace/EMAIL_OPERATIONS_MASTER.md
[2026-03-08 20:00:00] [INFO] Skill source: /Users/clawdia/.openclaw/workspace/skills/email-ops/SKILL.md
[2026-03-08 20:00:00] [INFO] Checking for IHS Towers emails...
[2026-03-08 20:00:00] [SUCCESS] No unread IHS Towers emails found
[2026-03-08 20:00:00] [INFO] Starting batch email processing
[2026-03-08 20:00:00] [INFO] Fetching up to 5 unread emails...
[2026-03-08 20:00:00] [ERROR] No accessible email account (Himalaya).
[2026-03-08 20:00:00] [INFO] Processed 0/0 emails in batch
[2026-03-08 20:00:00] [INFO] Checking for IHS Towers emails...
[2026-03-08 20:00:00] [SUCCESS] No unread IHS Towers emails found
[2026-03-08 20:00:00] [INFO] Summary report generated
[2026-03-08 20:00:00] [INFO] Cleaned up old cache files
[2026-03-08 20:00:00] [SUCCESS] Email processing completed successfully
[2026-03-08 21:00:00] [INFO] Starting consolidated email processor at Sun Mar  8 21:00:00 WAT 2026
[2026-03-08 21:00:00] [INFO] Policy guard OK (mode=iih)
[2026-03-08 21:00:00] [INFO] Policy source: /Users/clawdia/.openclaw/workspace/EMAIL_OPERATIONS_MASTER.md
[2026-03-08 21:00:00] [INFO] Skill source: /Users/clawdia/.openclaw/workspace/skills/email-ops/SKILL.md
[2026-03-08 21:00:00] [INFO] Checking for IHS Towers emails...
[2026-03-08 21:00:00] [SUCCESS] No unread IHS Towers emails found
[2026-03-08 21:00:00] [INFO] Starting batch email processing
[2026-03-08 21:00:00] [INFO] Fetching up to 5 unread emails...
[2026-03-08 21:00:00] [ERROR] No accessible email account (Himalaya).
[2026-03-08 21:00:00] [INFO] Processed 0/0 emails in batch
[2026-03-08 21:00:00] [INFO] Checking for IHS Towers emails...
[2026-03-08 21:00:00] [SUCCESS] No unread IHS Towers emails found
[2026-03-08 21:00:00] [INFO] Summary report generated
[2026-03-08 21:00:00] [INFO] Cleaned up old cache files
[2026-03-08 21:00:00] [SUCCESS] Email processing completed successfully
[2026-03-08 22:00:00] [INFO] Starting consolidated email processor at Sun Mar  8 22:00:00 WAT 2026
[2026-03-08 22:00:00] [INFO] Policy guard OK (mode=iih)
[2026-03-08 22:00:00] [INFO] Policy source: /Users/clawdia/.openclaw/workspace/EMAIL_OPERATIONS_MASTER.md
[2026-03-08 22:00:00] [INFO] Skill source: /Users/clawdia/.openclaw/workspace/skills/email-ops/SKILL.md
[2026-03-08 22:00:00] [INFO] Checking for IHS Towers emails...
[2026-03-08 22:00:00] [SUCCESS] No unread IHS Towers emails found
[2026-03-08 22:00:00] [INFO] Starting batch email processing
[2026-03-08 22:00:00] [INFO] Fetching up to 5 unread emails...
[2026-03-08 22:00:00] [ERROR] No accessible email account (Himalaya).
[2026-03-08 22:00:00] [INFO] Processed 0/0 emails in batch
[2026-03-08 22:00:00] [INFO] Checking for IHS Towers emails...
[2026-03-08 22:00:00] [SUCCESS] No unread IHS Towers emails found
[2026-03-08 22:00:00] [INFO] Summary report generated
[2026-03-08 22:00:00] [INFO] Cleaned up old cache files
[2026-03-08 22:00:00] [SUCCESS] Email processing completed successfully
[2026-03-08 23:00:00] [INFO] Starting consolidated email processor at Sun Mar  8 23:00:00 WAT 2026
[2026-03-08 23:00:00] [INFO] Policy guard OK (mode=iih)
[2026-03-08 23:00:00] [INFO] Policy source: /Users/clawdia/.openclaw/workspace/EMAIL_OPERATIONS_MASTER.md
[2026-03-08 23:00:00] [INFO] Skill source: /Users/clawdia/.openclaw/workspace/skills/email-ops/SKILL.md
[2026-03-08 23:00:00] [INFO] Quiet hours (23:00-08:00) - only checking IHS Towers emails
[2026-03-08 23:00:00] [INFO] Checking for IHS Towers emails...
[2026-03-08 23:00:00] [SUCCESS] No unread IHS Towers emails found
[2026-03-08 23:00:00] [INFO] Quiet hours - skipping regular processing
