[2026-03-14 15:00:00] [INFO] Starting consolidated email processor at Sat Mar 14 15:00:00 WAT 2026
[2026-03-14 15:00:00] [INFO] Policy guard OK (mode=iih)
[2026-03-14 15:00:00] [INFO] Policy source: /Users/clawdia/.openclaw/workspace/EMAIL_OPERATIONS_MASTER.md
[2026-03-14 15:00:00] [INFO] Skill source: /Users/clawdia/.openclaw/workspace/skills/email-ops/SKILL.md
[2026-03-14 15:00:00] [INFO] Checking for IHS Towers emails...
[2026-03-14 15:00:00] [SUCCESS] No unread IHS Towers emails found
[2026-03-14 15:00:00] [INFO] Starting batch email processing
[2026-03-14 15:00:00] [INFO] Fetching up to 5 unread emails...
[2026-03-14 15:00:01] [ERROR] No accessible email account (Himalaya).
[2026-03-14 15:00:01] [INFO] Processed 0/0 emails in batch
[2026-03-14 15:00:01] [INFO] Checking for IHS Towers emails...
[2026-03-14 15:00:01] [SUCCESS] No unread IHS Towers emails found
[2026-03-14 15:00:01] [INFO] Summary report generated
[2026-03-14 15:00:01] [INFO] Cleaned up old cache files
[2026-03-14 15:00:01] [SUCCESS] Email processing completed successfully
[2026-03-14 15:15:11] [INFO] Starting consolidated email processor at Sat Mar 14 15:15:11 WAT 2026
[2026-03-14 15:15:11] [INFO] Policy guard OK (mode=iih)
[2026-03-14 15:15:11] [INFO] Policy source: /Users/clawdia/.openclaw/workspace/EMAIL_OPERATIONS_MASTER.md
[2026-03-14 15:15:11] [INFO] Skill source: /Users/clawdia/.openclaw/workspace/skills/email-ops/SKILL.md
[2026-03-14 15:15:11] [INFO] Checking for IHS Towers emails...
[2026-03-14 15:15:19] [WARN] Found 10 unread IHS Towers email(s) - immediate escalation required
[2026-03-14 15:15:20] [ERROR] IHS Towers alert - stopping further processing
[2026-03-14 16:00:00] [INFO] Starting consolidated email processor at Sat Mar 14 16:00:00 WAT 2026
[2026-03-14 16:00:00] [INFO] Policy guard OK (mode=iih)
[2026-03-14 16:00:00] [INFO] Policy source: /Users/clawdia/.openclaw/workspace/EMAIL_OPERATIONS_MASTER.md
[2026-03-14 16:00:00] [INFO] Skill source: /Users/clawdia/.openclaw/workspace/skills/email-ops/SKILL.md
[2026-03-14 16:00:00] [INFO] Checking for IHS Towers emails...
[2026-03-14 16:00:00] [SUCCESS] No unread IHS Towers emails found
[2026-03-14 16:00:00] [INFO] Starting batch email processing
[2026-03-14 16:00:00] [INFO] Fetching up to 5 unread emails...
[2026-03-14 16:00:00] [ERROR] No accessible email account (Himalaya).
[2026-03-14 16:00:00] [INFO] Processed 0/0 emails in batch
[2026-03-14 16:00:00] [INFO] Checking for IHS Towers emails...
[2026-03-14 16:00:00] [SUCCESS] No unread IHS Towers emails found
[2026-03-14 16:00:00] [INFO] Summary report generated
[2026-03-14 16:00:00] [INFO] Cleaned up old cache files
[2026-03-14 16:00:00] [SUCCESS] Email processing completed successfully
[2026-03-14 17:00:00] [INFO] Starting consolidated email processor at Sat Mar 14 17:00:00 WAT 2026
[2026-03-14 17:00:00] [INFO] Policy guard OK (mode=iih)
[2026-03-14 17:00:00] [INFO] Policy source: /Users/clawdia/.openclaw/workspace/EMAIL_OPERATIONS_MASTER.md
[2026-03-14 17:00:00] [INFO] Skill source: /Users/clawdia/.openclaw/workspace/skills/email-ops/SKILL.md
[2026-03-14 17:00:00] [INFO] Checking for IHS Towers emails...
[2026-03-14 17:00:00] [SUCCESS] No unread IHS Towers emails found
[2026-03-14 17:00:00] [INFO] Starting batch email processing
[2026-03-14 17:00:00] [INFO] Fetching up to 5 unread emails...
[2026-03-14 17:00:00] [ERROR] No accessible email account (Himalaya).
[2026-03-14 17:00:00] [INFO] Processed 0/0 emails in batch
[2026-03-14 17:00:00] [INFO] Checking for IHS Towers emails...
[2026-03-14 17:00:00] [SUCCESS] No unread IHS Towers emails found
[2026-03-14 17:00:00] [INFO] Summary report generated
[2026-03-14 17:00:00] [INFO] Cleaned up old cache files
[2026-03-14 17:00:00] [SUCCESS] Email processing completed successfully
[2026-03-14 18:00:01] [INFO] Starting consolidated email processor at Sat Mar 14 18:00:01 WAT 2026
[2026-03-14 18:00:01] [INFO] Policy guard OK (mode=iih)
[2026-03-14 18:00:01] [INFO] Policy source: /Users/clawdia/.openclaw/workspace/EMAIL_OPERATIONS_MASTER.md
[2026-03-14 18:00:01] [INFO] Skill source: /Users/clawdia/.openclaw/workspace/skills/email-ops/SKILL.md
[2026-03-14 18:00:01] [INFO] Checking for IHS Towers emails...
[2026-03-14 18:00:01] [SUCCESS] No unread IHS Towers emails found
[2026-03-14 18:00:01] [INFO] Starting batch email processing
[2026-03-14 18:00:01] [INFO] Fetching up to 5 unread emails...
[2026-03-14 18:00:01] [ERROR] No accessible email account (Himalaya).
[2026-03-14 18:00:01] [INFO] Processed 0/0 emails in batch
[2026-03-14 18:00:01] [INFO] Checking for IHS Towers emails...
[2026-03-14 18:00:01] [SUCCESS] No unread IHS Towers emails found
[2026-03-14 18:00:01] [INFO] Summary report generated
[2026-03-14 18:00:01] [INFO] Cleaned up old cache files
[2026-03-14 18:00:01] [SUCCESS] Email processing completed successfully
