[2026-04-01 00:20:59] [INFO] === OpenClaw Heartbeat Check Started ===
[2026-04-01 00:20:59] [INFO] Timestamp: Wed Apr  1 00:20:59 WAT 2026
[2026-04-01 00:20:59] [INFO] Workspace: /Users/clawdia/.openclaw/workspace
[2026-04-01 00:20:59] [INFO] HEARTBEAT.md file exists
[2026-04-01 00:20:59] [INFO] Checking system health...
[2026-04-01 00:20:59] [INFO] Disk usage: 52%
[2026-04-01 00:20:59] [INFO] OpenClaw gateway check skipped (requires gateway monitoring)
[2026-04-01 00:20:59] [SUCCESS] System health check completed
[2026-04-01 00:20:59] [INFO] Checking urgent escalation triggers...
[2026-04-01 00:20:59] [WARN] ALERT: Potential IHS Towers urgent email detected
[2026-04-01 00:20:59] [WARN] ALERT: Financial/contract exposure detected
[2026-04-01 00:20:59] [WARN] Found 2 urgent escalation trigger(s)
[2026-04-01 01:20:56] [INFO] === OpenClaw Heartbeat Check Started ===
[2026-04-01 01:20:56] [INFO] Timestamp: Wed Apr  1 01:20:56 WAT 2026
[2026-04-01 01:20:56] [INFO] Workspace: /Users/clawdia/.openclaw/workspace
[2026-04-01 01:20:56] [INFO] HEARTBEAT.md file exists
[2026-04-01 01:20:56] [INFO] Checking system health...
[2026-04-01 01:20:56] [INFO] Disk usage: 52%
[2026-04-01 01:20:56] [INFO] OpenClaw gateway check skipped (requires gateway monitoring)
[2026-04-01 01:20:56] [SUCCESS] System health check completed
[2026-04-01 01:20:56] [INFO] Checking urgent escalation triggers...
[2026-04-01 01:20:56] [WARN] ALERT: Potential IHS Towers urgent email detected
[2026-04-01 01:20:56] [WARN] ALERT: Financial/contract exposure detected
[2026-04-01 01:20:56] [WARN] Found 2 urgent escalation trigger(s)
[2026-04-01 01:21:05] [INFO] === OpenClaw Heartbeat Check Started ===
[2026-04-01 01:21:05] [INFO] Timestamp: Wed Apr  1 01:21:05 WAT 2026
[2026-04-01 01:21:05] [INFO] Workspace: /Users/clawdia/.openclaw/workspace
[2026-04-01 01:21:05] [INFO] HEARTBEAT.md file exists
[2026-04-01 01:21:05] [INFO] Checking system health...
[2026-04-01 01:21:05] [INFO] Disk usage: 52%
[2026-04-01 01:21:05] [INFO] OpenClaw gateway check skipped (requires gateway monitoring)
[2026-04-01 01:21:05] [SUCCESS] System health check completed
[2026-04-01 01:21:05] [INFO] Checking urgent escalation triggers...
[2026-04-01 01:21:05] [WARN] ALERT: Potential IHS Towers urgent email detected
[2026-04-01 01:21:05] [WARN] ALERT: Financial/contract exposure detected
[2026-04-01 01:21:05] [WARN] Found 2 urgent escalation trigger(s)
[2026-04-01 02:20:57] [INFO] === OpenClaw Heartbeat Check Started ===
[2026-04-01 02:20:57] [INFO] Timestamp: Wed Apr  1 02:20:57 WAT 2026
[2026-04-01 02:20:57] [INFO] Workspace: /Users/clawdia/.openclaw/workspace
[2026-04-01 02:20:57] [INFO] HEARTBEAT.md file exists
[2026-04-01 02:20:57] [INFO] Checking system health...
[2026-04-01 02:20:57] [INFO] Disk usage: 52%
[2026-04-01 02:20:57] [INFO] OpenClaw gateway check skipped (requires gateway monitoring)
[2026-04-01 02:20:57] [SUCCESS] System health check completed
[2026-04-01 02:20:57] [INFO] Checking urgent escalation triggers...
[2026-04-01 02:20:57] [WARN] ALERT: Potential IHS Towers urgent email detected
[2026-04-01 02:20:57] [WARN] ALERT: Financial/contract exposure detected
[2026-04-01 02:20:57] [WARN] Found 2 urgent escalation trigger(s)
[2026-04-01 03:21:15] [INFO] === OpenClaw Heartbeat Check Started ===
[2026-04-01 03:21:15] [INFO] Timestamp: Wed Apr  1 03:21:15 WAT 2026
[2026-04-01 03:21:15] [INFO] Workspace: /Users/clawdia/.openclaw/workspace
[2026-04-01 03:21:15] [INFO] HEARTBEAT.md file exists
[2026-04-01 03:21:15] [INFO] Checking system health...
[2026-04-01 03:21:15] [INFO] Disk usage: 52%
[2026-04-01 03:21:15] [INFO] OpenClaw gateway check skipped (requires gateway monitoring)
[2026-04-01 03:21:15] [SUCCESS] System health check completed
[2026-04-01 03:21:15] [INFO] Checking urgent escalation triggers...
[2026-04-01 03:21:15] [WARN] ALERT: Potential IHS Towers urgent email detected
[2026-04-01 03:21:15] [WARN] ALERT: Financial/contract exposure detected
[2026-04-01 03:21:15] [WARN] Found 2 urgent escalation trigger(s)
[2026-04-01 04:20:57] [INFO] === OpenClaw Heartbeat Check Started ===
[2026-04-01 04:20:57] [INFO] Timestamp: Wed Apr  1 04:20:57 WAT 2026
[2026-04-01 04:20:57] [INFO] Workspace: /Users/clawdia/.openclaw/workspace
[2026-04-01 04:20:57] [INFO] HEARTBEAT.md file exists
[2026-04-01 04:20:57] [INFO] Checking system health...
[2026-04-01 04:20:57] [INFO] Disk usage: 52%
[2026-04-01 04:20:57] [INFO] OpenClaw gateway check skipped (requires gateway monitoring)
[2026-04-01 04:20:57] [SUCCESS] System health check completed
[2026-04-01 04:20:57] [INFO] Checking urgent escalation triggers...
[2026-04-01 04:20:57] [WARN] ALERT: Potential IHS Towers urgent email detected
[2026-04-01 04:20:57] [WARN] ALERT: Financial/contract exposure detected
[2026-04-01 04:20:57] [WARN] Found 2 urgent escalation trigger(s)
[2026-04-01 05:20:57] [INFO] === OpenClaw Heartbeat Check Started ===
[2026-04-01 05:20:57] [INFO] Timestamp: Wed Apr  1 05:20:57 WAT 2026
[2026-04-01 05:20:57] [INFO] Workspace: /Users/clawdia/.openclaw/workspace
[2026-04-01 05:20:57] [INFO] HEARTBEAT.md file exists
[2026-04-01 05:20:57] [INFO] Checking system health...
[2026-04-01 05:20:57] [INFO] Disk usage: 52%
[2026-04-01 05:20:57] [INFO] OpenClaw gateway check skipped (requires gateway monitoring)
[2026-04-01 05:20:57] [SUCCESS] System health check completed
[2026-04-01 05:20:57] [INFO] Checking urgent escalation triggers...
[2026-04-01 05:20:57] [WARN] ALERT: Potential IHS Towers urgent email detected
[2026-04-01 05:20:57] [WARN] ALERT: Financial/contract exposure detected
[2026-04-01 05:20:57] [WARN] Found 2 urgent escalation trigger(s)
[2026-04-01 06:20:58] [INFO] === OpenClaw Heartbeat Check Started ===
[2026-04-01 06:20:58] [INFO] Timestamp: Wed Apr  1 06:20:58 WAT 2026
[2026-04-01 06:20:58] [INFO] Workspace: /Users/clawdia/.openclaw/workspace
[2026-04-01 06:20:58] [INFO] HEARTBEAT.md file exists
[2026-04-01 06:20:58] [INFO] Checking system health...
[2026-04-01 06:20:58] [INFO] Disk usage: 52%
[2026-04-01 06:20:58] [INFO] OpenClaw gateway check skipped (requires gateway monitoring)
[2026-04-01 06:20:58] [SUCCESS] System health check completed
[2026-04-01 06:20:58] [INFO] Checking urgent escalation triggers...
[2026-04-01 06:20:58] [WARN] ALERT: Potential IHS Towers urgent email detected
[2026-04-01 06:20:58] [WARN] ALERT: Financial/contract exposure detected
[2026-04-01 06:20:58] [WARN] Found 2 urgent escalation trigger(s)
[2026-04-01 07:21:05] [INFO] === OpenClaw Heartbeat Check Started ===
[2026-04-01 07:21:05] [INFO] Timestamp: Wed Apr  1 07:21:05 WAT 2026
[2026-04-01 07:21:05] [INFO] Workspace: /Users/clawdia/.openclaw/workspace
[2026-04-01 07:21:05] [INFO] HEARTBEAT.md file exists
[2026-04-01 07:21:05] [INFO] Checking system health...
[2026-04-01 07:21:05] [INFO] Disk usage: 52%
[2026-04-01 07:21:05] [INFO] OpenClaw gateway check skipped (requires gateway monitoring)
[2026-04-01 07:21:05] [SUCCESS] System health check completed
[2026-04-01 07:21:05] [INFO] Checking urgent escalation triggers...
[2026-04-01 07:21:05] [WARN] ALERT: Potential IHS Towers urgent email detected
[2026-04-01 07:21:05] [WARN] ALERT: Financial/contract exposure detected
[2026-04-01 07:21:05] [WARN] Found 2 urgent escalation trigger(s)
[2026-04-01 08:20:59] [INFO] === OpenClaw Heartbeat Check Started ===
[2026-04-01 08:20:59] [INFO] Timestamp: Wed Apr  1 08:20:59 WAT 2026
[2026-04-01 08:20:59] [INFO] Workspace: /Users/clawdia/.openclaw/workspace
[2026-04-01 08:20:59] [INFO] HEARTBEAT.md file exists
[2026-04-01 08:20:59] [INFO] Checking system health...
[2026-04-01 08:20:59] [INFO] Disk usage: 52%
[2026-04-01 08:20:59] [INFO] OpenClaw gateway check skipped (requires gateway monitoring)
[2026-04-01 08:20:59] [SUCCESS] System health check completed
[2026-04-01 08:20:59] [INFO] Checking urgent escalation triggers...
[2026-04-01 08:20:59] [WARN] ALERT: Potential IHS Towers urgent email detected
[2026-04-01 08:21:00] [WARN] ALERT: Financial/contract exposure detected
[2026-04-01 08:21:00] [WARN] Found 2 urgent escalation trigger(s)
[2026-04-01 09:21:09] [INFO] === OpenClaw Heartbeat Check Started ===
[2026-04-01 09:21:09] [INFO] Timestamp: Wed Apr  1 09:21:09 WAT 2026
[2026-04-01 09:21:09] [INFO] Workspace: /Users/clawdia/.openclaw/workspace
[2026-04-01 09:21:09] [INFO] HEARTBEAT.md file exists
[2026-04-01 09:21:09] [INFO] Checking system health...
[2026-04-01 09:21:09] [INFO] Disk usage: 52%
[2026-04-01 09:21:09] [INFO] OpenClaw gateway check skipped (requires gateway monitoring)
[2026-04-01 09:21:09] [SUCCESS] System health check completed
[2026-04-01 09:21:09] [INFO] Checking urgent escalation triggers...
[2026-04-01 09:21:09] [WARN] ALERT: Potential IHS Towers urgent email detected
[2026-04-01 09:21:09] [WARN] ALERT: Financial/contract exposure detected
[2026-04-01 09:21:09] [WARN] Found 2 urgent escalation trigger(s)
[2026-04-01 10:21:08] [INFO] === OpenClaw Heartbeat Check Started ===
[2026-04-01 10:21:08] [INFO] Timestamp: Wed Apr  1 10:21:08 WAT 2026
[2026-04-01 10:21:08] [INFO] Workspace: /Users/clawdia/.openclaw/workspace
[2026-04-01 10:21:08] [INFO] HEARTBEAT.md file exists
[2026-04-01 10:21:08] [INFO] Checking system health...
[2026-04-01 10:21:08] [INFO] Disk usage: 52%
[2026-04-01 10:21:08] [INFO] OpenClaw gateway check skipped (requires gateway monitoring)
[2026-04-01 10:21:08] [SUCCESS] System health check completed
[2026-04-01 10:21:08] [INFO] Checking urgent escalation triggers...
[2026-04-01 10:21:08] [WARN] ALERT: Potential IHS Towers urgent email detected
[2026-04-01 10:21:08] [WARN] ALERT: Financial/contract exposure detected
[2026-04-01 10:21:08] [WARN] Found 2 urgent escalation trigger(s)
[2026-04-01 11:20:59] [INFO] === OpenClaw Heartbeat Check Started ===
[2026-04-01 11:20:59] [INFO] Timestamp: Wed Apr  1 11:20:59 WAT 2026
[2026-04-01 11:20:59] [INFO] Workspace: /Users/clawdia/.openclaw/workspace
[2026-04-01 11:20:59] [INFO] HEARTBEAT.md file exists
[2026-04-01 11:20:59] [INFO] Checking system health...
[2026-04-01 11:20:59] [INFO] Disk usage: 52%
[2026-04-01 11:20:59] [INFO] OpenClaw gateway check skipped (requires gateway monitoring)
[2026-04-01 11:20:59] [SUCCESS] System health check completed
[2026-04-01 11:20:59] [INFO] Checking urgent escalation triggers...
[2026-04-01 11:20:59] [WARN] ALERT: Potential IHS Towers urgent email detected
[2026-04-01 11:21:00] [WARN] ALERT: Financial/contract exposure detected
[2026-04-01 11:21:00] [WARN] Found 2 urgent escalation trigger(s)
[2026-04-01 12:21:01] [INFO] === OpenClaw Heartbeat Check Started ===
[2026-04-01 12:21:01] [INFO] Timestamp: Wed Apr  1 12:21:01 WAT 2026
[2026-04-01 12:21:01] [INFO] Workspace: /Users/clawdia/.openclaw/workspace
[2026-04-01 12:21:01] [INFO] HEARTBEAT.md file exists
[2026-04-01 12:21:01] [INFO] Checking system health...
[2026-04-01 12:21:01] [INFO] Disk usage: 52%
[2026-04-01 12:21:01] [INFO] OpenClaw gateway check skipped (requires gateway monitoring)
[2026-04-01 12:21:01] [SUCCESS] System health check completed
[2026-04-01 12:21:01] [INFO] Checking urgent escalation triggers...
[2026-04-01 12:21:01] [WARN] ALERT: Potential IHS Towers urgent email detected
[2026-04-01 12:21:01] [WARN] ALERT: Financial/contract exposure detected
[2026-04-01 12:21:01] [WARN] Found 2 urgent escalation trigger(s)
[2026-04-01 13:20:59] [INFO] === OpenClaw Heartbeat Check Started ===
[2026-04-01 13:20:59] [INFO] Timestamp: Wed Apr  1 13:20:59 WAT 2026
[2026-04-01 13:20:59] [INFO] Workspace: /Users/clawdia/.openclaw/workspace
[2026-04-01 13:20:59] [INFO] HEARTBEAT.md file exists
[2026-04-01 13:20:59] [INFO] Checking system health...
[2026-04-01 13:20:59] [INFO] Disk usage: 52%
[2026-04-01 13:20:59] [INFO] OpenClaw gateway check skipped (requires gateway monitoring)
[2026-04-01 13:20:59] [SUCCESS] System health check completed
[2026-04-01 13:20:59] [INFO] Checking urgent escalation triggers...
[2026-04-01 13:20:59] [WARN] ALERT: Potential IHS Towers urgent email detected
[2026-04-01 13:20:59] [WARN] ALERT: Financial/contract exposure detected
[2026-04-01 13:20:59] [WARN] Found 2 urgent escalation trigger(s)
[2026-04-01 13:21:47] [INFO] === OpenClaw Heartbeat Check Started ===
[2026-04-01 13:21:47] [INFO] Timestamp: Wed Apr  1 13:21:47 WAT 2026
[2026-04-01 13:21:47] [INFO] Workspace: /Users/clawdia/.openclaw/workspace
[2026-04-01 13:21:47] [INFO] HEARTBEAT.md file exists
[2026-04-01 13:21:47] [INFO] Checking system health...
[2026-04-01 13:21:47] [INFO] Disk usage: 52%
[2026-04-01 13:21:47] [INFO] OpenClaw gateway check skipped (requires gateway monitoring)
[2026-04-01 13:21:47] [SUCCESS] System health check completed
[2026-04-01 13:21:47] [INFO] Checking urgent escalation triggers...
[2026-04-01 13:21:47] [WARN] ALERT: Potential IHS Towers urgent email detected
[2026-04-01 13:21:47] [WARN] ALERT: Financial/contract exposure detected
[2026-04-01 13:21:47] [WARN] Found 2 urgent escalation trigger(s)
[2026-04-01 14:21:00] [INFO] === OpenClaw Heartbeat Check Started ===
[2026-04-01 14:21:00] [INFO] Timestamp: Wed Apr  1 14:21:00 WAT 2026
[2026-04-01 14:21:00] [INFO] Workspace: /Users/clawdia/.openclaw/workspace
[2026-04-01 14:21:00] [INFO] HEARTBEAT.md file exists
[2026-04-01 14:21:00] [INFO] Checking system health...
[2026-04-01 14:21:00] [INFO] Disk usage: 52%
[2026-04-01 14:21:00] [INFO] OpenClaw gateway check skipped (requires gateway monitoring)
[2026-04-01 14:21:00] [SUCCESS] System health check completed
[2026-04-01 14:21:00] [INFO] Checking urgent escalation triggers...
[2026-04-01 14:21:00] [WARN] ALERT: Potential IHS Towers urgent email detected
[2026-04-01 14:21:00] [WARN] ALERT: Financial/contract exposure detected
[2026-04-01 14:21:00] [WARN] Found 2 urgent escalation trigger(s)
[2026-04-01 15:21:01] [INFO] === OpenClaw Heartbeat Check Started ===
[2026-04-01 15:21:01] [INFO] Timestamp: Wed Apr  1 15:21:01 WAT 2026
[2026-04-01 15:21:01] [INFO] Workspace: /Users/clawdia/.openclaw/workspace
[2026-04-01 15:21:01] [INFO] HEARTBEAT.md file exists
[2026-04-01 15:21:01] [INFO] Checking system health...
[2026-04-01 15:21:01] [INFO] Disk usage: 52%
[2026-04-01 15:21:01] [INFO] OpenClaw gateway check skipped (requires gateway monitoring)
[2026-04-01 15:21:01] [SUCCESS] System health check completed
[2026-04-01 15:21:01] [INFO] Checking urgent escalation triggers...
[2026-04-01 15:21:01] [WARN] ALERT: Potential IHS Towers urgent email detected
[2026-04-01 15:21:01] [WARN] ALERT: Financial/contract exposure detected
[2026-04-01 15:21:01] [WARN] Found 2 urgent escalation trigger(s)
[2026-04-01 16:20:59] [INFO] === OpenClaw Heartbeat Check Started ===
[2026-04-01 16:20:59] [INFO] Timestamp: Wed Apr  1 16:20:59 WAT 2026
[2026-04-01 16:20:59] [INFO] Workspace: /Users/clawdia/.openclaw/workspace
[2026-04-01 16:20:59] [INFO] HEARTBEAT.md file exists
[2026-04-01 16:20:59] [INFO] Checking system health...
[2026-04-01 16:20:59] [INFO] Disk usage: 52%
[2026-04-01 16:20:59] [INFO] OpenClaw gateway check skipped (requires gateway monitoring)
[2026-04-01 16:20:59] [SUCCESS] System health check completed
[2026-04-01 16:20:59] [INFO] Checking urgent escalation triggers...
[2026-04-01 16:20:59] [WARN] ALERT: Potential IHS Towers urgent email detected
[2026-04-01 16:20:59] [WARN] ALERT: Financial/contract exposure detected
[2026-04-01 16:20:59] [WARN] Found 2 urgent escalation trigger(s)
[2026-04-01 17:20:59] [INFO] === OpenClaw Heartbeat Check Started ===
[2026-04-01 17:20:59] [INFO] Timestamp: Wed Apr  1 17:20:59 WAT 2026
[2026-04-01 17:20:59] [INFO] Workspace: /Users/clawdia/.openclaw/workspace
[2026-04-01 17:20:59] [INFO] HEARTBEAT.md file exists
[2026-04-01 17:20:59] [INFO] Checking system health...
[2026-04-01 17:20:59] [INFO] Disk usage: 52%
[2026-04-01 17:20:59] [INFO] OpenClaw gateway check skipped (requires gateway monitoring)
[2026-04-01 17:20:59] [SUCCESS] System health check completed
[2026-04-01 17:20:59] [INFO] Checking urgent escalation triggers...
[2026-04-01 17:20:59] [WARN] ALERT: Potential IHS Towers urgent email detected
[2026-04-01 17:20:59] [WARN] ALERT: Financial/contract exposure detected
[2026-04-01 17:20:59] [WARN] Found 2 urgent escalation trigger(s)
[2026-04-01 18:20:59] [INFO] === OpenClaw Heartbeat Check Started ===
[2026-04-01 18:20:59] [INFO] Timestamp: Wed Apr  1 18:20:59 WAT 2026
[2026-04-01 18:20:59] [INFO] Workspace: /Users/clawdia/.openclaw/workspace
[2026-04-01 18:20:59] [INFO] HEARTBEAT.md file exists
[2026-04-01 18:20:59] [INFO] Checking system health...
[2026-04-01 18:20:59] [INFO] Disk usage: 52%
[2026-04-01 18:20:59] [INFO] OpenClaw gateway check skipped (requires gateway monitoring)
[2026-04-01 18:20:59] [SUCCESS] System health check completed
[2026-04-01 18:20:59] [INFO] Checking urgent escalation triggers...
[2026-04-01 18:20:59] [WARN] ALERT: Potential IHS Towers urgent email detected
[2026-04-01 18:20:59] [WARN] ALERT: Financial/contract exposure detected
[2026-04-01 18:20:59] [WARN] Found 2 urgent escalation trigger(s)
[2026-04-01 18:21:25] [INFO] === OpenClaw Heartbeat Check Started ===
[2026-04-01 18:21:25] [INFO] Timestamp: Wed Apr  1 18:21:25 WAT 2026
[2026-04-01 18:21:25] [INFO] Workspace: /Users/clawdia/.openclaw/workspace
[2026-04-01 18:21:25] [INFO] HEARTBEAT.md file exists
[2026-04-01 18:21:25] [INFO] Checking system health...
[2026-04-01 18:21:25] [INFO] Disk usage: 52%
[2026-04-01 18:21:25] [INFO] OpenClaw gateway check skipped (requires gateway monitoring)
[2026-04-01 18:21:25] [SUCCESS] System health check completed
[2026-04-01 18:21:25] [INFO] Checking urgent escalation triggers...
[2026-04-01 18:21:25] [WARN] ALERT: Potential IHS Towers urgent email detected
[2026-04-01 18:21:25] [WARN] ALERT: Financial/contract exposure detected
[2026-04-01 18:21:25] [WARN] Found 2 urgent escalation trigger(s)
[2026-04-01 19:21:07] [INFO] === OpenClaw Heartbeat Check Started ===
[2026-04-01 19:21:07] [INFO] Timestamp: Wed Apr  1 19:21:07 WAT 2026
[2026-04-01 19:21:07] [INFO] Workspace: /Users/clawdia/.openclaw/workspace
[2026-04-01 19:21:07] [INFO] HEARTBEAT.md file exists
[2026-04-01 19:21:07] [INFO] Checking system health...
[2026-04-01 19:21:07] [INFO] Disk usage: 52%
[2026-04-01 19:21:07] [INFO] OpenClaw gateway check skipped (requires gateway monitoring)
[2026-04-01 19:21:07] [SUCCESS] System health check completed
[2026-04-01 19:21:07] [INFO] Checking urgent escalation triggers...
[2026-04-01 19:21:07] [WARN] ALERT: Potential IHS Towers urgent email detected
[2026-04-01 19:21:07] [WARN] ALERT: Financial/contract exposure detected
[2026-04-01 19:21:07] [WARN] Found 2 urgent escalation trigger(s)
[2026-04-01 20:21:00] [INFO] === OpenClaw Heartbeat Check Started ===
[2026-04-01 20:21:00] [INFO] Timestamp: Wed Apr  1 20:21:00 WAT 2026
[2026-04-01 20:21:00] [INFO] Workspace: /Users/clawdia/.openclaw/workspace
[2026-04-01 20:21:00] [INFO] HEARTBEAT.md file exists
[2026-04-01 20:21:00] [INFO] Checking system health...
[2026-04-01 20:21:00] [INFO] Disk usage: 52%
[2026-04-01 20:21:00] [INFO] OpenClaw gateway check skipped (requires gateway monitoring)
[2026-04-01 20:21:00] [SUCCESS] System health check completed
[2026-04-01 20:21:00] [INFO] Checking urgent escalation triggers...
[2026-04-01 20:21:00] [WARN] ALERT: Potential IHS Towers urgent email detected
[2026-04-01 20:21:00] [WARN] ALERT: Financial/contract exposure detected
[2026-04-01 20:21:00] [WARN] Found 2 urgent escalation trigger(s)
[2026-04-01 21:20:57] [INFO] === OpenClaw Heartbeat Check Started ===
[2026-04-01 21:20:57] [INFO] Timestamp: Wed Apr  1 21:20:57 WAT 2026
[2026-04-01 21:20:57] [INFO] Workspace: /Users/clawdia/.openclaw/workspace
[2026-04-01 21:20:57] [INFO] HEARTBEAT.md file exists
[2026-04-01 21:20:57] [INFO] Checking system health...
[2026-04-01 21:20:57] [INFO] Disk usage: 52%
[2026-04-01 21:20:57] [INFO] OpenClaw gateway check skipped (requires gateway monitoring)
[2026-04-01 21:20:57] [SUCCESS] System health check completed
[2026-04-01 21:20:57] [INFO] Checking urgent escalation triggers...
[2026-04-01 21:20:57] [WARN] ALERT: Potential IHS Towers urgent email detected
[2026-04-01 21:20:57] [WARN] ALERT: Financial/contract exposure detected
[2026-04-01 21:20:57] [WARN] Found 2 urgent escalation trigger(s)
[2026-04-01 22:20:56] [INFO] === OpenClaw Heartbeat Check Started ===
[2026-04-01 22:20:56] [INFO] Timestamp: Wed Apr  1 22:20:56 WAT 2026
[2026-04-01 22:20:56] [INFO] Workspace: /Users/clawdia/.openclaw/workspace
[2026-04-01 22:20:56] [INFO] HEARTBEAT.md file exists
[2026-04-01 22:20:56] [INFO] Checking system health...
[2026-04-01 22:20:56] [INFO] Disk usage: 52%
[2026-04-01 22:20:56] [INFO] OpenClaw gateway check skipped (requires gateway monitoring)
[2026-04-01 22:20:56] [SUCCESS] System health check completed
[2026-04-01 22:20:56] [INFO] Checking urgent escalation triggers...
[2026-04-01 22:20:56] [WARN] ALERT: Potential IHS Towers urgent email detected
[2026-04-01 22:20:56] [WARN] ALERT: Financial/contract exposure detected
[2026-04-01 22:20:56] [WARN] Found 2 urgent escalation trigger(s)
[2026-04-01 23:20:56] [INFO] === OpenClaw Heartbeat Check Started ===
[2026-04-01 23:20:56] [INFO] Timestamp: Wed Apr  1 23:20:56 WAT 2026
[2026-04-01 23:20:56] [INFO] Workspace: /Users/clawdia/.openclaw/workspace
[2026-04-01 23:20:56] [INFO] HEARTBEAT.md file exists
[2026-04-01 23:20:56] [INFO] Checking system health...
[2026-04-01 23:20:56] [INFO] Disk usage: 52%
[2026-04-01 23:20:56] [INFO] OpenClaw gateway check skipped (requires gateway monitoring)
[2026-04-01 23:20:56] [SUCCESS] System health check completed
[2026-04-01 23:20:56] [INFO] Checking urgent escalation triggers...
[2026-04-01 23:20:56] [WARN] ALERT: Potential IHS Towers urgent email detected
[2026-04-01 23:20:56] [WARN] ALERT: Financial/contract exposure detected
[2026-04-01 23:20:56] [WARN] Found 2 urgent escalation trigger(s)
[2026-04-01 23:21:06] [INFO] === OpenClaw Heartbeat Check Started ===
[2026-04-01 23:21:06] [INFO] Timestamp: Wed Apr  1 23:21:06 WAT 2026
[2026-04-01 23:21:06] [INFO] Workspace: /Users/clawdia/.openclaw/workspace
[2026-04-01 23:21:06] [INFO] HEARTBEAT.md file exists
[2026-04-01 23:21:06] [INFO] Checking system health...
[2026-04-01 23:21:06] [INFO] Disk usage: 52%
[2026-04-01 23:21:06] [INFO] OpenClaw gateway check skipped (requires gateway monitoring)
[2026-04-01 23:21:06] [SUCCESS] System health check completed
[2026-04-01 23:21:06] [INFO] Checking urgent escalation triggers...
[2026-04-01 23:21:06] [WARN] ALERT: Potential IHS Towers urgent email detected
[2026-04-01 23:21:06] [WARN] ALERT: Financial/contract exposure detected
[2026-04-01 23:21:06] [WARN] Found 2 urgent escalation trigger(s)
