[2026-03-31 00:21:09] [INFO] === OpenClaw Heartbeat Check Started ===
[2026-03-31 00:21:09] [INFO] Timestamp: Tue Mar 31 00:21:09 WAT 2026
[2026-03-31 00:21:09] [INFO] Workspace: /Users/clawdia/.openclaw/workspace
[2026-03-31 00:21:09] [INFO] HEARTBEAT.md file exists
[2026-03-31 00:21:09] [INFO] Checking system health...
[2026-03-31 00:21:09] [INFO] Disk usage: 52%
[2026-03-31 00:21:09] [INFO] OpenClaw gateway check skipped (requires gateway monitoring)
[2026-03-31 00:21:09] [SUCCESS] System health check completed
[2026-03-31 00:21:09] [INFO] Checking urgent escalation triggers...
[2026-03-31 00:21:09] [WARN] ALERT: Potential IHS Towers urgent email detected
[2026-03-31 00:21:09] [WARN] ALERT: Financial/contract exposure detected
[2026-03-31 00:21:09] [WARN] Found 2 urgent escalation trigger(s)
[2026-03-31 01:20:54] [INFO] === OpenClaw Heartbeat Check Started ===
[2026-03-31 01:20:54] [INFO] Timestamp: Tue Mar 31 01:20:54 WAT 2026
[2026-03-31 01:20:54] [INFO] Workspace: /Users/clawdia/.openclaw/workspace
[2026-03-31 01:20:54] [INFO] HEARTBEAT.md file exists
[2026-03-31 01:20:54] [INFO] Checking system health...
[2026-03-31 01:20:54] [INFO] Disk usage: 51%
[2026-03-31 01:20:54] [INFO] OpenClaw gateway check skipped (requires gateway monitoring)
[2026-03-31 01:20:54] [SUCCESS] System health check completed
[2026-03-31 01:20:54] [INFO] Checking urgent escalation triggers...
[2026-03-31 01:20:55] [WARN] ALERT: Potential IHS Towers urgent email detected
[2026-03-31 01:20:55] [WARN] ALERT: Financial/contract exposure detected
[2026-03-31 01:20:55] [WARN] Found 2 urgent escalation trigger(s)
[2026-03-31 02:21:00] [INFO] === OpenClaw Heartbeat Check Started ===
[2026-03-31 02:21:00] [INFO] Timestamp: Tue Mar 31 02:21:00 WAT 2026
[2026-03-31 02:21:00] [INFO] Workspace: /Users/clawdia/.openclaw/workspace
[2026-03-31 02:21:00] [INFO] HEARTBEAT.md file exists
[2026-03-31 02:21:00] [INFO] Checking system health...
[2026-03-31 02:21:00] [INFO] Disk usage: 51%
[2026-03-31 02:21:00] [INFO] OpenClaw gateway check skipped (requires gateway monitoring)
[2026-03-31 02:21:00] [SUCCESS] System health check completed
[2026-03-31 02:21:00] [INFO] Checking urgent escalation triggers...
[2026-03-31 02:21:00] [WARN] ALERT: Potential IHS Towers urgent email detected
[2026-03-31 02:21:00] [WARN] ALERT: Financial/contract exposure detected
[2026-03-31 02:21:00] [WARN] Found 2 urgent escalation trigger(s)
[2026-03-31 03:20:59] [INFO] === OpenClaw Heartbeat Check Started ===
[2026-03-31 03:20:59] [INFO] Timestamp: Tue Mar 31 03:20:59 WAT 2026
[2026-03-31 03:20:59] [INFO] Workspace: /Users/clawdia/.openclaw/workspace
[2026-03-31 03:20:59] [INFO] HEARTBEAT.md file exists
[2026-03-31 03:20:59] [INFO] Checking system health...
[2026-03-31 03:20:59] [INFO] Disk usage: 51%
[2026-03-31 03:20:59] [INFO] OpenClaw gateway check skipped (requires gateway monitoring)
[2026-03-31 03:20:59] [SUCCESS] System health check completed
[2026-03-31 03:20:59] [INFO] Checking urgent escalation triggers...
[2026-03-31 03:20:59] [WARN] ALERT: Potential IHS Towers urgent email detected
[2026-03-31 03:20:59] [WARN] ALERT: Financial/contract exposure detected
[2026-03-31 03:20:59] [WARN] Found 2 urgent escalation trigger(s)
[2026-03-31 04:20:57] [INFO] === OpenClaw Heartbeat Check Started ===
[2026-03-31 04:20:57] [INFO] Timestamp: Tue Mar 31 04:20:57 WAT 2026
[2026-03-31 04:20:57] [INFO] Workspace: /Users/clawdia/.openclaw/workspace
[2026-03-31 04:20:57] [INFO] HEARTBEAT.md file exists
[2026-03-31 04:20:57] [INFO] Checking system health...
[2026-03-31 04:20:57] [INFO] Disk usage: 51%
[2026-03-31 04:20:58] [INFO] OpenClaw gateway check skipped (requires gateway monitoring)
[2026-03-31 04:20:58] [SUCCESS] System health check completed
[2026-03-31 04:20:58] [INFO] Checking urgent escalation triggers...
[2026-03-31 04:20:58] [WARN] ALERT: Potential IHS Towers urgent email detected
[2026-03-31 04:20:58] [WARN] ALERT: Financial/contract exposure detected
[2026-03-31 04:20:58] [WARN] Found 2 urgent escalation trigger(s)
[2026-03-31 05:20:58] [INFO] === OpenClaw Heartbeat Check Started ===
[2026-03-31 05:20:58] [INFO] Timestamp: Tue Mar 31 05:20:58 WAT 2026
[2026-03-31 05:20:58] [INFO] Workspace: /Users/clawdia/.openclaw/workspace
[2026-03-31 05:20:58] [INFO] HEARTBEAT.md file exists
[2026-03-31 05:20:58] [INFO] Checking system health...
[2026-03-31 05:20:58] [INFO] Disk usage: 51%
[2026-03-31 05:20:58] [INFO] OpenClaw gateway check skipped (requires gateway monitoring)
[2026-03-31 05:20:58] [SUCCESS] System health check completed
[2026-03-31 05:20:58] [INFO] Checking urgent escalation triggers...
[2026-03-31 05:20:58] [WARN] ALERT: Potential IHS Towers urgent email detected
[2026-03-31 05:20:58] [WARN] ALERT: Financial/contract exposure detected
[2026-03-31 05:20:58] [WARN] Found 2 urgent escalation trigger(s)
[2026-03-31 05:22:06] [INFO] === OpenClaw Heartbeat Check Started ===
[2026-03-31 05:22:06] [INFO] Timestamp: Tue Mar 31 05:22:06 WAT 2026
[2026-03-31 05:22:06] [INFO] Workspace: /Users/clawdia/.openclaw/workspace
[2026-03-31 05:22:06] [INFO] HEARTBEAT.md file exists
[2026-03-31 05:22:06] [INFO] Checking system health...
[2026-03-31 05:22:06] [INFO] Disk usage: 51%
[2026-03-31 05:22:06] [INFO] OpenClaw gateway check skipped (requires gateway monitoring)
[2026-03-31 05:22:06] [SUCCESS] System health check completed
[2026-03-31 05:22:06] [INFO] Checking urgent escalation triggers...
[2026-03-31 05:22:06] [WARN] ALERT: Potential IHS Towers urgent email detected
[2026-03-31 05:22:06] [WARN] ALERT: Financial/contract exposure detected
[2026-03-31 05:22:06] [WARN] Found 2 urgent escalation trigger(s)
[2026-03-31 06:20:59] [INFO] === OpenClaw Heartbeat Check Started ===
[2026-03-31 06:20:59] [INFO] Timestamp: Tue Mar 31 06:20:59 WAT 2026
[2026-03-31 06:20:59] [INFO] Workspace: /Users/clawdia/.openclaw/workspace
[2026-03-31 06:20:59] [INFO] HEARTBEAT.md file exists
[2026-03-31 06:20:59] [INFO] Checking system health...
[2026-03-31 06:20:59] [INFO] Disk usage: 51%
[2026-03-31 06:20:59] [INFO] OpenClaw gateway check skipped (requires gateway monitoring)
[2026-03-31 06:20:59] [SUCCESS] System health check completed
[2026-03-31 06:20:59] [INFO] Checking urgent escalation triggers...
[2026-03-31 06:20:59] [WARN] ALERT: Potential IHS Towers urgent email detected
[2026-03-31 06:20:59] [WARN] ALERT: Financial/contract exposure detected
[2026-03-31 06:20:59] [WARN] Found 2 urgent escalation trigger(s)
[2026-03-31 07:20:59] [INFO] === OpenClaw Heartbeat Check Started ===
[2026-03-31 07:20:59] [INFO] Timestamp: Tue Mar 31 07:20:59 WAT 2026
[2026-03-31 07:20:59] [INFO] Workspace: /Users/clawdia/.openclaw/workspace
[2026-03-31 07:20:59] [INFO] HEARTBEAT.md file exists
[2026-03-31 07:20:59] [INFO] Checking system health...
[2026-03-31 07:20:59] [INFO] Disk usage: 51%
[2026-03-31 07:20:59] [INFO] OpenClaw gateway check skipped (requires gateway monitoring)
[2026-03-31 07:20:59] [SUCCESS] System health check completed
[2026-03-31 07:20:59] [INFO] Checking urgent escalation triggers...
[2026-03-31 07:20:59] [WARN] ALERT: Potential IHS Towers urgent email detected
[2026-03-31 07:20:59] [WARN] ALERT: Financial/contract exposure detected
[2026-03-31 07:20:59] [WARN] Found 2 urgent escalation trigger(s)
[2026-03-31 07:21:35] [INFO] === OpenClaw Heartbeat Check Started ===
[2026-03-31 07:21:35] [INFO] Timestamp: Tue Mar 31 07:21:35 WAT 2026
[2026-03-31 07:21:35] [INFO] Workspace: /Users/clawdia/.openclaw/workspace
[2026-03-31 07:21:35] [INFO] HEARTBEAT.md file exists
[2026-03-31 07:21:35] [INFO] Checking system health...
[2026-03-31 07:21:35] [INFO] Disk usage: 51%
[2026-03-31 07:21:35] [INFO] OpenClaw gateway check skipped (requires gateway monitoring)
[2026-03-31 07:21:35] [SUCCESS] System health check completed
[2026-03-31 07:21:35] [INFO] Checking urgent escalation triggers...
[2026-03-31 07:21:35] [WARN] ALERT: Potential IHS Towers urgent email detected
[2026-03-31 07:21:35] [WARN] ALERT: Financial/contract exposure detected
[2026-03-31 07:21:35] [WARN] Found 2 urgent escalation trigger(s)
[2026-03-31 08:20:58] [INFO] === OpenClaw Heartbeat Check Started ===
[2026-03-31 08:20:58] [INFO] Timestamp: Tue Mar 31 08:20:58 WAT 2026
[2026-03-31 08:20:58] [INFO] Workspace: /Users/clawdia/.openclaw/workspace
[2026-03-31 08:20:58] [INFO] HEARTBEAT.md file exists
[2026-03-31 08:20:58] [INFO] Checking system health...
[2026-03-31 08:20:58] [INFO] Disk usage: 51%
[2026-03-31 08:20:58] [INFO] OpenClaw gateway check skipped (requires gateway monitoring)
[2026-03-31 08:20:58] [SUCCESS] System health check completed
[2026-03-31 08:20:58] [INFO] Checking urgent escalation triggers...
[2026-03-31 08:20:58] [WARN] ALERT: Potential IHS Towers urgent email detected
[2026-03-31 08:20:59] [WARN] ALERT: Financial/contract exposure detected
[2026-03-31 08:20:59] [WARN] Found 2 urgent escalation trigger(s)
[2026-03-31 09:20:59] [INFO] === OpenClaw Heartbeat Check Started ===
[2026-03-31 09:20:59] [INFO] Timestamp: Tue Mar 31 09:20:59 WAT 2026
[2026-03-31 09:20:59] [INFO] Workspace: /Users/clawdia/.openclaw/workspace
[2026-03-31 09:20:59] [INFO] HEARTBEAT.md file exists
[2026-03-31 09:20:59] [INFO] Checking system health...
[2026-03-31 09:20:59] [INFO] Disk usage: 51%
[2026-03-31 09:20:59] [INFO] OpenClaw gateway check skipped (requires gateway monitoring)
[2026-03-31 09:20:59] [SUCCESS] System health check completed
[2026-03-31 09:20:59] [INFO] Checking urgent escalation triggers...
[2026-03-31 09:20:59] [WARN] ALERT: Potential IHS Towers urgent email detected
[2026-03-31 09:20:59] [WARN] ALERT: Financial/contract exposure detected
[2026-03-31 09:20:59] [WARN] Found 2 urgent escalation trigger(s)
[2026-03-31 10:20:59] [INFO] === OpenClaw Heartbeat Check Started ===
[2026-03-31 10:20:59] [INFO] Timestamp: Tue Mar 31 10:20:59 WAT 2026
[2026-03-31 10:20:59] [INFO] Workspace: /Users/clawdia/.openclaw/workspace
[2026-03-31 10:20:59] [INFO] HEARTBEAT.md file exists
[2026-03-31 10:20:59] [INFO] Checking system health...
[2026-03-31 10:20:59] [INFO] Disk usage: 51%
[2026-03-31 10:20:59] [INFO] OpenClaw gateway check skipped (requires gateway monitoring)
[2026-03-31 10:20:59] [SUCCESS] System health check completed
[2026-03-31 10:20:59] [INFO] Checking urgent escalation triggers...
[2026-03-31 10:20:59] [WARN] ALERT: Potential IHS Towers urgent email detected
[2026-03-31 10:20:59] [WARN] ALERT: Financial/contract exposure detected
[2026-03-31 10:20:59] [WARN] Found 2 urgent escalation trigger(s)
[2026-03-31 11:20:58] [INFO] === OpenClaw Heartbeat Check Started ===
[2026-03-31 11:20:58] [INFO] Timestamp: Tue Mar 31 11:20:58 WAT 2026
[2026-03-31 11:20:58] [INFO] Workspace: /Users/clawdia/.openclaw/workspace
[2026-03-31 11:20:58] [INFO] HEARTBEAT.md file exists
[2026-03-31 11:20:58] [INFO] Checking system health...
[2026-03-31 11:20:58] [INFO] Disk usage: 52%
[2026-03-31 11:20:58] [INFO] OpenClaw gateway check skipped (requires gateway monitoring)
[2026-03-31 11:20:58] [SUCCESS] System health check completed
[2026-03-31 11:20:58] [INFO] Checking urgent escalation triggers...
[2026-03-31 11:20:58] [WARN] ALERT: Potential IHS Towers urgent email detected
[2026-03-31 11:20:58] [WARN] ALERT: Financial/contract exposure detected
[2026-03-31 11:20:58] [WARN] Found 2 urgent escalation trigger(s)
[2026-03-31 12:20:57] [INFO] === OpenClaw Heartbeat Check Started ===
[2026-03-31 12:20:57] [INFO] Timestamp: Tue Mar 31 12:20:57 WAT 2026
[2026-03-31 12:20:57] [INFO] Workspace: /Users/clawdia/.openclaw/workspace
[2026-03-31 12:20:57] [INFO] HEARTBEAT.md file exists
[2026-03-31 12:20:57] [INFO] Checking system health...
[2026-03-31 12:20:57] [INFO] Disk usage: 52%
[2026-03-31 12:20:57] [INFO] OpenClaw gateway check skipped (requires gateway monitoring)
[2026-03-31 12:20:57] [SUCCESS] System health check completed
[2026-03-31 12:20:57] [INFO] Checking urgent escalation triggers...
[2026-03-31 12:20:57] [WARN] ALERT: Potential IHS Towers urgent email detected
[2026-03-31 12:20:57] [WARN] ALERT: Financial/contract exposure detected
[2026-03-31 12:20:57] [WARN] Found 2 urgent escalation trigger(s)
[2026-03-31 13:20:59] [INFO] === OpenClaw Heartbeat Check Started ===
[2026-03-31 13:20:59] [INFO] Timestamp: Tue Mar 31 13:20:59 WAT 2026
[2026-03-31 13:20:59] [INFO] Workspace: /Users/clawdia/.openclaw/workspace
[2026-03-31 13:20:59] [INFO] HEARTBEAT.md file exists
[2026-03-31 13:20:59] [INFO] Checking system health...
[2026-03-31 13:20:59] [INFO] Disk usage: 52%
[2026-03-31 13:20:59] [INFO] OpenClaw gateway check skipped (requires gateway monitoring)
[2026-03-31 13:20:59] [SUCCESS] System health check completed
[2026-03-31 13:20:59] [INFO] Checking urgent escalation triggers...
[2026-03-31 13:20:59] [WARN] ALERT: Potential IHS Towers urgent email detected
[2026-03-31 13:20:59] [WARN] ALERT: Financial/contract exposure detected
[2026-03-31 13:20:59] [WARN] Found 2 urgent escalation trigger(s)
[2026-03-31 14:20:59] [INFO] === OpenClaw Heartbeat Check Started ===
[2026-03-31 14:20:59] [INFO] Timestamp: Tue Mar 31 14:20:59 WAT 2026
[2026-03-31 14:20:59] [INFO] Workspace: /Users/clawdia/.openclaw/workspace
[2026-03-31 14:20:59] [INFO] HEARTBEAT.md file exists
[2026-03-31 14:20:59] [INFO] Checking system health...
[2026-03-31 14:20:59] [INFO] Disk usage: 52%
[2026-03-31 14:20:59] [INFO] OpenClaw gateway check skipped (requires gateway monitoring)
[2026-03-31 14:20:59] [SUCCESS] System health check completed
[2026-03-31 14:20:59] [INFO] Checking urgent escalation triggers...
[2026-03-31 14:20:59] [WARN] ALERT: Potential IHS Towers urgent email detected
[2026-03-31 14:20:59] [WARN] ALERT: Financial/contract exposure detected
[2026-03-31 14:20:59] [WARN] Found 2 urgent escalation trigger(s)
[2026-03-31 14:21:10] [INFO] === OpenClaw Heartbeat Check Started ===
[2026-03-31 14:21:10] [INFO] Timestamp: Tue Mar 31 14:21:10 WAT 2026
[2026-03-31 14:21:10] [INFO] Workspace: /Users/clawdia/.openclaw/workspace
[2026-03-31 14:21:10] [INFO] HEARTBEAT.md file exists
[2026-03-31 14:21:10] [INFO] Checking system health...
[2026-03-31 14:21:10] [INFO] Disk usage: 52%
[2026-03-31 14:21:10] [INFO] OpenClaw gateway check skipped (requires gateway monitoring)
[2026-03-31 14:21:10] [SUCCESS] System health check completed
[2026-03-31 14:21:10] [INFO] Checking urgent escalation triggers...
[2026-03-31 14:21:10] [WARN] ALERT: Potential IHS Towers urgent email detected
[2026-03-31 14:21:10] [WARN] ALERT: Financial/contract exposure detected
[2026-03-31 14:21:10] [WARN] Found 2 urgent escalation trigger(s)
[2026-03-31 15:20:58] [INFO] === OpenClaw Heartbeat Check Started ===
[2026-03-31 15:20:58] [INFO] Timestamp: Tue Mar 31 15:20:58 WAT 2026
[2026-03-31 15:20:58] [INFO] Workspace: /Users/clawdia/.openclaw/workspace
[2026-03-31 15:20:58] [INFO] HEARTBEAT.md file exists
[2026-03-31 15:20:58] [INFO] Checking system health...
[2026-03-31 15:20:58] [INFO] Disk usage: 52%
[2026-03-31 15:20:58] [INFO] OpenClaw gateway check skipped (requires gateway monitoring)
[2026-03-31 15:20:58] [SUCCESS] System health check completed
[2026-03-31 15:20:58] [INFO] Checking urgent escalation triggers...
[2026-03-31 15:20:58] [WARN] ALERT: Potential IHS Towers urgent email detected
[2026-03-31 15:20:58] [WARN] ALERT: Financial/contract exposure detected
[2026-03-31 15:20:58] [WARN] Found 2 urgent escalation trigger(s)
[2026-03-31 15:21:10] [INFO] === OpenClaw Heartbeat Check Started ===
[2026-03-31 15:21:10] [INFO] Timestamp: Tue Mar 31 15:21:10 WAT 2026
[2026-03-31 15:21:10] [INFO] Workspace: /Users/clawdia/.openclaw/workspace
[2026-03-31 15:21:10] [INFO] HEARTBEAT.md file exists
[2026-03-31 15:21:10] [INFO] Checking system health...
[2026-03-31 15:21:10] [INFO] Disk usage: 52%
[2026-03-31 15:21:10] [INFO] OpenClaw gateway check skipped (requires gateway monitoring)
[2026-03-31 15:21:10] [SUCCESS] System health check completed
[2026-03-31 15:21:10] [INFO] Checking urgent escalation triggers...
[2026-03-31 15:21:10] [WARN] ALERT: Potential IHS Towers urgent email detected
[2026-03-31 15:21:10] [WARN] ALERT: Financial/contract exposure detected
[2026-03-31 15:21:10] [WARN] Found 2 urgent escalation trigger(s)
[2026-03-31 16:20:58] [INFO] === OpenClaw Heartbeat Check Started ===
[2026-03-31 16:20:58] [INFO] Timestamp: Tue Mar 31 16:20:58 WAT 2026
[2026-03-31 16:20:58] [INFO] Workspace: /Users/clawdia/.openclaw/workspace
[2026-03-31 16:20:58] [INFO] HEARTBEAT.md file exists
[2026-03-31 16:20:58] [INFO] Checking system health...
[2026-03-31 16:20:58] [INFO] Disk usage: 52%
[2026-03-31 16:20:58] [INFO] OpenClaw gateway check skipped (requires gateway monitoring)
[2026-03-31 16:20:58] [SUCCESS] System health check completed
[2026-03-31 16:20:58] [INFO] Checking urgent escalation triggers...
[2026-03-31 16:20:58] [WARN] ALERT: Potential IHS Towers urgent email detected
[2026-03-31 16:20:58] [WARN] ALERT: Financial/contract exposure detected
[2026-03-31 16:20:58] [WARN] Found 2 urgent escalation trigger(s)
[2026-03-31 17:21:07] [INFO] === OpenClaw Heartbeat Check Started ===
[2026-03-31 17:21:07] [INFO] Timestamp: Tue Mar 31 17:21:07 WAT 2026
[2026-03-31 17:21:07] [INFO] Workspace: /Users/clawdia/.openclaw/workspace
[2026-03-31 17:21:07] [INFO] HEARTBEAT.md file exists
[2026-03-31 17:21:07] [INFO] Checking system health...
[2026-03-31 17:21:07] [INFO] Disk usage: 52%
[2026-03-31 17:21:07] [INFO] OpenClaw gateway check skipped (requires gateway monitoring)
[2026-03-31 17:21:07] [SUCCESS] System health check completed
[2026-03-31 17:21:07] [INFO] Checking urgent escalation triggers...
[2026-03-31 17:21:07] [WARN] ALERT: Potential IHS Towers urgent email detected
[2026-03-31 17:21:07] [WARN] ALERT: Financial/contract exposure detected
[2026-03-31 17:21:07] [WARN] Found 2 urgent escalation trigger(s)
[2026-03-31 18:21:04] [INFO] === OpenClaw Heartbeat Check Started ===
[2026-03-31 18:21:04] [INFO] Timestamp: Tue Mar 31 18:21:04 WAT 2026
[2026-03-31 18:21:04] [INFO] Workspace: /Users/clawdia/.openclaw/workspace
[2026-03-31 18:21:04] [INFO] HEARTBEAT.md file exists
[2026-03-31 18:21:04] [INFO] Checking system health...
[2026-03-31 18:21:04] [INFO] Disk usage: 52%
[2026-03-31 18:21:04] [INFO] OpenClaw gateway check skipped (requires gateway monitoring)
[2026-03-31 18:21:04] [SUCCESS] System health check completed
[2026-03-31 18:21:04] [INFO] Checking urgent escalation triggers...
[2026-03-31 18:21:04] [WARN] ALERT: Potential IHS Towers urgent email detected
[2026-03-31 18:21:04] [WARN] ALERT: Financial/contract exposure detected
[2026-03-31 18:21:04] [WARN] Found 2 urgent escalation trigger(s)
[2026-03-31 19:21:03] [INFO] === OpenClaw Heartbeat Check Started ===
[2026-03-31 19:21:03] [INFO] Timestamp: Tue Mar 31 19:21:03 WAT 2026
[2026-03-31 19:21:03] [INFO] Workspace: /Users/clawdia/.openclaw/workspace
[2026-03-31 19:21:03] [INFO] HEARTBEAT.md file exists
[2026-03-31 19:21:03] [INFO] Checking system health...
[2026-03-31 19:21:03] [INFO] Disk usage: 52%
[2026-03-31 19:21:03] [INFO] OpenClaw gateway check skipped (requires gateway monitoring)
[2026-03-31 19:21:03] [SUCCESS] System health check completed
[2026-03-31 19:21:03] [INFO] Checking urgent escalation triggers...
[2026-03-31 19:21:03] [WARN] ALERT: Potential IHS Towers urgent email detected
[2026-03-31 19:21:03] [WARN] ALERT: Financial/contract exposure detected
[2026-03-31 19:21:03] [WARN] Found 2 urgent escalation trigger(s)
[2026-03-31 20:20:56] [INFO] === OpenClaw Heartbeat Check Started ===
[2026-03-31 20:20:56] [INFO] Timestamp: Tue Mar 31 20:20:56 WAT 2026
[2026-03-31 20:20:56] [INFO] Workspace: /Users/clawdia/.openclaw/workspace
[2026-03-31 20:20:56] [INFO] HEARTBEAT.md file exists
[2026-03-31 20:20:56] [INFO] Checking system health...
[2026-03-31 20:20:56] [INFO] Disk usage: 52%
[2026-03-31 20:20:56] [INFO] OpenClaw gateway check skipped (requires gateway monitoring)
[2026-03-31 20:20:56] [SUCCESS] System health check completed
[2026-03-31 20:20:56] [INFO] Checking urgent escalation triggers...
[2026-03-31 20:20:56] [WARN] ALERT: Potential IHS Towers urgent email detected
[2026-03-31 20:20:57] [WARN] ALERT: Financial/contract exposure detected
[2026-03-31 20:20:57] [WARN] Found 2 urgent escalation trigger(s)
[2026-03-31 20:21:06] [INFO] === OpenClaw Heartbeat Check Started ===
[2026-03-31 20:21:06] [INFO] Timestamp: Tue Mar 31 20:21:06 WAT 2026
[2026-03-31 20:21:06] [INFO] Workspace: /Users/clawdia/.openclaw/workspace
[2026-03-31 20:21:06] [INFO] HEARTBEAT.md file exists
[2026-03-31 20:21:06] [INFO] Checking system health...
[2026-03-31 20:21:06] [INFO] Disk usage: 52%
[2026-03-31 20:21:06] [INFO] OpenClaw gateway check skipped (requires gateway monitoring)
[2026-03-31 20:21:06] [SUCCESS] System health check completed
[2026-03-31 20:21:06] [INFO] Checking urgent escalation triggers...
[2026-03-31 20:21:06] [WARN] ALERT: Potential IHS Towers urgent email detected
[2026-03-31 20:21:06] [WARN] ALERT: Financial/contract exposure detected
[2026-03-31 20:21:06] [WARN] Found 2 urgent escalation trigger(s)
[2026-03-31 21:20:56] [INFO] === OpenClaw Heartbeat Check Started ===
[2026-03-31 21:20:56] [INFO] Timestamp: Tue Mar 31 21:20:56 WAT 2026
[2026-03-31 21:20:56] [INFO] Workspace: /Users/clawdia/.openclaw/workspace
[2026-03-31 21:20:56] [INFO] HEARTBEAT.md file exists
[2026-03-31 21:20:56] [INFO] Checking system health...
[2026-03-31 21:20:56] [INFO] Disk usage: 52%
[2026-03-31 21:20:56] [INFO] OpenClaw gateway check skipped (requires gateway monitoring)
[2026-03-31 21:20:56] [SUCCESS] System health check completed
[2026-03-31 21:20:56] [INFO] Checking urgent escalation triggers...
[2026-03-31 21:20:56] [WARN] ALERT: Potential IHS Towers urgent email detected
[2026-03-31 21:20:56] [WARN] ALERT: Financial/contract exposure detected
[2026-03-31 21:20:56] [WARN] Found 2 urgent escalation trigger(s)
[2026-03-31 21:21:07] [INFO] === OpenClaw Heartbeat Check Started ===
[2026-03-31 21:21:07] [INFO] Timestamp: Tue Mar 31 21:21:07 WAT 2026
[2026-03-31 21:21:07] [INFO] Workspace: /Users/clawdia/.openclaw/workspace
[2026-03-31 21:21:07] [INFO] HEARTBEAT.md file exists
[2026-03-31 21:21:07] [INFO] Checking system health...
[2026-03-31 21:21:07] [INFO] Disk usage: 52%
[2026-03-31 21:21:07] [INFO] OpenClaw gateway check skipped (requires gateway monitoring)
[2026-03-31 21:21:07] [SUCCESS] System health check completed
[2026-03-31 21:21:07] [INFO] Checking urgent escalation triggers...
[2026-03-31 21:21:07] [WARN] ALERT: Potential IHS Towers urgent email detected
[2026-03-31 21:21:07] [WARN] ALERT: Financial/contract exposure detected
[2026-03-31 21:21:07] [WARN] Found 2 urgent escalation trigger(s)
[2026-03-31 22:20:56] [INFO] === OpenClaw Heartbeat Check Started ===
[2026-03-31 22:20:56] [INFO] Timestamp: Tue Mar 31 22:20:56 WAT 2026
[2026-03-31 22:20:56] [INFO] Workspace: /Users/clawdia/.openclaw/workspace
[2026-03-31 22:20:56] [INFO] HEARTBEAT.md file exists
[2026-03-31 22:20:56] [INFO] Checking system health...
[2026-03-31 22:20:56] [INFO] Disk usage: 52%
[2026-03-31 22:20:56] [INFO] OpenClaw gateway check skipped (requires gateway monitoring)
[2026-03-31 22:20:56] [SUCCESS] System health check completed
[2026-03-31 22:20:56] [INFO] Checking urgent escalation triggers...
[2026-03-31 22:20:56] [WARN] ALERT: Potential IHS Towers urgent email detected
[2026-03-31 22:20:56] [WARN] ALERT: Financial/contract exposure detected
[2026-03-31 22:20:56] [WARN] Found 2 urgent escalation trigger(s)
[2026-03-31 23:20:56] [INFO] === OpenClaw Heartbeat Check Started ===
[2026-03-31 23:20:56] [INFO] Timestamp: Tue Mar 31 23:20:56 WAT 2026
[2026-03-31 23:20:56] [INFO] Workspace: /Users/clawdia/.openclaw/workspace
[2026-03-31 23:20:56] [INFO] HEARTBEAT.md file exists
[2026-03-31 23:20:56] [INFO] Checking system health...
[2026-03-31 23:20:56] [INFO] Disk usage: 52%
[2026-03-31 23:20:56] [INFO] OpenClaw gateway check skipped (requires gateway monitoring)
[2026-03-31 23:20:56] [SUCCESS] System health check completed
[2026-03-31 23:20:56] [INFO] Checking urgent escalation triggers...
[2026-03-31 23:20:56] [WARN] ALERT: Potential IHS Towers urgent email detected
[2026-03-31 23:20:56] [WARN] ALERT: Financial/contract exposure detected
[2026-03-31 23:20:56] [WARN] Found 2 urgent escalation trigger(s)
