[2026-03-30 19:21:04] [INFO] === OpenClaw Heartbeat Check Started ===
[2026-03-30 19:21:04] [INFO] Timestamp: Mon Mar 30 19:21:04 WAT 2026
[2026-03-30 19:21:04] [INFO] Workspace: /Users/clawdia/.openclaw/workspace
[2026-03-30 19:21:04] [INFO] HEARTBEAT.md file exists
[2026-03-30 19:21:04] [INFO] Checking system health...
[2026-03-30 19:21:04] [WARN] ALERT: Disk usage at 97%
[2026-03-30 19:21:04] [INFO] OpenClaw gateway check skipped (requires gateway monitoring)
[2026-03-30 19:21:04] [SUCCESS] System health check completed
[2026-03-30 19:21:04] [INFO] Checking urgent escalation triggers...
[2026-03-30 19:21:04] [WARN] ALERT: Potential IHS Towers urgent email detected
[2026-03-30 19:21:04] [WARN] ALERT: Financial/contract exposure detected
[2026-03-30 19:21:04] [WARN] Found 2 urgent escalation trigger(s)
[2026-03-30 20:20:58] [INFO] === OpenClaw Heartbeat Check Started ===
[2026-03-30 20:20:58] [INFO] Timestamp: Mon Mar 30 20:20:58 WAT 2026
[2026-03-30 20:20:58] [INFO] Workspace: /Users/clawdia/.openclaw/workspace
[2026-03-30 20:20:58] [INFO] HEARTBEAT.md file exists
[2026-03-30 20:20:58] [INFO] Checking system health...
[2026-03-30 20:20:58] [WARN] ALERT: Disk usage at 97%
[2026-03-30 20:20:58] [INFO] OpenClaw gateway check skipped (requires gateway monitoring)
[2026-03-30 20:20:58] [SUCCESS] System health check completed
[2026-03-30 20:20:58] [INFO] Checking urgent escalation triggers...
[2026-03-30 20:20:58] [WARN] ALERT: Potential IHS Towers urgent email detected
[2026-03-30 20:20:58] [WARN] ALERT: Financial/contract exposure detected
[2026-03-30 20:20:58] [WARN] Found 2 urgent escalation trigger(s)
[2026-03-30 21:20:55] [INFO] === OpenClaw Heartbeat Check Started ===
[2026-03-30 21:20:55] [INFO] Timestamp: Mon Mar 30 21:20:55 WAT 2026
[2026-03-30 21:20:55] [INFO] Workspace: /Users/clawdia/.openclaw/workspace
[2026-03-30 21:20:55] [INFO] HEARTBEAT.md file exists
[2026-03-30 21:20:55] [INFO] Checking system health...
[2026-03-30 21:20:55] [WARN] ALERT: Disk usage at 96%
[2026-03-30 21:20:55] [INFO] OpenClaw gateway check skipped (requires gateway monitoring)
[2026-03-30 21:20:55] [SUCCESS] System health check completed
[2026-03-30 21:20:55] [INFO] Checking urgent escalation triggers...
[2026-03-30 21:20:55] [WARN] ALERT: Potential IHS Towers urgent email detected
[2026-03-30 21:20:56] [WARN] ALERT: Financial/contract exposure detected
[2026-03-30 21:20:56] [WARN] Found 2 urgent escalation trigger(s)
[2026-03-30 22:20:55] [INFO] === OpenClaw Heartbeat Check Started ===
[2026-03-30 22:20:55] [INFO] Timestamp: Mon Mar 30 22:20:55 WAT 2026
[2026-03-30 22:20:55] [INFO] Workspace: /Users/clawdia/.openclaw/workspace
[2026-03-30 22:20:55] [INFO] HEARTBEAT.md file exists
[2026-03-30 22:20:55] [INFO] Checking system health...
[2026-03-30 22:20:55] [WARN] ALERT: Disk usage at 96%
[2026-03-30 22:20:55] [INFO] OpenClaw gateway check skipped (requires gateway monitoring)
[2026-03-30 22:20:55] [SUCCESS] System health check completed
[2026-03-30 22:20:55] [INFO] Checking urgent escalation triggers...
[2026-03-30 22:20:55] [WARN] ALERT: Potential IHS Towers urgent email detected
[2026-03-30 22:20:55] [WARN] ALERT: Financial/contract exposure detected
[2026-03-30 22:20:55] [WARN] Found 2 urgent escalation trigger(s)
[2026-03-30 23:20:59] [INFO] === OpenClaw Heartbeat Check Started ===
[2026-03-30 23:20:59] [INFO] Timestamp: Mon Mar 30 23:20:59 WAT 2026
[2026-03-30 23:20:59] [INFO] Workspace: /Users/clawdia/.openclaw/workspace
[2026-03-30 23:20:59] [INFO] HEARTBEAT.md file exists
[2026-03-30 23:20:59] [INFO] Checking system health...
[2026-03-30 23:20:59] [INFO] Disk usage: 51%
[2026-03-30 23:20:59] [INFO] OpenClaw gateway check skipped (requires gateway monitoring)
[2026-03-30 23:20:59] [SUCCESS] System health check completed
[2026-03-30 23:20:59] [INFO] Checking urgent escalation triggers...
[2026-03-30 23:20:59] [WARN] ALERT: Potential IHS Towers urgent email detected
[2026-03-30 23:20:59] [WARN] ALERT: Financial/contract exposure detected
[2026-03-30 23:20:59] [WARN] Found 2 urgent escalation trigger(s)
