[0;32m[2026-03-17 00:00:00] INFO: === Starting Heartbeat + Maintenance ===[0m
[0;32m[2026-03-17 00:00:00] INFO: Quiet hours (23:00-08:00), running minimal checks only[0m
[0;32m[2026-03-17 00:00:00] INFO: Checking HEARTBEAT conditions...[0m
[1;33m[2026-03-17 00:00:00] WARN: Alert triggered: IHS Towers email detected - URGENT[0m
[1;33m[2026-03-17 00:00:00] WARN: Failed to send iMessage alert to temikolawole@icloud.com[0m
[1;33m[2026-03-17 00:00:00] WARN: Alert triggered: Deadline within 24 hours[0m
[1;33m[2026-03-17 00:00:00] WARN: Failed to send iMessage alert to temikolawole@icloud.com[0m
[0;34m[2026-03-17 00:00:00] DEBUG: Checking calendar for next 48 hours...[0m
[0;34m[2026-03-17 00:00:00] DEBUG: Checking IHS Towers follow-ups...[0m
[1;33m[2026-03-17 00:00:00] WARN: Found 2 urgent item(s) requiring attention[0m
[0;32m[2026-03-17 00:30:00] INFO: === Starting Heartbeat + Maintenance ===[0m
[0;32m[2026-03-17 00:30:00] INFO: Quiet hours (23:00-08:00), running minimal checks only[0m
[0;32m[2026-03-17 00:30:00] INFO: Checking HEARTBEAT conditions...[0m
[1;33m[2026-03-17 00:30:00] WARN: Alert triggered: IHS Towers email detected - URGENT[0m
[1;33m[2026-03-17 00:30:00] WARN: Failed to send iMessage alert to temikolawole@icloud.com[0m
[1;33m[2026-03-17 00:30:00] WARN: Alert triggered: Deadline within 24 hours[0m
[1;33m[2026-03-17 00:30:00] WARN: Failed to send iMessage alert to temikolawole@icloud.com[0m
[0;34m[2026-03-17 00:30:00] DEBUG: Checking calendar for next 48 hours...[0m
[0;34m[2026-03-17 00:30:00] DEBUG: Checking IHS Towers follow-ups...[0m
[1;33m[2026-03-17 00:30:00] WARN: Found 2 urgent item(s) requiring attention[0m
[0;32m[2026-03-17 01:00:00] INFO: === Starting Heartbeat + Maintenance ===[0m
[0;32m[2026-03-17 01:00:00] INFO: Quiet hours (23:00-08:00), running minimal checks only[0m
[0;32m[2026-03-17 01:00:00] INFO: Checking HEARTBEAT conditions...[0m
[1;33m[2026-03-17 01:00:00] WARN: Alert triggered: IHS Towers email detected - URGENT[0m
[1;33m[2026-03-17 01:00:00] WARN: Failed to send iMessage alert to temikolawole@icloud.com[0m
[1;33m[2026-03-17 01:00:00] WARN: Alert triggered: Deadline within 24 hours[0m
[1;33m[2026-03-17 01:00:00] WARN: Failed to send iMessage alert to temikolawole@icloud.com[0m
[0;34m[2026-03-17 01:00:01] DEBUG: Checking calendar for next 48 hours...[0m
[0;34m[2026-03-17 01:00:01] DEBUG: Checking IHS Towers follow-ups...[0m
[1;33m[2026-03-17 01:00:01] WARN: Found 2 urgent item(s) requiring attention[0m
[0;32m[2026-03-17 01:30:00] INFO: === Starting Heartbeat + Maintenance ===[0m
[0;32m[2026-03-17 01:30:00] INFO: Quiet hours (23:00-08:00), running minimal checks only[0m
[0;32m[2026-03-17 01:30:00] INFO: Checking HEARTBEAT conditions...[0m
[1;33m[2026-03-17 01:30:00] WARN: Alert triggered: IHS Towers email detected - URGENT[0m
[1;33m[2026-03-17 01:30:00] WARN: Failed to send iMessage alert to temikolawole@icloud.com[0m
[1;33m[2026-03-17 01:30:00] WARN: Alert triggered: Deadline within 24 hours[0m
[1;33m[2026-03-17 01:30:00] WARN: Failed to send iMessage alert to temikolawole@icloud.com[0m
[0;34m[2026-03-17 01:30:00] DEBUG: Checking calendar for next 48 hours...[0m
[0;34m[2026-03-17 01:30:00] DEBUG: Checking IHS Towers follow-ups...[0m
[1;33m[2026-03-17 01:30:00] WARN: Found 2 urgent item(s) requiring attention[0m
[0;32m[2026-03-17 02:00:00] INFO: === Starting Heartbeat + Maintenance ===[0m
[0;32m[2026-03-17 02:00:00] INFO: Quiet hours (23:00-08:00), running minimal checks only[0m
[0;32m[2026-03-17 02:00:00] INFO: Checking HEARTBEAT conditions...[0m
[1;33m[2026-03-17 02:00:00] WARN: Alert triggered: IHS Towers email detected - URGENT[0m
[1;33m[2026-03-17 02:00:00] WARN: Failed to send iMessage alert to temikolawole@icloud.com[0m
[1;33m[2026-03-17 02:00:01] WARN: Alert triggered: Deadline within 24 hours[0m
[1;33m[2026-03-17 02:00:01] WARN: Failed to send iMessage alert to temikolawole@icloud.com[0m
[0;34m[2026-03-17 02:00:01] DEBUG: Checking calendar for next 48 hours...[0m
[0;34m[2026-03-17 02:00:01] DEBUG: Checking IHS Towers follow-ups...[0m
[1;33m[2026-03-17 02:00:01] WARN: Found 2 urgent item(s) requiring attention[0m
[0;32m[2026-03-17 02:30:00] INFO: === Starting Heartbeat + Maintenance ===[0m
[0;32m[2026-03-17 02:30:01] INFO: Quiet hours (23:00-08:00), running minimal checks only[0m
[0;32m[2026-03-17 02:30:01] INFO: Checking HEARTBEAT conditions...[0m
[1;33m[2026-03-17 02:30:01] WARN: Alert triggered: IHS Towers email detected - URGENT[0m
[1;33m[2026-03-17 02:30:01] WARN: Failed to send iMessage alert to temikolawole@icloud.com[0m
[1;33m[2026-03-17 02:30:01] WARN: Alert triggered: Deadline within 24 hours[0m
[1;33m[2026-03-17 02:30:01] WARN: Failed to send iMessage alert to temikolawole@icloud.com[0m
[0;34m[2026-03-17 02:30:01] DEBUG: Checking calendar for next 48 hours...[0m
[0;34m[2026-03-17 02:30:01] DEBUG: Checking IHS Towers follow-ups...[0m
[1;33m[2026-03-17 02:30:01] WARN: Found 2 urgent item(s) requiring attention[0m
[0;32m[2026-03-17 03:00:00] INFO: === Starting Heartbeat + Maintenance ===[0m
[0;32m[2026-03-17 03:00:00] INFO: Quiet hours (23:00-08:00), running minimal checks only[0m
[0;32m[2026-03-17 03:00:00] INFO: Checking HEARTBEAT conditions...[0m
[1;33m[2026-03-17 03:00:00] WARN: Alert triggered: IHS Towers email detected - URGENT[0m
[1;33m[2026-03-17 03:00:00] WARN: Failed to send iMessage alert to temikolawole@icloud.com[0m
[1;33m[2026-03-17 03:00:00] WARN: Alert triggered: Deadline within 24 hours[0m
[1;33m[2026-03-17 03:00:00] WARN: Failed to send iMessage alert to temikolawole@icloud.com[0m
[0;34m[2026-03-17 03:00:00] DEBUG: Checking calendar for next 48 hours...[0m
[0;34m[2026-03-17 03:00:00] DEBUG: Checking IHS Towers follow-ups...[0m
[1;33m[2026-03-17 03:00:00] WARN: Found 2 urgent item(s) requiring attention[0m
[0;32m[2026-03-17 03:30:00] INFO: === Starting Heartbeat + Maintenance ===[0m
[0;32m[2026-03-17 03:30:00] INFO: Quiet hours (23:00-08:00), running minimal checks only[0m
[0;32m[2026-03-17 03:30:00] INFO: Checking HEARTBEAT conditions...[0m
[1;33m[2026-03-17 03:30:00] WARN: Alert triggered: IHS Towers email detected - URGENT[0m
[1;33m[2026-03-17 03:30:01] WARN: Failed to send iMessage alert to temikolawole@icloud.com[0m
[1;33m[2026-03-17 03:30:01] WARN: Alert triggered: Deadline within 24 hours[0m
[1;33m[2026-03-17 03:30:01] WARN: Failed to send iMessage alert to temikolawole@icloud.com[0m
[0;34m[2026-03-17 03:30:01] DEBUG: Checking calendar for next 48 hours...[0m
[0;34m[2026-03-17 03:30:01] DEBUG: Checking IHS Towers follow-ups...[0m
[1;33m[2026-03-17 03:30:01] WARN: Found 2 urgent item(s) requiring attention[0m
[0;32m[2026-03-17 04:00:00] INFO: === Starting Heartbeat + Maintenance ===[0m
[0;32m[2026-03-17 04:00:00] INFO: Quiet hours (23:00-08:00), running minimal checks only[0m
[0;32m[2026-03-17 04:00:00] INFO: Checking HEARTBEAT conditions...[0m
[1;33m[2026-03-17 04:00:00] WARN: Alert triggered: IHS Towers email detected - URGENT[0m
[1;33m[2026-03-17 04:00:00] WARN: Failed to send iMessage alert to temikolawole@icloud.com[0m
[1;33m[2026-03-17 04:00:00] WARN: Alert triggered: Deadline within 24 hours[0m
[1;33m[2026-03-17 04:00:00] WARN: Failed to send iMessage alert to temikolawole@icloud.com[0m
[0;34m[2026-03-17 04:00:00] DEBUG: Checking calendar for next 48 hours...[0m
[0;34m[2026-03-17 04:00:00] DEBUG: Checking IHS Towers follow-ups...[0m
[1;33m[2026-03-17 04:00:00] WARN: Found 2 urgent item(s) requiring attention[0m
[0;32m[2026-03-17 04:30:00] INFO: === Starting Heartbeat + Maintenance ===[0m
[0;32m[2026-03-17 04:30:00] INFO: Quiet hours (23:00-08:00), running minimal checks only[0m
[0;32m[2026-03-17 04:30:00] INFO: Checking HEARTBEAT conditions...[0m
[1;33m[2026-03-17 04:30:00] WARN: Alert triggered: IHS Towers email detected - URGENT[0m
[1;33m[2026-03-17 04:30:00] WARN: Failed to send iMessage alert to temikolawole@icloud.com[0m
[1;33m[2026-03-17 04:30:00] WARN: Alert triggered: Deadline within 24 hours[0m
[1;33m[2026-03-17 04:30:00] WARN: Failed to send iMessage alert to temikolawole@icloud.com[0m
[0;34m[2026-03-17 04:30:00] DEBUG: Checking calendar for next 48 hours...[0m
[0;34m[2026-03-17 04:30:00] DEBUG: Checking IHS Towers follow-ups...[0m
[1;33m[2026-03-17 04:30:00] WARN: Found 2 urgent item(s) requiring attention[0m
[0;32m[2026-03-17 05:00:00] INFO: === Starting Heartbeat + Maintenance ===[0m
[0;32m[2026-03-17 05:00:00] INFO: Quiet hours (23:00-08:00), running minimal checks only[0m
[0;32m[2026-03-17 05:00:00] INFO: Checking HEARTBEAT conditions...[0m
[1;33m[2026-03-17 05:00:00] WARN: Alert triggered: IHS Towers email detected - URGENT[0m
[1;33m[2026-03-17 05:00:00] WARN: Failed to send iMessage alert to temikolawole@icloud.com[0m
[1;33m[2026-03-17 05:00:00] WARN: Alert triggered: Deadline within 24 hours[0m
[1;33m[2026-03-17 05:00:00] WARN: Failed to send iMessage alert to temikolawole@icloud.com[0m
[0;34m[2026-03-17 05:00:00] DEBUG: Checking calendar for next 48 hours...[0m
[0;34m[2026-03-17 05:00:00] DEBUG: Checking IHS Towers follow-ups...[0m
[1;33m[2026-03-17 05:00:00] WARN: Found 2 urgent item(s) requiring attention[0m
[0;32m[2026-03-17 05:30:00] INFO: === Starting Heartbeat + Maintenance ===[0m
[0;32m[2026-03-17 05:30:00] INFO: Quiet hours (23:00-08:00), running minimal checks only[0m
[0;32m[2026-03-17 05:30:00] INFO: Checking HEARTBEAT conditions...[0m
[1;33m[2026-03-17 05:30:00] WARN: Alert triggered: IHS Towers email detected - URGENT[0m
[1;33m[2026-03-17 05:30:00] WARN: Failed to send iMessage alert to temikolawole@icloud.com[0m
[1;33m[2026-03-17 05:30:00] WARN: Alert triggered: Deadline within 24 hours[0m
[1;33m[2026-03-17 05:30:00] WARN: Failed to send iMessage alert to temikolawole@icloud.com[0m
[0;34m[2026-03-17 05:30:00] DEBUG: Checking calendar for next 48 hours...[0m
[0;34m[2026-03-17 05:30:00] DEBUG: Checking IHS Towers follow-ups...[0m
[1;33m[2026-03-17 05:30:00] WARN: Found 2 urgent item(s) requiring attention[0m
[0;32m[2026-03-17 06:00:00] INFO: === Starting Heartbeat + Maintenance ===[0m
[0;32m[2026-03-17 06:00:00] INFO: Quiet hours (23:00-08:00), running minimal checks only[0m
[0;32m[2026-03-17 06:00:00] INFO: Checking HEARTBEAT conditions...[0m
[1;33m[2026-03-17 06:00:00] WARN: Alert triggered: IHS Towers email detected - URGENT[0m
[1;33m[2026-03-17 06:00:00] WARN: Failed to send iMessage alert to temikolawole@icloud.com[0m
[1;33m[2026-03-17 06:00:00] WARN: Alert triggered: Deadline within 24 hours[0m
[1;33m[2026-03-17 06:00:00] WARN: Failed to send iMessage alert to temikolawole@icloud.com[0m
[0;34m[2026-03-17 06:00:00] DEBUG: Checking calendar for next 48 hours...[0m
[0;34m[2026-03-17 06:00:00] DEBUG: Checking IHS Towers follow-ups...[0m
[1;33m[2026-03-17 06:00:00] WARN: Found 2 urgent item(s) requiring attention[0m
[0;32m[2026-03-17 06:30:00] INFO: === Starting Heartbeat + Maintenance ===[0m
[0;32m[2026-03-17 06:30:00] INFO: Quiet hours (23:00-08:00), running minimal checks only[0m
[0;32m[2026-03-17 06:30:00] INFO: Checking HEARTBEAT conditions...[0m
[1;33m[2026-03-17 06:30:00] WARN: Alert triggered: IHS Towers email detected - URGENT[0m
[1;33m[2026-03-17 06:30:00] WARN: Failed to send iMessage alert to temikolawole@icloud.com[0m
[1;33m[2026-03-17 06:30:00] WARN: Alert triggered: Deadline within 24 hours[0m
[1;33m[2026-03-17 06:30:00] WARN: Failed to send iMessage alert to temikolawole@icloud.com[0m
[0;34m[2026-03-17 06:30:00] DEBUG: Checking calendar for next 48 hours...[0m
[0;34m[2026-03-17 06:30:00] DEBUG: Checking IHS Towers follow-ups...[0m
[1;33m[2026-03-17 06:30:00] WARN: Found 2 urgent item(s) requiring attention[0m
[0;32m[2026-03-17 07:00:00] INFO: === Starting Heartbeat + Maintenance ===[0m
[0;32m[2026-03-17 07:00:00] INFO: Quiet hours (23:00-08:00), running minimal checks only[0m
[0;32m[2026-03-17 07:00:00] INFO: Checking HEARTBEAT conditions...[0m
[1;33m[2026-03-17 07:00:00] WARN: Alert triggered: IHS Towers email detected - URGENT[0m
[1;33m[2026-03-17 07:00:00] WARN: Failed to send iMessage alert to temikolawole@icloud.com[0m
[1;33m[2026-03-17 07:00:00] WARN: Alert triggered: Deadline within 24 hours[0m
[1;33m[2026-03-17 07:00:00] WARN: Failed to send iMessage alert to temikolawole@icloud.com[0m
[0;34m[2026-03-17 07:00:00] DEBUG: Checking calendar for next 48 hours...[0m
[0;34m[2026-03-17 07:00:00] DEBUG: Checking IHS Towers follow-ups...[0m
[1;33m[2026-03-17 07:00:00] WARN: Found 2 urgent item(s) requiring attention[0m
[0;32m[2026-03-17 07:30:00] INFO: === Starting Heartbeat + Maintenance ===[0m
[0;32m[2026-03-17 07:30:00] INFO: Quiet hours (23:00-08:00), running minimal checks only[0m
[0;32m[2026-03-17 07:30:00] INFO: Checking HEARTBEAT conditions...[0m
[1;33m[2026-03-17 07:30:00] WARN: Alert triggered: IHS Towers email detected - URGENT[0m
[1;33m[2026-03-17 07:30:00] WARN: Failed to send iMessage alert to temikolawole@icloud.com[0m
[1;33m[2026-03-17 07:30:00] WARN: Alert triggered: Deadline within 24 hours[0m
[1;33m[2026-03-17 07:30:00] WARN: Failed to send iMessage alert to temikolawole@icloud.com[0m
[0;34m[2026-03-17 07:30:00] DEBUG: Checking calendar for next 48 hours...[0m
[0;34m[2026-03-17 07:30:00] DEBUG: Checking IHS Towers follow-ups...[0m
[1;33m[2026-03-17 07:30:00] WARN: Found 2 urgent item(s) requiring attention[0m
[0;32m[2026-03-17 08:00:00] INFO: === Starting Heartbeat + Maintenance ===[0m
[0;32m[2026-03-17 08:00:00] INFO: Checking HEARTBEAT conditions...[0m
[1;33m[2026-03-17 08:00:00] WARN: Alert triggered: IHS Towers email detected - URGENT[0m
[1;33m[2026-03-17 08:00:00] WARN: Failed to send iMessage alert to temikolawole@icloud.com[0m
[1;33m[2026-03-17 08:00:00] WARN: Alert triggered: Deadline within 24 hours[0m
[1;33m[2026-03-17 08:00:00] WARN: Failed to send iMessage alert to temikolawole@icloud.com[0m
[0;34m[2026-03-17 08:00:00] DEBUG: Checking calendar for next 48 hours...[0m
[0;34m[2026-03-17 08:00:00] DEBUG: Checking IHS Towers follow-ups...[0m
[1;33m[2026-03-17 08:00:00] WARN: Found 2 urgent item(s) requiring attention[0m
[0;32m[2026-03-17 08:30:00] INFO: === Starting Heartbeat + Maintenance ===[0m
[0;32m[2026-03-17 08:30:00] INFO: Checking HEARTBEAT conditions...[0m
[1;33m[2026-03-17 08:30:00] WARN: Alert triggered: IHS Towers email detected - URGENT[0m
[1;33m[2026-03-17 08:30:00] WARN: Failed to send iMessage alert to temikolawole@icloud.com[0m
[1;33m[2026-03-17 08:30:00] WARN: Alert triggered: Deadline within 24 hours[0m
[1;33m[2026-03-17 08:30:00] WARN: Failed to send iMessage alert to temikolawole@icloud.com[0m
[0;34m[2026-03-17 08:30:00] DEBUG: Checking calendar for next 48 hours...[0m
[0;32m[2026-03-17 08:30:00] INFO: Found 1 upcoming event(s) in next 48 hours[0m
[1;33m[2026-03-17 08:30:01] WARN: Meeting preparation may be needed for upcoming events[0m
[0;32m[2026-03-17 09:00:00] INFO: === Starting Heartbeat + Maintenance ===[0m
[0;32m[2026-03-17 09:00:00] INFO: Checking HEARTBEAT conditions...[0m
[1;33m[2026-03-17 09:00:00] WARN: Alert triggered: IHS Towers email detected - URGENT[0m
[1;33m[2026-03-17 09:00:00] WARN: Failed to send iMessage alert to temikolawole@icloud.com[0m
[1;33m[2026-03-17 09:00:00] WARN: Alert triggered: Deadline within 24 hours[0m
[1;33m[2026-03-17 09:00:00] WARN: Failed to send iMessage alert to temikolawole@icloud.com[0m
[0;34m[2026-03-17 09:00:00] DEBUG: Checking calendar for next 48 hours...[0m
[0;34m[2026-03-17 09:00:00] DEBUG: Checking IHS Towers follow-ups...[0m
[1;33m[2026-03-17 09:00:00] WARN: Found 2 urgent item(s) requiring attention[0m
[0;32m[2026-03-17 09:30:00] INFO: === Starting Heartbeat + Maintenance ===[0m
[0;32m[2026-03-17 09:30:00] INFO: Checking HEARTBEAT conditions...[0m
[1;33m[2026-03-17 09:30:00] WARN: Alert triggered: IHS Towers email detected - URGENT[0m
[1;33m[2026-03-17 09:30:00] WARN: Failed to send iMessage alert to temikolawole@icloud.com[0m
[1;33m[2026-03-17 09:30:00] WARN: Alert triggered: Deadline within 24 hours[0m
[1;33m[2026-03-17 09:30:00] WARN: Failed to send iMessage alert to temikolawole@icloud.com[0m
[0;34m[2026-03-17 09:30:00] DEBUG: Checking calendar for next 48 hours...[0m
[0;34m[2026-03-17 09:30:00] DEBUG: Checking IHS Towers follow-ups...[0m
[1;33m[2026-03-17 09:30:00] WARN: Found 2 urgent item(s) requiring attention[0m
[0;32m[2026-03-17 10:00:00] INFO: === Starting Heartbeat + Maintenance ===[0m
[0;32m[2026-03-17 10:00:00] INFO: Checking HEARTBEAT conditions...[0m
[1;33m[2026-03-17 10:00:00] WARN: Alert triggered: IHS Towers email detected - URGENT[0m
[1;33m[2026-03-17 10:00:00] WARN: Failed to send iMessage alert to temikolawole@icloud.com[0m
[1;33m[2026-03-17 10:00:00] WARN: Alert triggered: Deadline within 24 hours[0m
[1;33m[2026-03-17 10:00:00] WARN: Failed to send iMessage alert to temikolawole@icloud.com[0m
[0;34m[2026-03-17 10:00:00] DEBUG: Checking calendar for next 48 hours...[0m
[0;34m[2026-03-17 10:00:00] DEBUG: Checking IHS Towers follow-ups...[0m
[1;33m[2026-03-17 10:00:00] WARN: Found 2 urgent item(s) requiring attention[0m
[0;32m[2026-03-17 10:30:00] INFO: === Starting Heartbeat + Maintenance ===[0m
[0;32m[2026-03-17 10:30:00] INFO: Checking HEARTBEAT conditions...[0m
[1;33m[2026-03-17 10:30:00] WARN: Alert triggered: IHS Towers email detected - URGENT[0m
[1;33m[2026-03-17 10:30:00] WARN: Failed to send iMessage alert to temikolawole@icloud.com[0m
[1;33m[2026-03-17 10:30:00] WARN: Alert triggered: Deadline within 24 hours[0m
[1;33m[2026-03-17 10:30:00] WARN: Failed to send iMessage alert to temikolawole@icloud.com[0m
[0;34m[2026-03-17 10:30:00] DEBUG: Checking calendar for next 48 hours...[0m
[0;34m[2026-03-17 10:30:00] DEBUG: Checking IHS Towers follow-ups...[0m
[1;33m[2026-03-17 10:30:00] WARN: Found 2 urgent item(s) requiring attention[0m
[0;32m[2026-03-17 11:00:00] INFO: === Starting Heartbeat + Maintenance ===[0m
[0;32m[2026-03-17 11:00:00] INFO: Checking HEARTBEAT conditions...[0m
[1;33m[2026-03-17 11:00:00] WARN: Alert triggered: IHS Towers email detected - URGENT[0m
[1;33m[2026-03-17 11:00:00] WARN: Failed to send iMessage alert to temikolawole@icloud.com[0m
[1;33m[2026-03-17 11:00:00] WARN: Alert triggered: Deadline within 24 hours[0m
[1;33m[2026-03-17 11:00:00] WARN: Failed to send iMessage alert to temikolawole@icloud.com[0m
[0;34m[2026-03-17 11:00:00] DEBUG: Checking calendar for next 48 hours...[0m
[0;34m[2026-03-17 11:00:00] DEBUG: Checking IHS Towers follow-ups...[0m
[1;33m[2026-03-17 11:00:00] WARN: Found 2 urgent item(s) requiring attention[0m
[0;32m[2026-03-17 11:30:01] INFO: === Starting Heartbeat + Maintenance ===[0m
[0;32m[2026-03-17 11:30:01] INFO: Checking HEARTBEAT conditions...[0m
[1;33m[2026-03-17 11:30:01] WARN: Alert triggered: IHS Towers email detected - URGENT[0m
[1;33m[2026-03-17 11:30:01] WARN: Failed to send iMessage alert to temikolawole@icloud.com[0m
[1;33m[2026-03-17 11:30:01] WARN: Alert triggered: Deadline within 24 hours[0m
[1;33m[2026-03-17 11:30:01] WARN: Failed to send iMessage alert to temikolawole@icloud.com[0m
[0;34m[2026-03-17 11:30:01] DEBUG: Checking calendar for next 48 hours...[0m
[0;34m[2026-03-17 11:30:01] DEBUG: Checking IHS Towers follow-ups...[0m
[1;33m[2026-03-17 11:30:01] WARN: IHS Towers follow-up may be needed[0m
[0;32m[2026-03-17 12:00:00] INFO: === Starting Heartbeat + Maintenance ===[0m
[0;32m[2026-03-17 12:00:00] INFO: Checking HEARTBEAT conditions...[0m
[1;33m[2026-03-17 12:00:00] WARN: Alert triggered: IHS Towers email detected - URGENT[0m
[1;33m[2026-03-17 12:00:00] WARN: Failed to send iMessage alert to temikolawole@icloud.com[0m
[1;33m[2026-03-17 12:00:00] WARN: Alert triggered: Deadline within 24 hours[0m
[1;33m[2026-03-17 12:00:00] WARN: Failed to send iMessage alert to temikolawole@icloud.com[0m
[0;34m[2026-03-17 12:00:00] DEBUG: Checking calendar for next 48 hours...[0m
[0;34m[2026-03-17 12:00:00] DEBUG: Checking IHS Towers follow-ups...[0m
[1;33m[2026-03-17 12:00:00] WARN: Found 2 urgent item(s) requiring attention[0m
[0;32m[2026-03-17 12:30:00] INFO: === Starting Heartbeat + Maintenance ===[0m
[0;32m[2026-03-17 12:30:00] INFO: Checking HEARTBEAT conditions...[0m
[1;33m[2026-03-17 12:30:00] WARN: Alert triggered: IHS Towers email detected - URGENT[0m
[1;33m[2026-03-17 12:30:00] WARN: Failed to send iMessage alert to temikolawole@icloud.com[0m
[1;33m[2026-03-17 12:30:00] WARN: Alert triggered: Deadline within 24 hours[0m
[1;33m[2026-03-17 12:30:00] WARN: Failed to send iMessage alert to temikolawole@icloud.com[0m
[0;34m[2026-03-17 12:30:00] DEBUG: Checking calendar for next 48 hours...[0m
[0;34m[2026-03-17 12:30:00] DEBUG: Checking IHS Towers follow-ups...[0m
[1;33m[2026-03-17 12:30:00] WARN: Found 2 urgent item(s) requiring attention[0m
[0;32m[2026-03-17 13:00:00] INFO: === Starting Heartbeat + Maintenance ===[0m
[0;32m[2026-03-17 13:00:00] INFO: Checking HEARTBEAT conditions...[0m
[1;33m[2026-03-17 13:00:00] WARN: Alert triggered: IHS Towers email detected - URGENT[0m
[1;33m[2026-03-17 13:00:00] WARN: Failed to send iMessage alert to temikolawole@icloud.com[0m
[1;33m[2026-03-17 13:00:00] WARN: Alert triggered: Deadline within 24 hours[0m
[1;33m[2026-03-17 13:00:00] WARN: Failed to send iMessage alert to temikolawole@icloud.com[0m
[0;34m[2026-03-17 13:00:00] DEBUG: Checking calendar for next 48 hours...[0m
[0;34m[2026-03-17 13:00:00] DEBUG: Checking IHS Towers follow-ups...[0m
[1;33m[2026-03-17 13:00:00] WARN: Found 2 urgent item(s) requiring attention[0m
[0;32m[2026-03-17 13:30:00] INFO: === Starting Heartbeat + Maintenance ===[0m
[0;32m[2026-03-17 13:30:00] INFO: Checking HEARTBEAT conditions...[0m
[1;33m[2026-03-17 13:30:00] WARN: Alert triggered: IHS Towers email detected - URGENT[0m
[1;33m[2026-03-17 13:30:00] WARN: Failed to send iMessage alert to temikolawole@icloud.com[0m
[1;33m[2026-03-17 13:30:00] WARN: Alert triggered: Deadline within 24 hours[0m
[1;33m[2026-03-17 13:30:00] WARN: Failed to send iMessage alert to temikolawole@icloud.com[0m
[0;34m[2026-03-17 13:30:00] DEBUG: Checking calendar for next 48 hours...[0m
[0;34m[2026-03-17 13:30:00] DEBUG: Checking IHS Towers follow-ups...[0m
[1;33m[2026-03-17 13:30:00] WARN: Found 2 urgent item(s) requiring attention[0m
[0;32m[2026-03-17 14:00:00] INFO: === Starting Heartbeat + Maintenance ===[0m
[0;32m[2026-03-17 14:00:00] INFO: Checking HEARTBEAT conditions...[0m
[1;33m[2026-03-17 14:00:00] WARN: Alert triggered: IHS Towers email detected - URGENT[0m
[1;33m[2026-03-17 14:00:00] WARN: Failed to send iMessage alert to temikolawole@icloud.com[0m
[1;33m[2026-03-17 14:00:00] WARN: Alert triggered: Deadline within 24 hours[0m
[1;33m[2026-03-17 14:00:00] WARN: Failed to send iMessage alert to temikolawole@icloud.com[0m
[0;34m[2026-03-17 14:00:00] DEBUG: Checking calendar for next 48 hours...[0m
[0;34m[2026-03-17 14:00:00] DEBUG: Checking IHS Towers follow-ups...[0m
[1;33m[2026-03-17 14:00:00] WARN: Found 2 urgent item(s) requiring attention[0m
[0;32m[2026-03-17 14:30:00] INFO: === Starting Heartbeat + Maintenance ===[0m
[0;32m[2026-03-17 14:30:00] INFO: Checking HEARTBEAT conditions...[0m
[1;33m[2026-03-17 14:30:00] WARN: Alert triggered: IHS Towers email detected - URGENT[0m
[1;33m[2026-03-17 14:30:00] WARN: Failed to send iMessage alert to temikolawole@icloud.com[0m
[1;33m[2026-03-17 14:30:00] WARN: Alert triggered: Deadline within 24 hours[0m
[1;33m[2026-03-17 14:30:01] WARN: Failed to send iMessage alert to temikolawole@icloud.com[0m
[0;34m[2026-03-17 14:30:01] DEBUG: Checking calendar for next 48 hours...[0m
[0;34m[2026-03-17 14:30:01] DEBUG: Checking IHS Towers follow-ups...[0m
[1;33m[2026-03-17 14:30:01] WARN: Found 2 urgent item(s) requiring attention[0m
[0;32m[2026-03-17 15:00:00] INFO: === Starting Heartbeat + Maintenance ===[0m
[0;32m[2026-03-17 15:00:00] INFO: Checking HEARTBEAT conditions...[0m
[1;33m[2026-03-17 15:00:00] WARN: Alert triggered: IHS Towers email detected - URGENT[0m
[1;33m[2026-03-17 15:00:00] WARN: Failed to send iMessage alert to temikolawole@icloud.com[0m
[1;33m[2026-03-17 15:00:00] WARN: Alert triggered: Deadline within 24 hours[0m
[1;33m[2026-03-17 15:00:00] WARN: Failed to send iMessage alert to temikolawole@icloud.com[0m
[0;34m[2026-03-17 15:00:00] DEBUG: Checking calendar for next 48 hours...[0m
[0;34m[2026-03-17 15:00:00] DEBUG: Checking IHS Towers follow-ups...[0m
[1;33m[2026-03-17 15:00:00] WARN: Found 2 urgent item(s) requiring attention[0m
[0;32m[2026-03-17 15:30:00] INFO: === Starting Heartbeat + Maintenance ===[0m
[0;32m[2026-03-17 15:30:00] INFO: Checking HEARTBEAT conditions...[0m
[1;33m[2026-03-17 15:30:00] WARN: Alert triggered: IHS Towers email detected - URGENT[0m
[1;33m[2026-03-17 15:30:00] WARN: Failed to send iMessage alert to temikolawole@icloud.com[0m
[1;33m[2026-03-17 15:30:00] WARN: Alert triggered: Deadline within 24 hours[0m
[1;33m[2026-03-17 15:30:00] WARN: Failed to send iMessage alert to temikolawole@icloud.com[0m
[0;34m[2026-03-17 15:30:00] DEBUG: Checking calendar for next 48 hours...[0m
[0;34m[2026-03-17 15:30:00] DEBUG: Checking IHS Towers follow-ups...[0m
[1;33m[2026-03-17 15:30:00] WARN: Found 2 urgent item(s) requiring attention[0m
[0;32m[2026-03-17 16:00:00] INFO: === Starting Heartbeat + Maintenance ===[0m
[0;32m[2026-03-17 16:00:00] INFO: Checking HEARTBEAT conditions...[0m
[1;33m[2026-03-17 16:00:00] WARN: Alert triggered: IHS Towers email detected - URGENT[0m
[1;33m[2026-03-17 16:00:00] WARN: Failed to send iMessage alert to temikolawole@icloud.com[0m
[1;33m[2026-03-17 16:00:00] WARN: Alert triggered: Deadline within 24 hours[0m
[1;33m[2026-03-17 16:00:00] WARN: Failed to send iMessage alert to temikolawole@icloud.com[0m
[0;34m[2026-03-17 16:00:00] DEBUG: Checking calendar for next 48 hours...[0m
[0;34m[2026-03-17 16:00:00] DEBUG: Checking IHS Towers follow-ups...[0m
[1;33m[2026-03-17 16:00:00] WARN: Found 2 urgent item(s) requiring attention[0m
[0;32m[2026-03-17 16:30:00] INFO: === Starting Heartbeat + Maintenance ===[0m
[0;32m[2026-03-17 16:30:00] INFO: Checking HEARTBEAT conditions...[0m
[1;33m[2026-03-17 16:30:00] WARN: Alert triggered: IHS Towers email detected - URGENT[0m
[1;33m[2026-03-17 16:30:00] WARN: Failed to send iMessage alert to temikolawole@icloud.com[0m
[1;33m[2026-03-17 16:30:00] WARN: Alert triggered: Deadline within 24 hours[0m
[1;33m[2026-03-17 16:30:00] WARN: Failed to send iMessage alert to temikolawole@icloud.com[0m
[0;34m[2026-03-17 16:30:00] DEBUG: Checking calendar for next 48 hours...[0m
[0;32m[2026-03-17 16:30:00] INFO: Found 3 upcoming event(s) in next 48 hours[0m
[0;32m[2026-03-17 17:00:00] INFO: === Starting Heartbeat + Maintenance ===[0m
[0;32m[2026-03-17 17:00:00] INFO: Checking HEARTBEAT conditions...[0m
[1;33m[2026-03-17 17:00:00] WARN: Alert triggered: IHS Towers email detected - URGENT[0m
[1;33m[2026-03-17 17:00:00] WARN: Failed to send iMessage alert to temikolawole@icloud.com[0m
[1;33m[2026-03-17 17:00:00] WARN: Alert triggered: Deadline within 24 hours[0m
[1;33m[2026-03-17 17:00:00] WARN: Failed to send iMessage alert to temikolawole@icloud.com[0m
[0;34m[2026-03-17 17:00:00] DEBUG: Checking calendar for next 48 hours...[0m
[0;34m[2026-03-17 17:00:00] DEBUG: Checking IHS Towers follow-ups...[0m
[1;33m[2026-03-17 17:00:00] WARN: Found 2 urgent item(s) requiring attention[0m
[0;32m[2026-03-17 17:30:00] INFO: === Starting Heartbeat + Maintenance ===[0m
[0;32m[2026-03-17 17:30:00] INFO: Checking HEARTBEAT conditions...[0m
[1;33m[2026-03-17 17:30:00] WARN: Alert triggered: IHS Towers email detected - URGENT[0m
[1;33m[2026-03-17 17:30:00] WARN: Failed to send iMessage alert to temikolawole@icloud.com[0m
[1;33m[2026-03-17 17:30:00] WARN: Alert triggered: Deadline within 24 hours[0m
[1;33m[2026-03-17 17:30:00] WARN: Failed to send iMessage alert to temikolawole@icloud.com[0m
[0;34m[2026-03-17 17:30:00] DEBUG: Checking calendar for next 48 hours...[0m
[0;32m[2026-03-17 17:30:00] INFO: Found 2 upcoming event(s) in next 48 hours[0m
[0;32m[2026-03-17 18:00:01] INFO: === Starting Heartbeat + Maintenance ===[0m
[0;32m[2026-03-17 18:00:01] INFO: Checking HEARTBEAT conditions...[0m
[1;33m[2026-03-17 18:00:01] WARN: Alert triggered: IHS Towers email detected - URGENT[0m
[1;33m[2026-03-17 18:00:01] WARN: Failed to send iMessage alert to temikolawole@icloud.com[0m
[1;33m[2026-03-17 18:00:01] WARN: Alert triggered: Deadline within 24 hours[0m
[1;33m[2026-03-17 18:00:01] WARN: Failed to send iMessage alert to temikolawole@icloud.com[0m
[0;34m[2026-03-17 18:00:01] DEBUG: Checking calendar for next 48 hours...[0m
[0;34m[2026-03-17 18:00:01] DEBUG: Checking IHS Towers follow-ups...[0m
[1;33m[2026-03-17 18:00:01] WARN: Found 2 urgent item(s) requiring attention[0m
[0;32m[2026-03-17 18:30:00] INFO: === Starting Heartbeat + Maintenance ===[0m
[0;32m[2026-03-17 18:30:00] INFO: Checking HEARTBEAT conditions...[0m
[1;33m[2026-03-17 18:30:00] WARN: Alert triggered: IHS Towers email detected - URGENT[0m
[1;33m[2026-03-17 18:30:00] WARN: Failed to send iMessage alert to temikolawole@icloud.com[0m
[1;33m[2026-03-17 18:30:00] WARN: Alert triggered: Deadline within 24 hours[0m
[1;33m[2026-03-17 18:30:00] WARN: Failed to send iMessage alert to temikolawole@icloud.com[0m
[0;34m[2026-03-17 18:30:00] DEBUG: Checking calendar for next 48 hours...[0m
[0;34m[2026-03-17 18:30:00] DEBUG: Checking IHS Towers follow-ups...[0m
[1;33m[2026-03-17 18:30:00] WARN: Found 2 urgent item(s) requiring attention[0m
[0;32m[2026-03-17 19:00:01] INFO: === Starting Heartbeat + Maintenance ===[0m
[0;32m[2026-03-17 19:00:01] INFO: Checking HEARTBEAT conditions...[0m
[1;33m[2026-03-17 19:00:01] WARN: Alert triggered: IHS Towers email detected - URGENT[0m
[1;33m[2026-03-17 19:00:01] WARN: Failed to send iMessage alert to temikolawole@icloud.com[0m
[1;33m[2026-03-17 19:00:01] WARN: Alert triggered: Deadline within 24 hours[0m
[1;33m[2026-03-17 19:00:01] WARN: Failed to send iMessage alert to temikolawole@icloud.com[0m
[0;34m[2026-03-17 19:00:01] DEBUG: Checking calendar for next 48 hours...[0m
[0;34m[2026-03-17 19:00:01] DEBUG: Checking IHS Towers follow-ups...[0m
[1;33m[2026-03-17 19:00:01] WARN: Found 2 urgent item(s) requiring attention[0m
[0;32m[2026-03-17 19:30:00] INFO: === Starting Heartbeat + Maintenance ===[0m
[0;32m[2026-03-17 19:30:00] INFO: Checking HEARTBEAT conditions...[0m
[1;33m[2026-03-17 19:30:00] WARN: Alert triggered: IHS Towers email detected - URGENT[0m
[1;33m[2026-03-17 19:30:00] WARN: Failed to send iMessage alert to temikolawole@icloud.com[0m
[1;33m[2026-03-17 19:30:00] WARN: Alert triggered: Deadline within 24 hours[0m
[1;33m[2026-03-17 19:30:00] WARN: Failed to send iMessage alert to temikolawole@icloud.com[0m
[0;34m[2026-03-17 19:30:00] DEBUG: Checking calendar for next 48 hours...[0m
[0;34m[2026-03-17 19:30:00] DEBUG: Checking IHS Towers follow-ups...[0m
[1;33m[2026-03-17 19:30:00] WARN: Found 2 urgent item(s) requiring attention[0m
[0;32m[2026-03-17 20:00:00] INFO: === Starting Heartbeat + Maintenance ===[0m
[0;32m[2026-03-17 20:00:00] INFO: Checking HEARTBEAT conditions...[0m
[1;33m[2026-03-17 20:00:00] WARN: Alert triggered: IHS Towers email detected - URGENT[0m
[1;33m[2026-03-17 20:00:00] WARN: Failed to send iMessage alert to temikolawole@icloud.com[0m
[1;33m[2026-03-17 20:00:00] WARN: Alert triggered: Deadline within 24 hours[0m
[1;33m[2026-03-17 20:00:00] WARN: Failed to send iMessage alert to temikolawole@icloud.com[0m
[0;34m[2026-03-17 20:00:00] DEBUG: Checking calendar for next 48 hours...[0m
[0;34m[2026-03-17 20:00:00] DEBUG: Checking IHS Towers follow-ups...[0m
[1;33m[2026-03-17 20:00:00] WARN: Found 2 urgent item(s) requiring attention[0m
[0;32m[2026-03-17 20:30:01] INFO: === Starting Heartbeat + Maintenance ===[0m
[0;32m[2026-03-17 20:30:01] INFO: Checking HEARTBEAT conditions...[0m
[1;33m[2026-03-17 20:30:01] WARN: Alert triggered: IHS Towers email detected - URGENT[0m
[1;33m[2026-03-17 20:30:01] WARN: Failed to send iMessage alert to temikolawole@icloud.com[0m
[1;33m[2026-03-17 20:30:01] WARN: Alert triggered: Deadline within 24 hours[0m
[1;33m[2026-03-17 20:30:01] WARN: Failed to send iMessage alert to temikolawole@icloud.com[0m
[0;34m[2026-03-17 20:30:01] DEBUG: Checking calendar for next 48 hours...[0m
[0;34m[2026-03-17 20:30:01] DEBUG: Checking IHS Towers follow-ups...[0m
[1;33m[2026-03-17 20:30:01] WARN: Found 2 urgent item(s) requiring attention[0m
[0;32m[2026-03-17 21:00:00] INFO: === Starting Heartbeat + Maintenance ===[0m
[0;32m[2026-03-17 21:00:00] INFO: Checking HEARTBEAT conditions...[0m
[1;33m[2026-03-17 21:00:00] WARN: Alert triggered: IHS Towers email detected - URGENT[0m
[1;33m[2026-03-17 21:00:00] WARN: Failed to send iMessage alert to temikolawole@icloud.com[0m
[1;33m[2026-03-17 21:00:00] WARN: Alert triggered: Deadline within 24 hours[0m
[1;33m[2026-03-17 21:00:00] WARN: Failed to send iMessage alert to temikolawole@icloud.com[0m
[0;34m[2026-03-17 21:00:00] DEBUG: Checking calendar for next 48 hours...[0m
[0;34m[2026-03-17 21:00:00] DEBUG: Checking IHS Towers follow-ups...[0m
[1;33m[2026-03-17 21:00:00] WARN: Found 2 urgent item(s) requiring attention[0m
[0;32m[2026-03-17 21:30:00] INFO: === Starting Heartbeat + Maintenance ===[0m
[0;32m[2026-03-17 21:30:00] INFO: Checking HEARTBEAT conditions...[0m
[1;33m[2026-03-17 21:30:00] WARN: Alert triggered: IHS Towers email detected - URGENT[0m
[1;33m[2026-03-17 21:30:00] WARN: Failed to send iMessage alert to temikolawole@icloud.com[0m
[1;33m[2026-03-17 21:30:00] WARN: Alert triggered: Deadline within 24 hours[0m
[1;33m[2026-03-17 21:30:00] WARN: Failed to send iMessage alert to temikolawole@icloud.com[0m
[0;34m[2026-03-17 21:30:00] DEBUG: Checking calendar for next 48 hours...[0m
[0;34m[2026-03-17 21:30:00] DEBUG: Checking IHS Towers follow-ups...[0m
[1;33m[2026-03-17 21:30:00] WARN: Found 2 urgent item(s) requiring attention[0m
[0;32m[2026-03-17 22:00:00] INFO: === Starting Heartbeat + Maintenance ===[0m
[0;32m[2026-03-17 22:00:00] INFO: Checking HEARTBEAT conditions...[0m
[1;33m[2026-03-17 22:00:00] WARN: Alert triggered: IHS Towers email detected - URGENT[0m
[1;33m[2026-03-17 22:00:00] WARN: Failed to send iMessage alert to temikolawole@icloud.com[0m
[1;33m[2026-03-17 22:00:00] WARN: Alert triggered: Deadline within 24 hours[0m
[1;33m[2026-03-17 22:00:00] WARN: Failed to send iMessage alert to temikolawole@icloud.com[0m
[0;34m[2026-03-17 22:00:00] DEBUG: Checking calendar for next 48 hours...[0m
[0;34m[2026-03-17 22:00:00] DEBUG: Checking IHS Towers follow-ups...[0m
[1;33m[2026-03-17 22:00:00] WARN: IHS Towers follow-up may be needed[0m
[0;32m[2026-03-17 22:30:01] INFO: === Starting Heartbeat + Maintenance ===[0m
[0;32m[2026-03-17 22:30:01] INFO: Checking HEARTBEAT conditions...[0m
[1;33m[2026-03-17 22:30:01] WARN: Alert triggered: IHS Towers email detected - URGENT[0m
[1;33m[2026-03-17 22:30:01] WARN: Failed to send iMessage alert to temikolawole@icloud.com[0m
[1;33m[2026-03-17 22:30:01] WARN: Alert triggered: Deadline within 24 hours[0m
[1;33m[2026-03-17 22:30:01] WARN: Failed to send iMessage alert to temikolawole@icloud.com[0m
[0;34m[2026-03-17 22:30:01] DEBUG: Checking calendar for next 48 hours...[0m
[0;34m[2026-03-17 22:30:01] DEBUG: Checking IHS Towers follow-ups...[0m
[1;33m[2026-03-17 22:30:01] WARN: Found 2 urgent item(s) requiring attention[0m
[0;32m[2026-03-17 23:00:00] INFO: === Starting Heartbeat + Maintenance ===[0m
[0;32m[2026-03-17 23:00:00] INFO: Quiet hours (23:00-08:00), running minimal checks only[0m
[0;32m[2026-03-17 23:00:00] INFO: Checking HEARTBEAT conditions...[0m
[1;33m[2026-03-17 23:00:00] WARN: Alert triggered: IHS Towers email detected - URGENT[0m
[1;33m[2026-03-17 23:00:00] WARN: Failed to send iMessage alert to temikolawole@icloud.com[0m
[1;33m[2026-03-17 23:00:00] WARN: Alert triggered: Deadline within 24 hours[0m
[1;33m[2026-03-17 23:00:00] WARN: Failed to send iMessage alert to temikolawole@icloud.com[0m
[0;34m[2026-03-17 23:00:00] DEBUG: Checking calendar for next 48 hours...[0m
[0;34m[2026-03-17 23:00:00] DEBUG: Checking IHS Towers follow-ups...[0m
[1;33m[2026-03-17 23:00:00] WARN: Found 2 urgent item(s) requiring attention[0m
[0;32m[2026-03-17 23:30:00] INFO: === Starting Heartbeat + Maintenance ===[0m
[0;32m[2026-03-17 23:30:00] INFO: Quiet hours (23:00-08:00), running minimal checks only[0m
[0;32m[2026-03-17 23:30:00] INFO: Checking HEARTBEAT conditions...[0m
[1;33m[2026-03-17 23:30:00] WARN: Alert triggered: IHS Towers email detected - URGENT[0m
[1;33m[2026-03-17 23:30:00] WARN: Failed to send iMessage alert to temikolawole@icloud.com[0m
[1;33m[2026-03-17 23:30:00] WARN: Alert triggered: Deadline within 24 hours[0m
[1;33m[2026-03-17 23:30:00] WARN: Failed to send iMessage alert to temikolawole@icloud.com[0m
[0;34m[2026-03-17 23:30:00] DEBUG: Checking calendar for next 48 hours...[0m
[0;34m[2026-03-17 23:30:00] DEBUG: Checking IHS Towers follow-ups...[0m
[1;33m[2026-03-17 23:30:00] WARN: Found 2 urgent item(s) requiring attention[0m
