[2026-03-29 06:09:20] [INFO] === OpenClaw Heartbeat Check Started ===
[2026-03-29 06:09:20] [INFO] Timestamp: Sun Mar 29 06:09:20 WAT 2026
[2026-03-29 06:09:20] [INFO] Workspace: /Users/clawdia/.openclaw/workspace
[2026-03-29 06:09:20] [INFO] HEARTBEAT.md file exists
[2026-03-29 06:09:20] [INFO] Checking system health...
[2026-03-29 06:09:20] [INFO] Disk usage: 69%
[2026-03-29 06:09:20] [INFO] OpenClaw gateway check skipped (requires gateway monitoring)
[2026-03-29 06:09:20] [SUCCESS] System health check completed
[2026-03-29 06:09:20] [INFO] Checking urgent escalation triggers...
[2026-03-29 06:09:21] [WARN] ALERT: Potential IHS Towers urgent email detected
[2026-03-29 06:09:21] [WARN] ALERT: Financial/contract exposure detected
[2026-03-29 06:09:21] [WARN] Found 2 urgent escalation trigger(s)
[2026-03-29 06:09:23] [INFO] === OpenClaw Heartbeat Check Started ===
[2026-03-29 06:09:23] [INFO] Timestamp: Sun Mar 29 06:09:23 WAT 2026
[2026-03-29 06:09:23] [INFO] Workspace: /Users/clawdia/.openclaw/workspace
[2026-03-29 06:09:23] [INFO] HEARTBEAT.md file exists
[2026-03-29 06:09:23] [INFO] Checking system health...
[2026-03-29 06:09:23] [INFO] Disk usage: 69%
[2026-03-29 06:09:23] [INFO] OpenClaw gateway check skipped (requires gateway monitoring)
[2026-03-29 06:09:23] [SUCCESS] System health check completed
[2026-03-29 06:09:23] [INFO] Checking urgent escalation triggers...
[2026-03-29 06:09:23] [WARN] ALERT: Potential IHS Towers urgent email detected
[2026-03-29 06:09:23] [WARN] ALERT: Financial/contract exposure detected
[2026-03-29 06:09:23] [WARN] Found 2 urgent escalation trigger(s)
[2026-03-29 14:09:15] [INFO] === OpenClaw Heartbeat Check Started ===
[2026-03-29 14:09:15] [INFO] === OpenClaw Heartbeat Check Started ===
[2026-03-29 14:09:15] [INFO] Timestamp: Sun Mar 29 14:09:15 WAT 2026
[2026-03-29 14:09:15] [INFO] Timestamp: Sun Mar 29 14:09:15 WAT 2026
[2026-03-29 14:09:15] [INFO] Workspace: /Users/clawdia/.openclaw/workspace
[2026-03-29 14:09:15] [INFO] Workspace: /Users/clawdia/.openclaw/workspace
[2026-03-29 14:09:15] [INFO] HEARTBEAT.md file exists
[2026-03-29 14:09:15] [INFO] HEARTBEAT.md file exists
[2026-03-29 14:09:15] [INFO] Checking system health...
[2026-03-29 14:09:15] [INFO] Checking system health...
[2026-03-29 14:09:15] [INFO] Disk usage: 70%
[2026-03-29 14:09:15] [INFO] Disk usage: 70%
[2026-03-29 14:09:15] [INFO] OpenClaw gateway check skipped (requires gateway monitoring)
[2026-03-29 14:09:15] [INFO] OpenClaw gateway check skipped (requires gateway monitoring)
[2026-03-29 14:09:15] [SUCCESS] System health check completed
[2026-03-29 14:09:15] [SUCCESS] System health check completed
[2026-03-29 14:09:15] [INFO] Checking urgent escalation triggers...
[2026-03-29 14:09:15] [INFO] Checking urgent escalation triggers...
[2026-03-29 14:09:16] [WARN] ALERT: Potential IHS Towers urgent email detected
[2026-03-29 14:09:16] [WARN] ALERT: Potential IHS Towers urgent email detected
[2026-03-29 14:09:16] [WARN] ALERT: Financial/contract exposure detected
[2026-03-29 14:09:16] [WARN] ALERT: Financial/contract exposure detected
[2026-03-29 14:09:16] [WARN] Found 2 urgent escalation trigger(s)
[2026-03-29 14:09:16] [WARN] Found 2 urgent escalation trigger(s)
