[0;32m[2026-03-15 00:00:00] INFO: === Starting Heartbeat + Maintenance ===[0m
[0;32m[2026-03-15 00:00:00] INFO: Quiet hours (23:00-08:00), running minimal checks only[0m
[0;32m[2026-03-15 00:00:00] INFO: Checking HEARTBEAT conditions...[0m
[1;33m[2026-03-15 00:00:00] WARN: Alert triggered: IHS Towers email detected - URGENT[0m
[1;33m[2026-03-15 00:00:00] WARN: Failed to send iMessage alert to temikolawole@icloud.com[0m
[1;33m[2026-03-15 00:00:00] WARN: Alert triggered: Deadline within 24 hours[0m
[1;33m[2026-03-15 00:00:00] WARN: Failed to send iMessage alert to temikolawole@icloud.com[0m
[0;34m[2026-03-15 00:00:00] DEBUG: Checking calendar for next 48 hours...[0m
[0;34m[2026-03-15 00:00:00] DEBUG: Checking IHS Towers follow-ups...[0m
[1;33m[2026-03-15 00:00:00] WARN: Found 2 urgent item(s) requiring attention[0m
[0;32m[2026-03-15 00:30:00] INFO: === Starting Heartbeat + Maintenance ===[0m
[0;32m[2026-03-15 00:30:00] INFO: Quiet hours (23:00-08:00), running minimal checks only[0m
[0;32m[2026-03-15 00:30:00] INFO: Checking HEARTBEAT conditions...[0m
[1;33m[2026-03-15 00:30:00] WARN: Alert triggered: IHS Towers email detected - URGENT[0m
[1;33m[2026-03-15 00:30:00] WARN: Failed to send iMessage alert to temikolawole@icloud.com[0m
[1;33m[2026-03-15 00:30:00] WARN: Alert triggered: Deadline within 24 hours[0m
[1;33m[2026-03-15 00:30:00] WARN: Failed to send iMessage alert to temikolawole@icloud.com[0m
[0;34m[2026-03-15 00:30:00] DEBUG: Checking calendar for next 48 hours...[0m
[0;34m[2026-03-15 00:30:00] DEBUG: Checking IHS Towers follow-ups...[0m
[1;33m[2026-03-15 00:30:00] WARN: Found 2 urgent item(s) requiring attention[0m
[0;32m[2026-03-15 01:00:00] INFO: === Starting Heartbeat + Maintenance ===[0m
[0;32m[2026-03-15 01:00:00] INFO: Quiet hours (23:00-08:00), running minimal checks only[0m
[0;32m[2026-03-15 01:00:00] INFO: Checking HEARTBEAT conditions...[0m
[1;33m[2026-03-15 01:00:00] WARN: Alert triggered: IHS Towers email detected - URGENT[0m
[1;33m[2026-03-15 01:00:00] WARN: Failed to send iMessage alert to temikolawole@icloud.com[0m
[1;33m[2026-03-15 01:00:00] WARN: Alert triggered: Deadline within 24 hours[0m
[1;33m[2026-03-15 01:00:00] WARN: Failed to send iMessage alert to temikolawole@icloud.com[0m
[0;34m[2026-03-15 01:00:00] DEBUG: Checking calendar for next 48 hours...[0m
[0;34m[2026-03-15 01:00:01] DEBUG: Checking IHS Towers follow-ups...[0m
[1;33m[2026-03-15 01:00:01] WARN: Found 2 urgent item(s) requiring attention[0m
[0;32m[2026-03-15 01:30:00] INFO: === Starting Heartbeat + Maintenance ===[0m
[0;32m[2026-03-15 01:30:00] INFO: Quiet hours (23:00-08:00), running minimal checks only[0m
[0;32m[2026-03-15 01:30:00] INFO: Checking HEARTBEAT conditions...[0m
[1;33m[2026-03-15 01:30:00] WARN: Alert triggered: IHS Towers email detected - URGENT[0m
[1;33m[2026-03-15 01:30:00] WARN: Failed to send iMessage alert to temikolawole@icloud.com[0m
[1;33m[2026-03-15 01:30:00] WARN: Alert triggered: Deadline within 24 hours[0m
[1;33m[2026-03-15 01:30:00] WARN: Failed to send iMessage alert to temikolawole@icloud.com[0m
[0;34m[2026-03-15 01:30:00] DEBUG: Checking calendar for next 48 hours...[0m
[0;34m[2026-03-15 01:30:00] DEBUG: Checking IHS Towers follow-ups...[0m
[1;33m[2026-03-15 01:30:00] WARN: Found 2 urgent item(s) requiring attention[0m
[0;32m[2026-03-15 02:00:00] INFO: === Starting Heartbeat + Maintenance ===[0m
[0;32m[2026-03-15 02:00:00] INFO: Quiet hours (23:00-08:00), running minimal checks only[0m
[0;32m[2026-03-15 02:00:00] INFO: Checking HEARTBEAT conditions...[0m
[1;33m[2026-03-15 02:00:00] WARN: Alert triggered: IHS Towers email detected - URGENT[0m
[1;33m[2026-03-15 02:00:00] WARN: Failed to send iMessage alert to temikolawole@icloud.com[0m
[1;33m[2026-03-15 02:00:00] WARN: Alert triggered: Deadline within 24 hours[0m
[1;33m[2026-03-15 02:00:00] WARN: Failed to send iMessage alert to temikolawole@icloud.com[0m
[0;34m[2026-03-15 02:00:00] DEBUG: Checking calendar for next 48 hours...[0m
[0;34m[2026-03-15 02:00:00] DEBUG: Checking IHS Towers follow-ups...[0m
[1;33m[2026-03-15 02:00:00] WARN: Found 2 urgent item(s) requiring attention[0m
[0;32m[2026-03-15 02:30:00] INFO: === Starting Heartbeat + Maintenance ===[0m
[0;32m[2026-03-15 02:30:00] INFO: Quiet hours (23:00-08:00), running minimal checks only[0m
[0;32m[2026-03-15 02:30:00] INFO: Checking HEARTBEAT conditions...[0m
[1;33m[2026-03-15 02:30:00] WARN: Alert triggered: IHS Towers email detected - URGENT[0m
[1;33m[2026-03-15 02:30:00] WARN: Failed to send iMessage alert to temikolawole@icloud.com[0m
[1;33m[2026-03-15 02:30:00] WARN: Alert triggered: Deadline within 24 hours[0m
[1;33m[2026-03-15 02:30:00] WARN: Failed to send iMessage alert to temikolawole@icloud.com[0m
[0;34m[2026-03-15 02:30:00] DEBUG: Checking calendar for next 48 hours...[0m
[0;34m[2026-03-15 02:30:00] DEBUG: Checking IHS Towers follow-ups...[0m
[1;33m[2026-03-15 02:30:00] WARN: Found 2 urgent item(s) requiring attention[0m
[0;32m[2026-03-15 03:00:00] INFO: === Starting Heartbeat + Maintenance ===[0m
[0;32m[2026-03-15 03:00:00] INFO: Quiet hours (23:00-08:00), running minimal checks only[0m
[0;32m[2026-03-15 03:00:00] INFO: Checking HEARTBEAT conditions...[0m
[1;33m[2026-03-15 03:00:00] WARN: Alert triggered: IHS Towers email detected - URGENT[0m
[1;33m[2026-03-15 03:00:00] WARN: Failed to send iMessage alert to temikolawole@icloud.com[0m
[1;33m[2026-03-15 03:00:00] WARN: Alert triggered: Deadline within 24 hours[0m
[1;33m[2026-03-15 03:00:00] WARN: Failed to send iMessage alert to temikolawole@icloud.com[0m
[0;34m[2026-03-15 03:00:00] DEBUG: Checking calendar for next 48 hours...[0m
[0;34m[2026-03-15 03:00:00] DEBUG: Checking IHS Towers follow-ups...[0m
[1;33m[2026-03-15 03:00:00] WARN: Found 2 urgent item(s) requiring attention[0m
[0;32m[2026-03-15 03:30:00] INFO: === Starting Heartbeat + Maintenance ===[0m
[0;32m[2026-03-15 03:30:00] INFO: Quiet hours (23:00-08:00), running minimal checks only[0m
[0;32m[2026-03-15 03:30:00] INFO: Checking HEARTBEAT conditions...[0m
[1;33m[2026-03-15 03:30:00] WARN: Alert triggered: IHS Towers email detected - URGENT[0m
[1;33m[2026-03-15 03:30:00] WARN: Failed to send iMessage alert to temikolawole@icloud.com[0m
[1;33m[2026-03-15 03:30:00] WARN: Alert triggered: Deadline within 24 hours[0m
[1;33m[2026-03-15 03:30:00] WARN: Failed to send iMessage alert to temikolawole@icloud.com[0m
[0;34m[2026-03-15 03:30:00] DEBUG: Checking calendar for next 48 hours...[0m
[0;32m[2026-03-15 03:30:00] INFO: Found 1 upcoming event(s) in next 48 hours[0m
[0;32m[2026-03-15 04:00:00] INFO: === Starting Heartbeat + Maintenance ===[0m
[0;32m[2026-03-15 04:00:00] INFO: Quiet hours (23:00-08:00), running minimal checks only[0m
[0;32m[2026-03-15 04:00:00] INFO: Checking HEARTBEAT conditions...[0m
[1;33m[2026-03-15 04:00:00] WARN: Alert triggered: IHS Towers email detected - URGENT[0m
[1;33m[2026-03-15 04:00:00] WARN: Failed to send iMessage alert to temikolawole@icloud.com[0m
[1;33m[2026-03-15 04:00:00] WARN: Alert triggered: Deadline within 24 hours[0m
[1;33m[2026-03-15 04:00:00] WARN: Failed to send iMessage alert to temikolawole@icloud.com[0m
[0;34m[2026-03-15 04:00:00] DEBUG: Checking calendar for next 48 hours...[0m
[0;34m[2026-03-15 04:00:00] DEBUG: Checking IHS Towers follow-ups...[0m
[1;33m[2026-03-15 04:00:00] WARN: Found 2 urgent item(s) requiring attention[0m
[0;32m[2026-03-15 04:30:00] INFO: === Starting Heartbeat + Maintenance ===[0m
[0;32m[2026-03-15 04:30:00] INFO: Quiet hours (23:00-08:00), running minimal checks only[0m
[0;32m[2026-03-15 04:30:00] INFO: Checking HEARTBEAT conditions...[0m
[1;33m[2026-03-15 04:30:00] WARN: Alert triggered: IHS Towers email detected - URGENT[0m
[1;33m[2026-03-15 04:30:00] WARN: Failed to send iMessage alert to temikolawole@icloud.com[0m
[1;33m[2026-03-15 04:30:00] WARN: Alert triggered: Deadline within 24 hours[0m
[1;33m[2026-03-15 04:30:00] WARN: Failed to send iMessage alert to temikolawole@icloud.com[0m
[0;34m[2026-03-15 04:30:00] DEBUG: Checking calendar for next 48 hours...[0m
[0;34m[2026-03-15 04:30:00] DEBUG: Checking IHS Towers follow-ups...[0m
[1;33m[2026-03-15 04:30:00] WARN: Found 2 urgent item(s) requiring attention[0m
[0;32m[2026-03-15 05:00:00] INFO: === Starting Heartbeat + Maintenance ===[0m
[0;32m[2026-03-15 05:00:00] INFO: Quiet hours (23:00-08:00), running minimal checks only[0m
[0;32m[2026-03-15 05:00:00] INFO: Checking HEARTBEAT conditions...[0m
[1;33m[2026-03-15 05:00:00] WARN: Alert triggered: IHS Towers email detected - URGENT[0m
[1;33m[2026-03-15 05:00:00] WARN: Failed to send iMessage alert to temikolawole@icloud.com[0m
[1;33m[2026-03-15 05:00:00] WARN: Alert triggered: Deadline within 24 hours[0m
[1;33m[2026-03-15 05:00:00] WARN: Failed to send iMessage alert to temikolawole@icloud.com[0m
[0;34m[2026-03-15 05:00:00] DEBUG: Checking calendar for next 48 hours...[0m
[0;34m[2026-03-15 05:00:00] DEBUG: Checking IHS Towers follow-ups...[0m
[1;33m[2026-03-15 05:00:00] WARN: Found 2 urgent item(s) requiring attention[0m
[0;32m[2026-03-15 05:30:01] INFO: === Starting Heartbeat + Maintenance ===[0m
[0;32m[2026-03-15 05:30:01] INFO: Quiet hours (23:00-08:00), running minimal checks only[0m
[0;32m[2026-03-15 05:30:01] INFO: Checking HEARTBEAT conditions...[0m
[1;33m[2026-03-15 05:30:01] WARN: Alert triggered: IHS Towers email detected - URGENT[0m
[1;33m[2026-03-15 05:30:01] WARN: Failed to send iMessage alert to temikolawole@icloud.com[0m
[1;33m[2026-03-15 05:30:01] WARN: Alert triggered: Deadline within 24 hours[0m
[1;33m[2026-03-15 05:30:01] WARN: Failed to send iMessage alert to temikolawole@icloud.com[0m
[0;34m[2026-03-15 05:30:01] DEBUG: Checking calendar for next 48 hours...[0m
[0;34m[2026-03-15 05:30:01] DEBUG: Checking IHS Towers follow-ups...[0m
[1;33m[2026-03-15 05:30:01] WARN: Found 2 urgent item(s) requiring attention[0m
[0;32m[2026-03-15 06:00:00] INFO: === Starting Heartbeat + Maintenance ===[0m
[0;32m[2026-03-15 06:00:00] INFO: Quiet hours (23:00-08:00), running minimal checks only[0m
[0;32m[2026-03-15 06:00:00] INFO: Checking HEARTBEAT conditions...[0m
[1;33m[2026-03-15 06:00:00] WARN: Alert triggered: IHS Towers email detected - URGENT[0m
[1;33m[2026-03-15 06:00:00] WARN: Failed to send iMessage alert to temikolawole@icloud.com[0m
[1;33m[2026-03-15 06:00:00] WARN: Alert triggered: Deadline within 24 hours[0m
[1;33m[2026-03-15 06:00:00] WARN: Failed to send iMessage alert to temikolawole@icloud.com[0m
[0;34m[2026-03-15 06:00:00] DEBUG: Checking calendar for next 48 hours...[0m
[0;34m[2026-03-15 06:00:00] DEBUG: Checking IHS Towers follow-ups...[0m
[1;33m[2026-03-15 06:00:00] WARN: Found 2 urgent item(s) requiring attention[0m
[0;32m[2026-03-15 06:30:00] INFO: === Starting Heartbeat + Maintenance ===[0m
[0;32m[2026-03-15 06:30:00] INFO: Quiet hours (23:00-08:00), running minimal checks only[0m
[0;32m[2026-03-15 06:30:00] INFO: Checking HEARTBEAT conditions...[0m
[1;33m[2026-03-15 06:30:00] WARN: Alert triggered: IHS Towers email detected - URGENT[0m
[1;33m[2026-03-15 06:30:00] WARN: Failed to send iMessage alert to temikolawole@icloud.com[0m
[1;33m[2026-03-15 06:30:00] WARN: Alert triggered: Deadline within 24 hours[0m
[1;33m[2026-03-15 06:30:00] WARN: Failed to send iMessage alert to temikolawole@icloud.com[0m
[0;34m[2026-03-15 06:30:00] DEBUG: Checking calendar for next 48 hours...[0m
[0;34m[2026-03-15 06:30:00] DEBUG: Checking IHS Towers follow-ups...[0m
[1;33m[2026-03-15 06:30:00] WARN: Found 2 urgent item(s) requiring attention[0m
[0;32m[2026-03-15 07:00:01] INFO: === Starting Heartbeat + Maintenance ===[0m
[0;32m[2026-03-15 07:00:01] INFO: Quiet hours (23:00-08:00), running minimal checks only[0m
[0;32m[2026-03-15 07:00:01] INFO: Checking HEARTBEAT conditions...[0m
[1;33m[2026-03-15 07:00:01] WARN: Alert triggered: IHS Towers email detected - URGENT[0m
[1;33m[2026-03-15 07:00:01] WARN: Failed to send iMessage alert to temikolawole@icloud.com[0m
[1;33m[2026-03-15 07:00:01] WARN: Alert triggered: Deadline within 24 hours[0m
[1;33m[2026-03-15 07:00:01] WARN: Failed to send iMessage alert to temikolawole@icloud.com[0m
[0;34m[2026-03-15 07:00:01] DEBUG: Checking calendar for next 48 hours...[0m
[0;34m[2026-03-15 07:00:01] DEBUG: Checking IHS Towers follow-ups...[0m
[1;33m[2026-03-15 07:00:01] WARN: Found 2 urgent item(s) requiring attention[0m
[0;32m[2026-03-15 07:30:00] INFO: === Starting Heartbeat + Maintenance ===[0m
[0;32m[2026-03-15 07:30:01] INFO: Quiet hours (23:00-08:00), running minimal checks only[0m
[0;32m[2026-03-15 07:30:01] INFO: Checking HEARTBEAT conditions...[0m
[1;33m[2026-03-15 07:30:01] WARN: Alert triggered: IHS Towers email detected - URGENT[0m
[1;33m[2026-03-15 07:30:01] WARN: Failed to send iMessage alert to temikolawole@icloud.com[0m
[1;33m[2026-03-15 07:30:01] WARN: Alert triggered: Deadline within 24 hours[0m
[1;33m[2026-03-15 07:30:01] WARN: Failed to send iMessage alert to temikolawole@icloud.com[0m
[0;34m[2026-03-15 07:30:01] DEBUG: Checking calendar for next 48 hours...[0m
[0;34m[2026-03-15 07:30:01] DEBUG: Checking IHS Towers follow-ups...[0m
[1;33m[2026-03-15 07:30:01] WARN: Found 2 urgent item(s) requiring attention[0m
[0;32m[2026-03-15 08:00:00] INFO: === Starting Heartbeat + Maintenance ===[0m
[0;32m[2026-03-15 08:00:00] INFO: Checking HEARTBEAT conditions...[0m
[1;33m[2026-03-15 08:00:00] WARN: Alert triggered: IHS Towers email detected - URGENT[0m
[1;33m[2026-03-15 08:00:00] WARN: Failed to send iMessage alert to temikolawole@icloud.com[0m
[1;33m[2026-03-15 08:00:00] WARN: Alert triggered: Deadline within 24 hours[0m
[1;33m[2026-03-15 08:00:00] WARN: Failed to send iMessage alert to temikolawole@icloud.com[0m
[0;34m[2026-03-15 08:00:00] DEBUG: Checking calendar for next 48 hours...[0m
[0;34m[2026-03-15 08:00:00] DEBUG: Checking IHS Towers follow-ups...[0m
[1;33m[2026-03-15 08:00:00] WARN: Found 2 urgent item(s) requiring attention[0m
[0;32m[2026-03-15 08:30:00] INFO: === Starting Heartbeat + Maintenance ===[0m
[0;32m[2026-03-15 08:30:00] INFO: Checking HEARTBEAT conditions...[0m
[1;33m[2026-03-15 08:30:00] WARN: Alert triggered: IHS Towers email detected - URGENT[0m
[1;33m[2026-03-15 08:30:00] WARN: Failed to send iMessage alert to temikolawole@icloud.com[0m
[1;33m[2026-03-15 08:30:00] WARN: Alert triggered: Deadline within 24 hours[0m
[1;33m[2026-03-15 08:30:00] WARN: Failed to send iMessage alert to temikolawole@icloud.com[0m
[0;34m[2026-03-15 08:30:00] DEBUG: Checking calendar for next 48 hours...[0m
[0;34m[2026-03-15 08:30:00] DEBUG: Checking IHS Towers follow-ups...[0m
[1;33m[2026-03-15 08:30:00] WARN: Found 2 urgent item(s) requiring attention[0m
[0;32m[2026-03-15 09:00:01] INFO: === Starting Heartbeat + Maintenance ===[0m
[0;32m[2026-03-15 09:00:01] INFO: Checking HEARTBEAT conditions...[0m
[1;33m[2026-03-15 09:00:01] WARN: Alert triggered: IHS Towers email detected - URGENT[0m
[1;33m[2026-03-15 09:00:01] WARN: Failed to send iMessage alert to temikolawole@icloud.com[0m
[1;33m[2026-03-15 09:00:01] WARN: Alert triggered: Deadline within 24 hours[0m
[1;33m[2026-03-15 09:00:01] WARN: Failed to send iMessage alert to temikolawole@icloud.com[0m
[0;34m[2026-03-15 09:00:01] DEBUG: Checking calendar for next 48 hours...[0m
[0;34m[2026-03-15 09:00:01] DEBUG: Checking IHS Towers follow-ups...[0m
[1;33m[2026-03-15 09:00:01] WARN: Found 2 urgent item(s) requiring attention[0m
[0;32m[2026-03-15 09:30:00] INFO: === Starting Heartbeat + Maintenance ===[0m
[0;32m[2026-03-15 09:30:00] INFO: Checking HEARTBEAT conditions...[0m
[1;33m[2026-03-15 09:30:00] WARN: Alert triggered: IHS Towers email detected - URGENT[0m
[1;33m[2026-03-15 09:30:00] WARN: Failed to send iMessage alert to temikolawole@icloud.com[0m
[1;33m[2026-03-15 09:30:00] WARN: Alert triggered: Deadline within 24 hours[0m
[1;33m[2026-03-15 09:30:00] WARN: Failed to send iMessage alert to temikolawole@icloud.com[0m
[0;34m[2026-03-15 09:30:00] DEBUG: Checking calendar for next 48 hours...[0m
[0;34m[2026-03-15 09:30:00] DEBUG: Checking IHS Towers follow-ups...[0m
[1;33m[2026-03-15 09:30:00] WARN: Found 2 urgent item(s) requiring attention[0m
[0;32m[2026-03-15 10:00:01] INFO: === Starting Heartbeat + Maintenance ===[0m
[0;32m[2026-03-15 10:00:01] INFO: Checking HEARTBEAT conditions...[0m
[1;33m[2026-03-15 10:00:01] WARN: Alert triggered: IHS Towers email detected - URGENT[0m
[1;33m[2026-03-15 10:00:01] WARN: Failed to send iMessage alert to temikolawole@icloud.com[0m
[1;33m[2026-03-15 10:00:01] WARN: Alert triggered: Deadline within 24 hours[0m
[1;33m[2026-03-15 10:00:01] WARN: Failed to send iMessage alert to temikolawole@icloud.com[0m
[0;34m[2026-03-15 10:00:01] DEBUG: Checking calendar for next 48 hours...[0m
[0;34m[2026-03-15 10:00:01] DEBUG: Checking IHS Towers follow-ups...[0m
[1;33m[2026-03-15 10:00:01] WARN: Found 2 urgent item(s) requiring attention[0m
[0;32m[2026-03-15 10:30:00] INFO: === Starting Heartbeat + Maintenance ===[0m
[0;32m[2026-03-15 10:30:00] INFO: Checking HEARTBEAT conditions...[0m
[1;33m[2026-03-15 10:30:00] WARN: Alert triggered: IHS Towers email detected - URGENT[0m
[1;33m[2026-03-15 10:30:00] WARN: Failed to send iMessage alert to temikolawole@icloud.com[0m
[1;33m[2026-03-15 10:30:00] WARN: Alert triggered: Deadline within 24 hours[0m
[1;33m[2026-03-15 10:30:00] WARN: Failed to send iMessage alert to temikolawole@icloud.com[0m
[0;34m[2026-03-15 10:30:00] DEBUG: Checking calendar for next 48 hours...[0m
[0;34m[2026-03-15 10:30:00] DEBUG: Checking IHS Towers follow-ups...[0m
[1;33m[2026-03-15 10:30:00] WARN: Found 2 urgent item(s) requiring attention[0m
[0;32m[2026-03-15 11:00:00] INFO: === Starting Heartbeat + Maintenance ===[0m
[0;32m[2026-03-15 11:00:00] INFO: Checking HEARTBEAT conditions...[0m
[1;33m[2026-03-15 11:00:00] WARN: Alert triggered: IHS Towers email detected - URGENT[0m
[1;33m[2026-03-15 11:00:00] WARN: Failed to send iMessage alert to temikolawole@icloud.com[0m
[1;33m[2026-03-15 11:00:00] WARN: Alert triggered: Deadline within 24 hours[0m
[1;33m[2026-03-15 11:00:00] WARN: Failed to send iMessage alert to temikolawole@icloud.com[0m
[0;34m[2026-03-15 11:00:00] DEBUG: Checking calendar for next 48 hours...[0m
[0;34m[2026-03-15 11:00:00] DEBUG: Checking IHS Towers follow-ups...[0m
[1;33m[2026-03-15 11:00:00] WARN: Found 2 urgent item(s) requiring attention[0m
[0;32m[2026-03-15 11:30:00] INFO: === Starting Heartbeat + Maintenance ===[0m
[0;32m[2026-03-15 11:30:00] INFO: Checking HEARTBEAT conditions...[0m
[1;33m[2026-03-15 11:30:00] WARN: Alert triggered: IHS Towers email detected - URGENT[0m
[1;33m[2026-03-15 11:30:00] WARN: Failed to send iMessage alert to temikolawole@icloud.com[0m
[1;33m[2026-03-15 11:30:00] WARN: Alert triggered: Deadline within 24 hours[0m
[1;33m[2026-03-15 11:30:00] WARN: Failed to send iMessage alert to temikolawole@icloud.com[0m
[0;34m[2026-03-15 11:30:00] DEBUG: Checking calendar for next 48 hours...[0m
[0;34m[2026-03-15 11:30:00] DEBUG: Checking IHS Towers follow-ups...[0m
[1;33m[2026-03-15 11:30:00] WARN: Found 2 urgent item(s) requiring attention[0m
[0;32m[2026-03-15 12:00:00] INFO: === Starting Heartbeat + Maintenance ===[0m
[0;32m[2026-03-15 12:00:00] INFO: Checking HEARTBEAT conditions...[0m
[1;33m[2026-03-15 12:00:00] WARN: Alert triggered: IHS Towers email detected - URGENT[0m
[1;33m[2026-03-15 12:00:00] WARN: Failed to send iMessage alert to temikolawole@icloud.com[0m
[1;33m[2026-03-15 12:00:00] WARN: Alert triggered: Deadline within 24 hours[0m
[1;33m[2026-03-15 12:00:00] WARN: Failed to send iMessage alert to temikolawole@icloud.com[0m
[0;34m[2026-03-15 12:00:00] DEBUG: Checking calendar for next 48 hours...[0m
[0;34m[2026-03-15 12:00:00] DEBUG: Checking IHS Towers follow-ups...[0m
[1;33m[2026-03-15 12:00:00] WARN: Found 2 urgent item(s) requiring attention[0m
[0;32m[2026-03-15 12:30:00] INFO: === Starting Heartbeat + Maintenance ===[0m
[0;32m[2026-03-15 12:30:00] INFO: Checking HEARTBEAT conditions...[0m
[1;33m[2026-03-15 12:30:00] WARN: Alert triggered: IHS Towers email detected - URGENT[0m
[1;33m[2026-03-15 12:30:00] WARN: Failed to send iMessage alert to temikolawole@icloud.com[0m
[1;33m[2026-03-15 12:30:00] WARN: Alert triggered: Deadline within 24 hours[0m
[1;33m[2026-03-15 12:30:00] WARN: Failed to send iMessage alert to temikolawole@icloud.com[0m
[0;34m[2026-03-15 12:30:00] DEBUG: Checking calendar for next 48 hours...[0m
[0;32m[2026-03-15 12:30:00] INFO: Found 3 upcoming event(s) in next 48 hours[0m
[0;32m[2026-03-15 13:00:00] INFO: === Starting Heartbeat + Maintenance ===[0m
[0;32m[2026-03-15 13:00:00] INFO: Checking HEARTBEAT conditions...[0m
[1;33m[2026-03-15 13:00:00] WARN: Alert triggered: IHS Towers email detected - URGENT[0m
[1;33m[2026-03-15 13:00:01] WARN: Failed to send iMessage alert to temikolawole@icloud.com[0m
[1;33m[2026-03-15 13:00:01] WARN: Alert triggered: Deadline within 24 hours[0m
[1;33m[2026-03-15 13:00:01] WARN: Failed to send iMessage alert to temikolawole@icloud.com[0m
[0;34m[2026-03-15 13:00:01] DEBUG: Checking calendar for next 48 hours...[0m
[0;34m[2026-03-15 13:00:01] DEBUG: Checking IHS Towers follow-ups...[0m
[1;33m[2026-03-15 13:00:01] WARN: Found 2 urgent item(s) requiring attention[0m
[0;32m[2026-03-15 13:30:00] INFO: === Starting Heartbeat + Maintenance ===[0m
[0;32m[2026-03-15 13:30:00] INFO: Checking HEARTBEAT conditions...[0m
[1;33m[2026-03-15 13:30:00] WARN: Alert triggered: IHS Towers email detected - URGENT[0m
[1;33m[2026-03-15 13:30:00] WARN: Failed to send iMessage alert to temikolawole@icloud.com[0m
[1;33m[2026-03-15 13:30:00] WARN: Alert triggered: Deadline within 24 hours[0m
[1;33m[2026-03-15 13:30:00] WARN: Failed to send iMessage alert to temikolawole@icloud.com[0m
[0;34m[2026-03-15 13:30:00] DEBUG: Checking calendar for next 48 hours...[0m
[0;34m[2026-03-15 13:30:00] DEBUG: Checking IHS Towers follow-ups...[0m
[1;33m[2026-03-15 13:30:00] WARN: Found 2 urgent item(s) requiring attention[0m
[0;32m[2026-03-15 14:00:00] INFO: === Starting Heartbeat + Maintenance ===[0m
[0;32m[2026-03-15 14:00:00] INFO: Checking HEARTBEAT conditions...[0m
[1;33m[2026-03-15 14:00:00] WARN: Alert triggered: IHS Towers email detected - URGENT[0m
[1;33m[2026-03-15 14:00:00] WARN: Failed to send iMessage alert to temikolawole@icloud.com[0m
[1;33m[2026-03-15 14:00:00] WARN: Alert triggered: Deadline within 24 hours[0m
[1;33m[2026-03-15 14:00:00] WARN: Failed to send iMessage alert to temikolawole@icloud.com[0m
[0;34m[2026-03-15 14:00:00] DEBUG: Checking calendar for next 48 hours...[0m
[0;34m[2026-03-15 14:00:00] DEBUG: Checking IHS Towers follow-ups...[0m
[1;33m[2026-03-15 14:00:00] WARN: Found 2 urgent item(s) requiring attention[0m
[0;32m[2026-03-15 14:30:00] INFO: === Starting Heartbeat + Maintenance ===[0m
[0;32m[2026-03-15 14:30:00] INFO: Checking HEARTBEAT conditions...[0m
[1;33m[2026-03-15 14:30:00] WARN: Alert triggered: IHS Towers email detected - URGENT[0m
[1;33m[2026-03-15 14:30:00] WARN: Failed to send iMessage alert to temikolawole@icloud.com[0m
[1;33m[2026-03-15 14:30:00] WARN: Alert triggered: Deadline within 24 hours[0m
[1;33m[2026-03-15 14:30:00] WARN: Failed to send iMessage alert to temikolawole@icloud.com[0m
[0;34m[2026-03-15 14:30:00] DEBUG: Checking calendar for next 48 hours...[0m
[0;32m[2026-03-15 14:30:00] INFO: Found 2 upcoming event(s) in next 48 hours[0m
[0;32m[2026-03-15 15:00:00] INFO: === Starting Heartbeat + Maintenance ===[0m
[0;32m[2026-03-15 15:00:00] INFO: Checking HEARTBEAT conditions...[0m
[1;33m[2026-03-15 15:00:00] WARN: Alert triggered: IHS Towers email detected - URGENT[0m
[1;33m[2026-03-15 15:00:00] WARN: Failed to send iMessage alert to temikolawole@icloud.com[0m
[1;33m[2026-03-15 15:00:00] WARN: Alert triggered: Deadline within 24 hours[0m
[1;33m[2026-03-15 15:00:00] WARN: Failed to send iMessage alert to temikolawole@icloud.com[0m
[0;34m[2026-03-15 15:00:00] DEBUG: Checking calendar for next 48 hours...[0m
[0;32m[2026-03-15 15:00:00] INFO: Found 1 upcoming event(s) in next 48 hours[0m
[0;32m[2026-03-15 15:30:00] INFO: === Starting Heartbeat + Maintenance ===[0m
[0;32m[2026-03-15 15:30:00] INFO: Checking HEARTBEAT conditions...[0m
[1;33m[2026-03-15 15:30:00] WARN: Alert triggered: IHS Towers email detected - URGENT[0m
[1;33m[2026-03-15 15:30:01] WARN: Failed to send iMessage alert to temikolawole@icloud.com[0m
[1;33m[2026-03-15 15:30:01] WARN: Alert triggered: Deadline within 24 hours[0m
[1;33m[2026-03-15 15:30:01] WARN: Failed to send iMessage alert to temikolawole@icloud.com[0m
[0;34m[2026-03-15 15:30:01] DEBUG: Checking calendar for next 48 hours...[0m
[0;34m[2026-03-15 15:30:01] DEBUG: Checking IHS Towers follow-ups...[0m
[1;33m[2026-03-15 15:30:01] WARN: Found 2 urgent item(s) requiring attention[0m
[0;32m[2026-03-15 16:00:00] INFO: === Starting Heartbeat + Maintenance ===[0m
[0;32m[2026-03-15 16:00:00] INFO: Checking HEARTBEAT conditions...[0m
[1;33m[2026-03-15 16:00:00] WARN: Alert triggered: IHS Towers email detected - URGENT[0m
[1;33m[2026-03-15 16:00:00] WARN: Failed to send iMessage alert to temikolawole@icloud.com[0m
[1;33m[2026-03-15 16:00:00] WARN: Alert triggered: Deadline within 24 hours[0m
[1;33m[2026-03-15 16:00:00] WARN: Failed to send iMessage alert to temikolawole@icloud.com[0m
[0;34m[2026-03-15 16:00:00] DEBUG: Checking calendar for next 48 hours...[0m
[0;34m[2026-03-15 16:00:00] DEBUG: Checking IHS Towers follow-ups...[0m
[1;33m[2026-03-15 16:00:00] WARN: Found 2 urgent item(s) requiring attention[0m
[0;32m[2026-03-15 16:30:00] INFO: === Starting Heartbeat + Maintenance ===[0m
[0;32m[2026-03-15 16:30:00] INFO: Checking HEARTBEAT conditions...[0m
[1;33m[2026-03-15 16:30:00] WARN: Alert triggered: IHS Towers email detected - URGENT[0m
[1;33m[2026-03-15 16:30:00] WARN: Failed to send iMessage alert to temikolawole@icloud.com[0m
[1;33m[2026-03-15 16:30:00] WARN: Alert triggered: Deadline within 24 hours[0m
[1;33m[2026-03-15 16:30:00] WARN: Failed to send iMessage alert to temikolawole@icloud.com[0m
[0;34m[2026-03-15 16:30:00] DEBUG: Checking calendar for next 48 hours...[0m
[0;34m[2026-03-15 16:30:00] DEBUG: Checking IHS Towers follow-ups...[0m
[1;33m[2026-03-15 16:30:00] WARN: Found 2 urgent item(s) requiring attention[0m
[0;32m[2026-03-15 17:00:00] INFO: === Starting Heartbeat + Maintenance ===[0m
[0;32m[2026-03-15 17:00:00] INFO: Checking HEARTBEAT conditions...[0m
[1;33m[2026-03-15 17:00:00] WARN: Alert triggered: IHS Towers email detected - URGENT[0m
[1;33m[2026-03-15 17:00:00] WARN: Failed to send iMessage alert to temikolawole@icloud.com[0m
[1;33m[2026-03-15 17:00:00] WARN: Alert triggered: Deadline within 24 hours[0m
[1;33m[2026-03-15 17:00:00] WARN: Failed to send iMessage alert to temikolawole@icloud.com[0m
[0;34m[2026-03-15 17:00:00] DEBUG: Checking calendar for next 48 hours...[0m
[0;32m[2026-03-15 17:00:00] INFO: Found 2 upcoming event(s) in next 48 hours[0m
[0;32m[2026-03-15 17:30:00] INFO: === Starting Heartbeat + Maintenance ===[0m
[0;32m[2026-03-15 17:30:00] INFO: Checking HEARTBEAT conditions...[0m
[1;33m[2026-03-15 17:30:00] WARN: Alert triggered: IHS Towers email detected - URGENT[0m
[1;33m[2026-03-15 17:30:00] WARN: Failed to send iMessage alert to temikolawole@icloud.com[0m
[1;33m[2026-03-15 17:30:00] WARN: Alert triggered: Deadline within 24 hours[0m
[1;33m[2026-03-15 17:30:00] WARN: Failed to send iMessage alert to temikolawole@icloud.com[0m
[0;34m[2026-03-15 17:30:00] DEBUG: Checking calendar for next 48 hours...[0m
[0;32m[2026-03-15 17:30:00] INFO: Found 1 upcoming event(s) in next 48 hours[0m
[0;32m[2026-03-15 18:00:01] INFO: === Starting Heartbeat + Maintenance ===[0m
[0;32m[2026-03-15 18:00:01] INFO: Checking HEARTBEAT conditions...[0m
[1;33m[2026-03-15 18:00:01] WARN: Alert triggered: IHS Towers email detected - URGENT[0m
[1;33m[2026-03-15 18:00:01] WARN: Failed to send iMessage alert to temikolawole@icloud.com[0m
[1;33m[2026-03-15 18:00:01] WARN: Alert triggered: Deadline within 24 hours[0m
[1;33m[2026-03-15 18:00:01] WARN: Failed to send iMessage alert to temikolawole@icloud.com[0m
[0;34m[2026-03-15 18:00:01] DEBUG: Checking calendar for next 48 hours...[0m
[0;34m[2026-03-15 18:00:01] DEBUG: Checking IHS Towers follow-ups...[0m
[1;33m[2026-03-15 18:00:01] WARN: Found 2 urgent item(s) requiring attention[0m
[0;32m[2026-03-15 18:30:01] INFO: === Starting Heartbeat + Maintenance ===[0m
[0;32m[2026-03-15 18:30:01] INFO: Checking HEARTBEAT conditions...[0m
[1;33m[2026-03-15 18:30:01] WARN: Alert triggered: IHS Towers email detected - URGENT[0m
[1;33m[2026-03-15 18:30:01] WARN: Failed to send iMessage alert to temikolawole@icloud.com[0m
[1;33m[2026-03-15 18:30:01] WARN: Alert triggered: Deadline within 24 hours[0m
[1;33m[2026-03-15 18:30:01] WARN: Failed to send iMessage alert to temikolawole@icloud.com[0m
[0;34m[2026-03-15 18:30:01] DEBUG: Checking calendar for next 48 hours...[0m
[0;34m[2026-03-15 18:30:01] DEBUG: Checking IHS Towers follow-ups...[0m
[1;33m[2026-03-15 18:30:01] WARN: Found 2 urgent item(s) requiring attention[0m
[0;32m[2026-03-15 19:00:01] INFO: === Starting Heartbeat + Maintenance ===[0m
[0;32m[2026-03-15 19:00:01] INFO: Checking HEARTBEAT conditions...[0m
[1;33m[2026-03-15 19:00:01] WARN: Alert triggered: IHS Towers email detected - URGENT[0m
[1;33m[2026-03-15 19:00:01] WARN: Failed to send iMessage alert to temikolawole@icloud.com[0m
[1;33m[2026-03-15 19:00:01] WARN: Alert triggered: Deadline within 24 hours[0m
[1;33m[2026-03-15 19:00:01] WARN: Failed to send iMessage alert to temikolawole@icloud.com[0m
[0;34m[2026-03-15 19:00:01] DEBUG: Checking calendar for next 48 hours...[0m
[0;34m[2026-03-15 19:00:01] DEBUG: Checking IHS Towers follow-ups...[0m
[1;33m[2026-03-15 19:00:01] WARN: Found 2 urgent item(s) requiring attention[0m
[0;32m[2026-03-15 19:30:00] INFO: === Starting Heartbeat + Maintenance ===[0m
[0;32m[2026-03-15 19:30:00] INFO: Checking HEARTBEAT conditions...[0m
[1;33m[2026-03-15 19:30:00] WARN: Alert triggered: IHS Towers email detected - URGENT[0m
[1;33m[2026-03-15 19:30:00] WARN: Failed to send iMessage alert to temikolawole@icloud.com[0m
[1;33m[2026-03-15 19:30:00] WARN: Alert triggered: Deadline within 24 hours[0m
[1;33m[2026-03-15 19:30:00] WARN: Failed to send iMessage alert to temikolawole@icloud.com[0m
[0;34m[2026-03-15 19:30:00] DEBUG: Checking calendar for next 48 hours...[0m
[0;34m[2026-03-15 19:30:00] DEBUG: Checking IHS Towers follow-ups...[0m
[1;33m[2026-03-15 19:30:00] WARN: Found 2 urgent item(s) requiring attention[0m
[0;32m[2026-03-15 20:00:00] INFO: === Starting Heartbeat + Maintenance ===[0m
[0;32m[2026-03-15 20:00:00] INFO: Checking HEARTBEAT conditions...[0m
[1;33m[2026-03-15 20:00:00] WARN: Alert triggered: IHS Towers email detected - URGENT[0m
[1;33m[2026-03-15 20:00:00] WARN: Failed to send iMessage alert to temikolawole@icloud.com[0m
[1;33m[2026-03-15 20:00:00] WARN: Alert triggered: Deadline within 24 hours[0m
[1;33m[2026-03-15 20:00:00] WARN: Failed to send iMessage alert to temikolawole@icloud.com[0m
[0;34m[2026-03-15 20:00:00] DEBUG: Checking calendar for next 48 hours...[0m
[0;34m[2026-03-15 20:00:00] DEBUG: Checking IHS Towers follow-ups...[0m
[1;33m[2026-03-15 20:00:00] WARN: Found 2 urgent item(s) requiring attention[0m
[0;32m[2026-03-15 20:30:01] INFO: === Starting Heartbeat + Maintenance ===[0m
[0;32m[2026-03-15 20:30:01] INFO: Checking HEARTBEAT conditions...[0m
[1;33m[2026-03-15 20:30:01] WARN: Alert triggered: IHS Towers email detected - URGENT[0m
[1;33m[2026-03-15 20:30:01] WARN: Failed to send iMessage alert to temikolawole@icloud.com[0m
[1;33m[2026-03-15 20:30:01] WARN: Alert triggered: Deadline within 24 hours[0m
[1;33m[2026-03-15 20:30:01] WARN: Failed to send iMessage alert to temikolawole@icloud.com[0m
[0;34m[2026-03-15 20:30:01] DEBUG: Checking calendar for next 48 hours...[0m
[0;34m[2026-03-15 20:30:01] DEBUG: Checking IHS Towers follow-ups...[0m
[1;33m[2026-03-15 20:30:01] WARN: Found 2 urgent item(s) requiring attention[0m
[0;32m[2026-03-15 21:00:00] INFO: === Starting Heartbeat + Maintenance ===[0m
[0;32m[2026-03-15 21:00:00] INFO: Checking HEARTBEAT conditions...[0m
[1;33m[2026-03-15 21:00:00] WARN: Alert triggered: IHS Towers email detected - URGENT[0m
[1;33m[2026-03-15 21:00:00] WARN: Failed to send iMessage alert to temikolawole@icloud.com[0m
[1;33m[2026-03-15 21:00:00] WARN: Alert triggered: Deadline within 24 hours[0m
[1;33m[2026-03-15 21:00:00] WARN: Failed to send iMessage alert to temikolawole@icloud.com[0m
[0;34m[2026-03-15 21:00:00] DEBUG: Checking calendar for next 48 hours...[0m
[0;34m[2026-03-15 21:00:00] DEBUG: Checking IHS Towers follow-ups...[0m
[1;33m[2026-03-15 21:00:00] WARN: Found 2 urgent item(s) requiring attention[0m
[0;32m[2026-03-15 21:30:00] INFO: === Starting Heartbeat + Maintenance ===[0m
[0;32m[2026-03-15 21:30:00] INFO: Checking HEARTBEAT conditions...[0m
[1;33m[2026-03-15 21:30:00] WARN: Alert triggered: IHS Towers email detected - URGENT[0m
[1;33m[2026-03-15 21:30:00] WARN: Failed to send iMessage alert to temikolawole@icloud.com[0m
[1;33m[2026-03-15 21:30:00] WARN: Alert triggered: Deadline within 24 hours[0m
[1;33m[2026-03-15 21:30:00] WARN: Failed to send iMessage alert to temikolawole@icloud.com[0m
[0;34m[2026-03-15 21:30:00] DEBUG: Checking calendar for next 48 hours...[0m
[0;32m[2026-03-15 21:30:00] INFO: Found 2 upcoming event(s) in next 48 hours[0m
[0;32m[2026-03-15 22:00:00] INFO: === Starting Heartbeat + Maintenance ===[0m
[0;32m[2026-03-15 22:00:00] INFO: Checking HEARTBEAT conditions...[0m
[1;33m[2026-03-15 22:00:00] WARN: Alert triggered: IHS Towers email detected - URGENT[0m
[1;33m[2026-03-15 22:00:00] WARN: Failed to send iMessage alert to temikolawole@icloud.com[0m
[1;33m[2026-03-15 22:00:00] WARN: Alert triggered: Deadline within 24 hours[0m
[1;33m[2026-03-15 22:00:00] WARN: Failed to send iMessage alert to temikolawole@icloud.com[0m
[0;34m[2026-03-15 22:00:00] DEBUG: Checking calendar for next 48 hours...[0m
[0;34m[2026-03-15 22:00:00] DEBUG: Checking IHS Towers follow-ups...[0m
[1;33m[2026-03-15 22:00:00] WARN: Found 2 urgent item(s) requiring attention[0m
[0;32m[2026-03-15 22:30:00] INFO: === Starting Heartbeat + Maintenance ===[0m
[0;32m[2026-03-15 22:30:00] INFO: Checking HEARTBEAT conditions...[0m
[1;33m[2026-03-15 22:30:00] WARN: Alert triggered: IHS Towers email detected - URGENT[0m
[1;33m[2026-03-15 22:30:00] WARN: Failed to send iMessage alert to temikolawole@icloud.com[0m
[1;33m[2026-03-15 22:30:00] WARN: Alert triggered: Deadline within 24 hours[0m
[1;33m[2026-03-15 22:30:00] WARN: Failed to send iMessage alert to temikolawole@icloud.com[0m
[0;34m[2026-03-15 22:30:00] DEBUG: Checking calendar for next 48 hours...[0m
[0;34m[2026-03-15 22:30:00] DEBUG: Checking IHS Towers follow-ups...[0m
[1;33m[2026-03-15 22:30:00] WARN: Found 2 urgent item(s) requiring attention[0m
[0;32m[2026-03-15 23:00:00] INFO: === Starting Heartbeat + Maintenance ===[0m
[0;32m[2026-03-15 23:00:00] INFO: Quiet hours (23:00-08:00), running minimal checks only[0m
[0;32m[2026-03-15 23:00:00] INFO: Checking HEARTBEAT conditions...[0m
[1;33m[2026-03-15 23:00:00] WARN: Alert triggered: IHS Towers email detected - URGENT[0m
[1;33m[2026-03-15 23:00:00] WARN: Failed to send iMessage alert to temikolawole@icloud.com[0m
[1;33m[2026-03-15 23:00:00] WARN: Alert triggered: Deadline within 24 hours[0m
[1;33m[2026-03-15 23:00:00] WARN: Failed to send iMessage alert to temikolawole@icloud.com[0m
[0;34m[2026-03-15 23:00:00] DEBUG: Checking calendar for next 48 hours...[0m
[0;34m[2026-03-15 23:00:00] DEBUG: Checking IHS Towers follow-ups...[0m
[1;33m[2026-03-15 23:00:00] WARN: Found 2 urgent item(s) requiring attention[0m
[0;32m[2026-03-15 23:30:01] INFO: === Starting Heartbeat + Maintenance ===[0m
[0;32m[2026-03-15 23:30:01] INFO: Quiet hours (23:00-08:00), running minimal checks only[0m
[0;32m[2026-03-15 23:30:01] INFO: Checking HEARTBEAT conditions...[0m
[1;33m[2026-03-15 23:30:01] WARN: Alert triggered: IHS Towers email detected - URGENT[0m
[1;33m[2026-03-15 23:30:01] WARN: Failed to send iMessage alert to temikolawole@icloud.com[0m
[1;33m[2026-03-15 23:30:01] WARN: Alert triggered: Deadline within 24 hours[0m
[1;33m[2026-03-15 23:30:01] WARN: Failed to send iMessage alert to temikolawole@icloud.com[0m
[0;34m[2026-03-15 23:30:01] DEBUG: Checking calendar for next 48 hours...[0m
[0;34m[2026-03-15 23:30:01] DEBUG: Checking IHS Towers follow-ups...[0m
[1;33m[2026-03-15 23:30:01] WARN: Found 2 urgent item(s) requiring attention[0m
