[0;32m[2026-03-08 00:00:01] INFO: === Starting Heartbeat + Maintenance ===[0m
[0;32m[2026-03-08 00:00:01] INFO: Quiet hours (23:00-08:00), running minimal checks only[0m
[0;32m[2026-03-08 00:00:01] INFO: Checking HEARTBEAT conditions...[0m
[1;33m[2026-03-08 00:00:01] WARN: Alert triggered: IHS Towers email detected - URGENT[0m
[1;33m[2026-03-08 00:00:01] WARN: Failed to send iMessage alert to temikolawole@icloud.com[0m
[1;33m[2026-03-08 00:00:01] WARN: Alert triggered: Deadline within 24 hours[0m
[1;33m[2026-03-08 00:00:01] WARN: Failed to send iMessage alert to temikolawole@icloud.com[0m
[0;34m[2026-03-08 00:00:01] DEBUG: Checking calendar for next 48 hours...[0m
[0;34m[2026-03-08 00:00:01] DEBUG: Checking IHS Towers follow-ups...[0m
[1;33m[2026-03-08 00:00:01] WARN: Found 2 urgent item(s) requiring attention[0m
[0;32m[2026-03-08 00:30:00] INFO: === Starting Heartbeat + Maintenance ===[0m
[0;32m[2026-03-08 00:30:00] INFO: Quiet hours (23:00-08:00), running minimal checks only[0m
[0;32m[2026-03-08 00:30:00] INFO: Checking HEARTBEAT conditions...[0m
[1;33m[2026-03-08 00:30:00] WARN: Alert triggered: IHS Towers email detected - URGENT[0m
[1;33m[2026-03-08 00:30:00] WARN: Failed to send iMessage alert to temikolawole@icloud.com[0m
[1;33m[2026-03-08 00:30:00] WARN: Alert triggered: Deadline within 24 hours[0m
[1;33m[2026-03-08 00:30:00] WARN: Failed to send iMessage alert to temikolawole@icloud.com[0m
[0;34m[2026-03-08 00:30:00] DEBUG: Checking calendar for next 48 hours...[0m
[0;34m[2026-03-08 00:30:00] DEBUG: Checking IHS Towers follow-ups...[0m
[1;33m[2026-03-08 00:30:00] WARN: Found 2 urgent item(s) requiring attention[0m
[0;32m[2026-03-08 01:00:00] INFO: === Starting Heartbeat + Maintenance ===[0m
[0;32m[2026-03-08 01:00:00] INFO: Quiet hours (23:00-08:00), running minimal checks only[0m
[0;32m[2026-03-08 01:00:00] INFO: Checking HEARTBEAT conditions...[0m
[1;33m[2026-03-08 01:00:00] WARN: Alert triggered: IHS Towers email detected - URGENT[0m
[1;33m[2026-03-08 01:00:00] WARN: Failed to send iMessage alert to temikolawole@icloud.com[0m
[1;33m[2026-03-08 01:00:00] WARN: Alert triggered: Deadline within 24 hours[0m
[1;33m[2026-03-08 01:00:00] WARN: Failed to send iMessage alert to temikolawole@icloud.com[0m
[0;34m[2026-03-08 01:00:00] DEBUG: Checking calendar for next 48 hours...[0m
[0;34m[2026-03-08 01:00:00] DEBUG: Checking IHS Towers follow-ups...[0m
[1;33m[2026-03-08 01:00:00] WARN: Found 2 urgent item(s) requiring attention[0m
[0;32m[2026-03-08 01:30:00] INFO: === Starting Heartbeat + Maintenance ===[0m
[0;32m[2026-03-08 01:30:00] INFO: Quiet hours (23:00-08:00), running minimal checks only[0m
[0;32m[2026-03-08 01:30:00] INFO: Checking HEARTBEAT conditions...[0m
[1;33m[2026-03-08 01:30:00] WARN: Alert triggered: IHS Towers email detected - URGENT[0m
[1;33m[2026-03-08 01:30:00] WARN: Failed to send iMessage alert to temikolawole@icloud.com[0m
[1;33m[2026-03-08 01:30:00] WARN: Alert triggered: Deadline within 24 hours[0m
[1;33m[2026-03-08 01:30:00] WARN: Failed to send iMessage alert to temikolawole@icloud.com[0m
[0;34m[2026-03-08 01:30:00] DEBUG: Checking calendar for next 48 hours...[0m
[0;32m[2026-03-08 01:30:00] INFO: Found 3 upcoming event(s) in next 48 hours[0m
[0;32m[2026-03-08 02:00:00] INFO: === Starting Heartbeat + Maintenance ===[0m
[0;32m[2026-03-08 02:00:00] INFO: Quiet hours (23:00-08:00), running minimal checks only[0m
[0;32m[2026-03-08 02:00:00] INFO: Checking HEARTBEAT conditions...[0m
[1;33m[2026-03-08 02:00:00] WARN: Alert triggered: IHS Towers email detected - URGENT[0m
[1;33m[2026-03-08 02:00:00] WARN: Failed to send iMessage alert to temikolawole@icloud.com[0m
[1;33m[2026-03-08 02:00:00] WARN: Alert triggered: Deadline within 24 hours[0m
[1;33m[2026-03-08 02:00:00] WARN: Failed to send iMessage alert to temikolawole@icloud.com[0m
[0;34m[2026-03-08 02:00:00] DEBUG: Checking calendar for next 48 hours...[0m
[0;34m[2026-03-08 02:00:00] DEBUG: Checking IHS Towers follow-ups...[0m
[1;33m[2026-03-08 02:00:00] WARN: Found 2 urgent item(s) requiring attention[0m
[0;32m[2026-03-08 02:30:00] INFO: === Starting Heartbeat + Maintenance ===[0m
[0;32m[2026-03-08 02:30:00] INFO: Quiet hours (23:00-08:00), running minimal checks only[0m
[0;32m[2026-03-08 02:30:00] INFO: Checking HEARTBEAT conditions...[0m
[1;33m[2026-03-08 02:30:00] WARN: Alert triggered: IHS Towers email detected - URGENT[0m
[1;33m[2026-03-08 02:30:00] WARN: Failed to send iMessage alert to temikolawole@icloud.com[0m
[1;33m[2026-03-08 02:30:00] WARN: Alert triggered: Deadline within 24 hours[0m
[1;33m[2026-03-08 02:30:00] WARN: Failed to send iMessage alert to temikolawole@icloud.com[0m
[0;34m[2026-03-08 02:30:00] DEBUG: Checking calendar for next 48 hours...[0m
[0;34m[2026-03-08 02:30:00] DEBUG: Checking IHS Towers follow-ups...[0m
[1;33m[2026-03-08 02:30:00] WARN: Found 2 urgent item(s) requiring attention[0m
[0;32m[2026-03-08 03:00:00] INFO: === Starting Heartbeat + Maintenance ===[0m
[0;32m[2026-03-08 03:00:00] INFO: Quiet hours (23:00-08:00), running minimal checks only[0m
[0;32m[2026-03-08 03:00:00] INFO: Checking HEARTBEAT conditions...[0m
[1;33m[2026-03-08 03:00:00] WARN: Alert triggered: IHS Towers email detected - URGENT[0m
[1;33m[2026-03-08 03:00:00] WARN: Failed to send iMessage alert to temikolawole@icloud.com[0m
[1;33m[2026-03-08 03:00:00] WARN: Alert triggered: Deadline within 24 hours[0m
[1;33m[2026-03-08 03:00:00] WARN: Failed to send iMessage alert to temikolawole@icloud.com[0m
[0;34m[2026-03-08 03:00:00] DEBUG: Checking calendar for next 48 hours...[0m
[0;34m[2026-03-08 03:00:00] DEBUG: Checking IHS Towers follow-ups...[0m
[1;33m[2026-03-08 03:00:00] WARN: Found 2 urgent item(s) requiring attention[0m
[0;32m[2026-03-08 03:30:00] INFO: === Starting Heartbeat + Maintenance ===[0m
[0;32m[2026-03-08 03:30:00] INFO: Quiet hours (23:00-08:00), running minimal checks only[0m
[0;32m[2026-03-08 03:30:00] INFO: Checking HEARTBEAT conditions...[0m
[1;33m[2026-03-08 03:30:00] WARN: Alert triggered: IHS Towers email detected - URGENT[0m
[1;33m[2026-03-08 03:30:00] WARN: Failed to send iMessage alert to temikolawole@icloud.com[0m
[1;33m[2026-03-08 03:30:00] WARN: Alert triggered: Deadline within 24 hours[0m
[1;33m[2026-03-08 03:30:00] WARN: Failed to send iMessage alert to temikolawole@icloud.com[0m
[0;34m[2026-03-08 03:30:00] DEBUG: Checking calendar for next 48 hours...[0m
[0;34m[2026-03-08 03:30:00] DEBUG: Checking IHS Towers follow-ups...[0m
[1;33m[2026-03-08 03:30:00] WARN: Found 2 urgent item(s) requiring attention[0m
[0;32m[2026-03-08 04:00:00] INFO: === Starting Heartbeat + Maintenance ===[0m
[0;32m[2026-03-08 04:00:00] INFO: Quiet hours (23:00-08:00), running minimal checks only[0m
[0;32m[2026-03-08 04:00:00] INFO: Checking HEARTBEAT conditions...[0m
[1;33m[2026-03-08 04:00:00] WARN: Alert triggered: IHS Towers email detected - URGENT[0m
[1;33m[2026-03-08 04:00:00] WARN: Failed to send iMessage alert to temikolawole@icloud.com[0m
[1;33m[2026-03-08 04:00:00] WARN: Alert triggered: Deadline within 24 hours[0m
[1;33m[2026-03-08 04:00:00] WARN: Failed to send iMessage alert to temikolawole@icloud.com[0m
[0;34m[2026-03-08 04:00:00] DEBUG: Checking calendar for next 48 hours...[0m
[0;34m[2026-03-08 04:00:00] DEBUG: Checking IHS Towers follow-ups...[0m
[1;33m[2026-03-08 04:00:00] WARN: Found 2 urgent item(s) requiring attention[0m
[0;32m[2026-03-08 04:30:00] INFO: === Starting Heartbeat + Maintenance ===[0m
[0;32m[2026-03-08 04:30:00] INFO: Quiet hours (23:00-08:00), running minimal checks only[0m
[0;32m[2026-03-08 04:30:01] INFO: Checking HEARTBEAT conditions...[0m
[1;33m[2026-03-08 04:30:01] WARN: Alert triggered: IHS Towers email detected - URGENT[0m
[1;33m[2026-03-08 04:30:01] WARN: Failed to send iMessage alert to temikolawole@icloud.com[0m
[1;33m[2026-03-08 04:30:01] WARN: Alert triggered: Deadline within 24 hours[0m
[1;33m[2026-03-08 04:30:01] WARN: Failed to send iMessage alert to temikolawole@icloud.com[0m
[0;34m[2026-03-08 04:30:01] DEBUG: Checking calendar for next 48 hours...[0m
[0;34m[2026-03-08 04:30:01] DEBUG: Checking IHS Towers follow-ups...[0m
[1;33m[2026-03-08 04:30:01] WARN: Found 2 urgent item(s) requiring attention[0m
[0;32m[2026-03-08 05:00:00] INFO: === Starting Heartbeat + Maintenance ===[0m
[0;32m[2026-03-08 05:00:00] INFO: Quiet hours (23:00-08:00), running minimal checks only[0m
[0;32m[2026-03-08 05:00:00] INFO: Checking HEARTBEAT conditions...[0m
[1;33m[2026-03-08 05:00:00] WARN: Alert triggered: IHS Towers email detected - URGENT[0m
[1;33m[2026-03-08 05:00:00] WARN: Failed to send iMessage alert to temikolawole@icloud.com[0m
[1;33m[2026-03-08 05:00:00] WARN: Alert triggered: Deadline within 24 hours[0m
[1;33m[2026-03-08 05:00:00] WARN: Failed to send iMessage alert to temikolawole@icloud.com[0m
[0;34m[2026-03-08 05:00:00] DEBUG: Checking calendar for next 48 hours...[0m
[0;34m[2026-03-08 05:00:00] DEBUG: Checking IHS Towers follow-ups...[0m
[1;33m[2026-03-08 05:00:00] WARN: Found 2 urgent item(s) requiring attention[0m
[0;32m[2026-03-08 05:30:00] INFO: === Starting Heartbeat + Maintenance ===[0m
[0;32m[2026-03-08 05:30:00] INFO: Quiet hours (23:00-08:00), running minimal checks only[0m
[0;32m[2026-03-08 05:30:00] INFO: Checking HEARTBEAT conditions...[0m
[1;33m[2026-03-08 05:30:00] WARN: Alert triggered: IHS Towers email detected - URGENT[0m
[1;33m[2026-03-08 05:30:00] WARN: Failed to send iMessage alert to temikolawole@icloud.com[0m
[1;33m[2026-03-08 05:30:00] WARN: Alert triggered: Deadline within 24 hours[0m
[1;33m[2026-03-08 05:30:00] WARN: Failed to send iMessage alert to temikolawole@icloud.com[0m
[0;34m[2026-03-08 05:30:00] DEBUG: Checking calendar for next 48 hours...[0m
[0;34m[2026-03-08 05:30:00] DEBUG: Checking IHS Towers follow-ups...[0m
[1;33m[2026-03-08 05:30:00] WARN: Found 2 urgent item(s) requiring attention[0m
[0;32m[2026-03-08 06:00:00] INFO: === Starting Heartbeat + Maintenance ===[0m
[0;32m[2026-03-08 06:00:00] INFO: Quiet hours (23:00-08:00), running minimal checks only[0m
[0;32m[2026-03-08 06:00:00] INFO: Checking HEARTBEAT conditions...[0m
[1;33m[2026-03-08 06:00:00] WARN: Alert triggered: IHS Towers email detected - URGENT[0m
[1;33m[2026-03-08 06:00:00] WARN: Failed to send iMessage alert to temikolawole@icloud.com[0m
[1;33m[2026-03-08 06:00:00] WARN: Alert triggered: Deadline within 24 hours[0m
[1;33m[2026-03-08 06:00:00] WARN: Failed to send iMessage alert to temikolawole@icloud.com[0m
[0;34m[2026-03-08 06:00:00] DEBUG: Checking calendar for next 48 hours...[0m
[0;34m[2026-03-08 06:00:00] DEBUG: Checking IHS Towers follow-ups...[0m
[1;33m[2026-03-08 06:00:00] WARN: Found 2 urgent item(s) requiring attention[0m
[0;32m[2026-03-08 06:30:01] INFO: === Starting Heartbeat + Maintenance ===[0m
[0;32m[2026-03-08 06:30:01] INFO: Quiet hours (23:00-08:00), running minimal checks only[0m
[0;32m[2026-03-08 06:30:01] INFO: Checking HEARTBEAT conditions...[0m
[1;33m[2026-03-08 06:30:01] WARN: Alert triggered: IHS Towers email detected - URGENT[0m
[1;33m[2026-03-08 06:30:01] WARN: Failed to send iMessage alert to temikolawole@icloud.com[0m
[1;33m[2026-03-08 06:30:01] WARN: Alert triggered: Deadline within 24 hours[0m
[1;33m[2026-03-08 06:30:01] WARN: Failed to send iMessage alert to temikolawole@icloud.com[0m
[0;34m[2026-03-08 06:30:01] DEBUG: Checking calendar for next 48 hours...[0m
[0;34m[2026-03-08 06:30:01] DEBUG: Checking IHS Towers follow-ups...[0m
[1;33m[2026-03-08 06:30:01] WARN: Found 2 urgent item(s) requiring attention[0m
[0;32m[2026-03-08 07:00:00] INFO: === Starting Heartbeat + Maintenance ===[0m
[0;32m[2026-03-08 07:00:00] INFO: Quiet hours (23:00-08:00), running minimal checks only[0m
[0;32m[2026-03-08 07:00:00] INFO: Checking HEARTBEAT conditions...[0m
[1;33m[2026-03-08 07:00:00] WARN: Alert triggered: IHS Towers email detected - URGENT[0m
[1;33m[2026-03-08 07:00:00] WARN: Failed to send iMessage alert to temikolawole@icloud.com[0m
[1;33m[2026-03-08 07:00:00] WARN: Alert triggered: Deadline within 24 hours[0m
[1;33m[2026-03-08 07:00:00] WARN: Failed to send iMessage alert to temikolawole@icloud.com[0m
[0;34m[2026-03-08 07:00:00] DEBUG: Checking calendar for next 48 hours...[0m
[0;34m[2026-03-08 07:00:00] DEBUG: Checking IHS Towers follow-ups...[0m
[1;33m[2026-03-08 07:00:00] WARN: Found 2 urgent item(s) requiring attention[0m
[0;32m[2026-03-08 07:30:00] INFO: === Starting Heartbeat + Maintenance ===[0m
[0;32m[2026-03-08 07:30:00] INFO: Quiet hours (23:00-08:00), running minimal checks only[0m
[0;32m[2026-03-08 07:30:00] INFO: Checking HEARTBEAT conditions...[0m
[1;33m[2026-03-08 07:30:00] WARN: Alert triggered: IHS Towers email detected - URGENT[0m
[1;33m[2026-03-08 07:30:00] WARN: Failed to send iMessage alert to temikolawole@icloud.com[0m
[1;33m[2026-03-08 07:30:00] WARN: Alert triggered: Deadline within 24 hours[0m
[1;33m[2026-03-08 07:30:00] WARN: Failed to send iMessage alert to temikolawole@icloud.com[0m
[0;34m[2026-03-08 07:30:00] DEBUG: Checking calendar for next 48 hours...[0m
[0;34m[2026-03-08 07:30:00] DEBUG: Checking IHS Towers follow-ups...[0m
[1;33m[2026-03-08 07:30:00] WARN: Found 2 urgent item(s) requiring attention[0m
[0;32m[2026-03-08 08:00:01] INFO: === Starting Heartbeat + Maintenance ===[0m
[0;32m[2026-03-08 08:00:01] INFO: Checking HEARTBEAT conditions...[0m
[1;33m[2026-03-08 08:00:01] WARN: Alert triggered: IHS Towers email detected - URGENT[0m
[1;33m[2026-03-08 08:00:01] WARN: Failed to send iMessage alert to temikolawole@icloud.com[0m
[1;33m[2026-03-08 08:00:01] WARN: Alert triggered: Deadline within 24 hours[0m
[1;33m[2026-03-08 08:00:01] WARN: Failed to send iMessage alert to temikolawole@icloud.com[0m
[0;34m[2026-03-08 08:00:01] DEBUG: Checking calendar for next 48 hours...[0m
[0;34m[2026-03-08 08:00:01] DEBUG: Checking IHS Towers follow-ups...[0m
[1;33m[2026-03-08 08:00:01] WARN: Found 2 urgent item(s) requiring attention[0m
[0;32m[2026-03-08 08:30:00] INFO: === Starting Heartbeat + Maintenance ===[0m
[0;32m[2026-03-08 08:30:00] INFO: Checking HEARTBEAT conditions...[0m
[1;33m[2026-03-08 08:30:00] WARN: Alert triggered: IHS Towers email detected - URGENT[0m
[1;33m[2026-03-08 08:30:00] WARN: Failed to send iMessage alert to temikolawole@icloud.com[0m
[1;33m[2026-03-08 08:30:00] WARN: Alert triggered: Deadline within 24 hours[0m
[1;33m[2026-03-08 08:30:00] WARN: Failed to send iMessage alert to temikolawole@icloud.com[0m
[0;34m[2026-03-08 08:30:00] DEBUG: Checking calendar for next 48 hours...[0m
[0;34m[2026-03-08 08:30:00] DEBUG: Checking IHS Towers follow-ups...[0m
[1;33m[2026-03-08 08:30:00] WARN: Found 2 urgent item(s) requiring attention[0m
[0;32m[2026-03-08 09:00:00] INFO: === Starting Heartbeat + Maintenance ===[0m
[0;32m[2026-03-08 09:00:00] INFO: Checking HEARTBEAT conditions...[0m
[1;33m[2026-03-08 09:00:00] WARN: Alert triggered: IHS Towers email detected - URGENT[0m
[1;33m[2026-03-08 09:00:00] WARN: Failed to send iMessage alert to temikolawole@icloud.com[0m
[1;33m[2026-03-08 09:00:00] WARN: Alert triggered: Deadline within 24 hours[0m
[1;33m[2026-03-08 09:00:00] WARN: Failed to send iMessage alert to temikolawole@icloud.com[0m
[0;34m[2026-03-08 09:00:00] DEBUG: Checking calendar for next 48 hours...[0m
[0;32m[2026-03-08 09:00:00] INFO: Found 2 upcoming event(s) in next 48 hours[0m
[0;32m[2026-03-08 09:30:00] INFO: === Starting Heartbeat + Maintenance ===[0m
[0;32m[2026-03-08 09:30:00] INFO: Checking HEARTBEAT conditions...[0m
[1;33m[2026-03-08 09:30:00] WARN: Alert triggered: IHS Towers email detected - URGENT[0m
[1;33m[2026-03-08 09:30:00] WARN: Failed to send iMessage alert to temikolawole@icloud.com[0m
[1;33m[2026-03-08 09:30:00] WARN: Alert triggered: Deadline within 24 hours[0m
[1;33m[2026-03-08 09:30:00] WARN: Failed to send iMessage alert to temikolawole@icloud.com[0m
[0;34m[2026-03-08 09:30:00] DEBUG: Checking calendar for next 48 hours...[0m
[0;34m[2026-03-08 09:30:00] DEBUG: Checking IHS Towers follow-ups...[0m
[1;33m[2026-03-08 09:30:00] WARN: Found 2 urgent item(s) requiring attention[0m
[0;32m[2026-03-08 10:00:00] INFO: === Starting Heartbeat + Maintenance ===[0m
[0;32m[2026-03-08 10:00:00] INFO: Checking HEARTBEAT conditions...[0m
[1;33m[2026-03-08 10:00:00] WARN: Alert triggered: IHS Towers email detected - URGENT[0m
[1;33m[2026-03-08 10:00:01] WARN: Failed to send iMessage alert to temikolawole@icloud.com[0m
[1;33m[2026-03-08 10:00:01] WARN: Alert triggered: Deadline within 24 hours[0m
[1;33m[2026-03-08 10:00:01] WARN: Failed to send iMessage alert to temikolawole@icloud.com[0m
[0;34m[2026-03-08 10:00:01] DEBUG: Checking calendar for next 48 hours...[0m
[0;32m[2026-03-08 10:00:01] INFO: Found 2 upcoming event(s) in next 48 hours[0m
[0;32m[2026-03-08 10:30:01] INFO: === Starting Heartbeat + Maintenance ===[0m
[0;32m[2026-03-08 10:30:01] INFO: Checking HEARTBEAT conditions...[0m
[1;33m[2026-03-08 10:30:01] WARN: Alert triggered: IHS Towers email detected - URGENT[0m
[1;33m[2026-03-08 10:30:01] WARN: Failed to send iMessage alert to temikolawole@icloud.com[0m
[1;33m[2026-03-08 10:30:01] WARN: Alert triggered: Deadline within 24 hours[0m
[1;33m[2026-03-08 10:30:01] WARN: Failed to send iMessage alert to temikolawole@icloud.com[0m
[0;34m[2026-03-08 10:30:01] DEBUG: Checking calendar for next 48 hours...[0m
[0;32m[2026-03-08 10:30:01] INFO: Found 3 upcoming event(s) in next 48 hours[0m
[0;32m[2026-03-08 11:00:00] INFO: === Starting Heartbeat + Maintenance ===[0m
[0;32m[2026-03-08 11:00:00] INFO: Checking HEARTBEAT conditions...[0m
[1;33m[2026-03-08 11:00:00] WARN: Alert triggered: IHS Towers email detected - URGENT[0m
[1;33m[2026-03-08 11:00:00] WARN: Failed to send iMessage alert to temikolawole@icloud.com[0m
[1;33m[2026-03-08 11:00:00] WARN: Alert triggered: Deadline within 24 hours[0m
[1;33m[2026-03-08 11:00:00] WARN: Failed to send iMessage alert to temikolawole@icloud.com[0m
[0;34m[2026-03-08 11:00:00] DEBUG: Checking calendar for next 48 hours...[0m
[0;32m[2026-03-08 11:00:00] INFO: Found 3 upcoming event(s) in next 48 hours[0m
[0;32m[2026-03-08 11:30:00] INFO: === Starting Heartbeat + Maintenance ===[0m
[0;32m[2026-03-08 11:30:00] INFO: Checking HEARTBEAT conditions...[0m
[1;33m[2026-03-08 11:30:00] WARN: Alert triggered: IHS Towers email detected - URGENT[0m
[1;33m[2026-03-08 11:30:00] WARN: Failed to send iMessage alert to temikolawole@icloud.com[0m
[1;33m[2026-03-08 11:30:00] WARN: Alert triggered: Deadline within 24 hours[0m
[1;33m[2026-03-08 11:30:00] WARN: Failed to send iMessage alert to temikolawole@icloud.com[0m
[0;34m[2026-03-08 11:30:00] DEBUG: Checking calendar for next 48 hours...[0m
[0;34m[2026-03-08 11:30:00] DEBUG: Checking IHS Towers follow-ups...[0m
[1;33m[2026-03-08 11:30:00] WARN: Found 2 urgent item(s) requiring attention[0m
[0;32m[2026-03-08 12:00:00] INFO: === Starting Heartbeat + Maintenance ===[0m
[0;32m[2026-03-08 12:00:00] INFO: Checking HEARTBEAT conditions...[0m
[1;33m[2026-03-08 12:00:00] WARN: Alert triggered: IHS Towers email detected - URGENT[0m
[1;33m[2026-03-08 12:00:00] WARN: Failed to send iMessage alert to temikolawole@icloud.com[0m
[1;33m[2026-03-08 12:00:00] WARN: Alert triggered: Deadline within 24 hours[0m
[1;33m[2026-03-08 12:00:00] WARN: Failed to send iMessage alert to temikolawole@icloud.com[0m
[0;34m[2026-03-08 12:00:00] DEBUG: Checking calendar for next 48 hours...[0m
[0;34m[2026-03-08 12:00:00] DEBUG: Checking IHS Towers follow-ups...[0m
[1;33m[2026-03-08 12:00:00] WARN: Found 2 urgent item(s) requiring attention[0m
[0;32m[2026-03-08 12:30:00] INFO: === Starting Heartbeat + Maintenance ===[0m
[0;32m[2026-03-08 12:30:00] INFO: Checking HEARTBEAT conditions...[0m
[1;33m[2026-03-08 12:30:00] WARN: Alert triggered: IHS Towers email detected - URGENT[0m
[1;33m[2026-03-08 12:30:00] WARN: Failed to send iMessage alert to temikolawole@icloud.com[0m
[1;33m[2026-03-08 12:30:00] WARN: Alert triggered: Deadline within 24 hours[0m
[1;33m[2026-03-08 12:30:00] WARN: Failed to send iMessage alert to temikolawole@icloud.com[0m
[0;34m[2026-03-08 12:30:00] DEBUG: Checking calendar for next 48 hours...[0m
[0;34m[2026-03-08 12:30:00] DEBUG: Checking IHS Towers follow-ups...[0m
[1;33m[2026-03-08 12:30:00] WARN: Found 2 urgent item(s) requiring attention[0m
[0;32m[2026-03-08 13:00:00] INFO: === Starting Heartbeat + Maintenance ===[0m
[0;32m[2026-03-08 13:00:00] INFO: Checking HEARTBEAT conditions...[0m
[1;33m[2026-03-08 13:00:00] WARN: Alert triggered: IHS Towers email detected - URGENT[0m
[1;33m[2026-03-08 13:00:00] WARN: Failed to send iMessage alert to temikolawole@icloud.com[0m
[1;33m[2026-03-08 13:00:00] WARN: Alert triggered: Deadline within 24 hours[0m
[1;33m[2026-03-08 13:00:00] WARN: Failed to send iMessage alert to temikolawole@icloud.com[0m
[0;34m[2026-03-08 13:00:00] DEBUG: Checking calendar for next 48 hours...[0m
[0;34m[2026-03-08 13:00:00] DEBUG: Checking IHS Towers follow-ups...[0m
[1;33m[2026-03-08 13:00:00] WARN: Found 2 urgent item(s) requiring attention[0m
[0;32m[2026-03-08 13:30:00] INFO: === Starting Heartbeat + Maintenance ===[0m
[0;32m[2026-03-08 13:30:00] INFO: Checking HEARTBEAT conditions...[0m
[1;33m[2026-03-08 13:30:00] WARN: Alert triggered: IHS Towers email detected - URGENT[0m
[1;33m[2026-03-08 13:30:00] WARN: Failed to send iMessage alert to temikolawole@icloud.com[0m
[1;33m[2026-03-08 13:30:00] WARN: Alert triggered: Deadline within 24 hours[0m
[1;33m[2026-03-08 13:30:00] WARN: Failed to send iMessage alert to temikolawole@icloud.com[0m
[0;34m[2026-03-08 13:30:00] DEBUG: Checking calendar for next 48 hours...[0m
[0;34m[2026-03-08 13:30:00] DEBUG: Checking IHS Towers follow-ups...[0m
[1;33m[2026-03-08 13:30:00] WARN: Found 2 urgent item(s) requiring attention[0m
[0;32m[2026-03-08 14:00:00] INFO: === Starting Heartbeat + Maintenance ===[0m
[0;32m[2026-03-08 14:00:01] INFO: Checking HEARTBEAT conditions...[0m
[1;33m[2026-03-08 14:00:01] WARN: Alert triggered: IHS Towers email detected - URGENT[0m
[1;33m[2026-03-08 14:00:01] WARN: Failed to send iMessage alert to temikolawole@icloud.com[0m
[1;33m[2026-03-08 14:00:01] WARN: Alert triggered: Deadline within 24 hours[0m
[1;33m[2026-03-08 14:00:01] WARN: Failed to send iMessage alert to temikolawole@icloud.com[0m
[0;34m[2026-03-08 14:00:01] DEBUG: Checking calendar for next 48 hours...[0m
[0;34m[2026-03-08 14:00:01] DEBUG: Checking IHS Towers follow-ups...[0m
[1;33m[2026-03-08 14:00:01] WARN: Found 2 urgent item(s) requiring attention[0m
[0;32m[2026-03-08 14:30:01] INFO: === Starting Heartbeat + Maintenance ===[0m
[0;32m[2026-03-08 14:30:01] INFO: Checking HEARTBEAT conditions...[0m
[1;33m[2026-03-08 14:30:01] WARN: Alert triggered: IHS Towers email detected - URGENT[0m
[1;33m[2026-03-08 14:30:01] WARN: Failed to send iMessage alert to temikolawole@icloud.com[0m
[1;33m[2026-03-08 14:30:01] WARN: Alert triggered: Deadline within 24 hours[0m
[1;33m[2026-03-08 14:30:01] WARN: Failed to send iMessage alert to temikolawole@icloud.com[0m
[0;34m[2026-03-08 14:30:01] DEBUG: Checking calendar for next 48 hours...[0m
[0;34m[2026-03-08 14:30:01] DEBUG: Checking IHS Towers follow-ups...[0m
[1;33m[2026-03-08 14:30:01] WARN: Found 2 urgent item(s) requiring attention[0m
[0;32m[2026-03-08 15:00:00] INFO: === Starting Heartbeat + Maintenance ===[0m
[0;32m[2026-03-08 15:00:00] INFO: Checking HEARTBEAT conditions...[0m
[1;33m[2026-03-08 15:00:00] WARN: Alert triggered: IHS Towers email detected - URGENT[0m
[1;33m[2026-03-08 15:00:00] WARN: Failed to send iMessage alert to temikolawole@icloud.com[0m
[1;33m[2026-03-08 15:00:00] WARN: Alert triggered: Deadline within 24 hours[0m
[1;33m[2026-03-08 15:00:00] WARN: Failed to send iMessage alert to temikolawole@icloud.com[0m
[0;34m[2026-03-08 15:00:00] DEBUG: Checking calendar for next 48 hours...[0m
[0;34m[2026-03-08 15:00:00] DEBUG: Checking IHS Towers follow-ups...[0m
[1;33m[2026-03-08 15:00:00] WARN: Found 2 urgent item(s) requiring attention[0m
[0;32m[2026-03-08 15:30:01] INFO: === Starting Heartbeat + Maintenance ===[0m
[0;32m[2026-03-08 15:30:01] INFO: Checking HEARTBEAT conditions...[0m
[1;33m[2026-03-08 15:30:01] WARN: Alert triggered: IHS Towers email detected - URGENT[0m
[1;33m[2026-03-08 15:30:01] WARN: Failed to send iMessage alert to temikolawole@icloud.com[0m
[1;33m[2026-03-08 15:30:01] WARN: Alert triggered: Deadline within 24 hours[0m
[1;33m[2026-03-08 15:30:01] WARN: Failed to send iMessage alert to temikolawole@icloud.com[0m
[0;34m[2026-03-08 15:30:01] DEBUG: Checking calendar for next 48 hours...[0m
[0;32m[2026-03-08 15:30:01] INFO: Found 1 upcoming event(s) in next 48 hours[0m
[1;33m[2026-03-08 15:30:01] WARN: Meeting preparation may be needed for upcoming events[0m
[0;32m[2026-03-08 16:00:00] INFO: === Starting Heartbeat + Maintenance ===[0m
[0;32m[2026-03-08 16:00:00] INFO: Checking HEARTBEAT conditions...[0m
[1;33m[2026-03-08 16:00:00] WARN: Alert triggered: IHS Towers email detected - URGENT[0m
[1;33m[2026-03-08 16:00:00] WARN: Failed to send iMessage alert to temikolawole@icloud.com[0m
[1;33m[2026-03-08 16:00:00] WARN: Alert triggered: Deadline within 24 hours[0m
[1;33m[2026-03-08 16:00:00] WARN: Failed to send iMessage alert to temikolawole@icloud.com[0m
[0;34m[2026-03-08 16:00:00] DEBUG: Checking calendar for next 48 hours...[0m
[0;34m[2026-03-08 16:00:00] DEBUG: Checking IHS Towers follow-ups...[0m
[1;33m[2026-03-08 16:00:00] WARN: Found 2 urgent item(s) requiring attention[0m
[0;32m[2026-03-08 16:30:00] INFO: === Starting Heartbeat + Maintenance ===[0m
[0;32m[2026-03-08 16:30:00] INFO: Checking HEARTBEAT conditions...[0m
[1;33m[2026-03-08 16:30:00] WARN: Alert triggered: IHS Towers email detected - URGENT[0m
[1;33m[2026-03-08 16:30:00] WARN: Failed to send iMessage alert to temikolawole@icloud.com[0m
[1;33m[2026-03-08 16:30:00] WARN: Alert triggered: Deadline within 24 hours[0m
[1;33m[2026-03-08 16:30:00] WARN: Failed to send iMessage alert to temikolawole@icloud.com[0m
[0;34m[2026-03-08 16:30:00] DEBUG: Checking calendar for next 48 hours...[0m
[0;34m[2026-03-08 16:30:00] DEBUG: Checking IHS Towers follow-ups...[0m
[1;33m[2026-03-08 16:30:00] WARN: Found 2 urgent item(s) requiring attention[0m
[0;32m[2026-03-08 17:00:00] INFO: === Starting Heartbeat + Maintenance ===[0m
[0;32m[2026-03-08 17:00:00] INFO: Checking HEARTBEAT conditions...[0m
[1;33m[2026-03-08 17:00:00] WARN: Alert triggered: IHS Towers email detected - URGENT[0m
[1;33m[2026-03-08 17:00:00] WARN: Failed to send iMessage alert to temikolawole@icloud.com[0m
[1;33m[2026-03-08 17:00:00] WARN: Alert triggered: Deadline within 24 hours[0m
[1;33m[2026-03-08 17:00:00] WARN: Failed to send iMessage alert to temikolawole@icloud.com[0m
[0;34m[2026-03-08 17:00:01] DEBUG: Checking calendar for next 48 hours...[0m
[0;34m[2026-03-08 17:00:01] DEBUG: Checking IHS Towers follow-ups...[0m
[1;33m[2026-03-08 17:00:01] WARN: Found 2 urgent item(s) requiring attention[0m
[0;32m[2026-03-08 17:30:00] INFO: === Starting Heartbeat + Maintenance ===[0m
[0;32m[2026-03-08 17:30:00] INFO: Checking HEARTBEAT conditions...[0m
[1;33m[2026-03-08 17:30:00] WARN: Alert triggered: IHS Towers email detected - URGENT[0m
[1;33m[2026-03-08 17:30:00] WARN: Failed to send iMessage alert to temikolawole@icloud.com[0m
[1;33m[2026-03-08 17:30:01] WARN: Alert triggered: Deadline within 24 hours[0m
[1;33m[2026-03-08 17:30:01] WARN: Failed to send iMessage alert to temikolawole@icloud.com[0m
[0;34m[2026-03-08 17:30:01] DEBUG: Checking calendar for next 48 hours...[0m
[0;34m[2026-03-08 17:30:01] DEBUG: Checking IHS Towers follow-ups...[0m
[1;33m[2026-03-08 17:30:01] WARN: Found 2 urgent item(s) requiring attention[0m
[0;32m[2026-03-08 18:00:00] INFO: === Starting Heartbeat + Maintenance ===[0m
[0;32m[2026-03-08 18:00:00] INFO: Checking HEARTBEAT conditions...[0m
[1;33m[2026-03-08 18:00:00] WARN: Alert triggered: IHS Towers email detected - URGENT[0m
[1;33m[2026-03-08 18:00:00] WARN: Failed to send iMessage alert to temikolawole@icloud.com[0m
[1;33m[2026-03-08 18:00:00] WARN: Alert triggered: Deadline within 24 hours[0m
[1;33m[2026-03-08 18:00:00] WARN: Failed to send iMessage alert to temikolawole@icloud.com[0m
[0;34m[2026-03-08 18:00:00] DEBUG: Checking calendar for next 48 hours...[0m
[0;34m[2026-03-08 18:00:00] DEBUG: Checking IHS Towers follow-ups...[0m
[1;33m[2026-03-08 18:00:00] WARN: Found 2 urgent item(s) requiring attention[0m
[0;32m[2026-03-08 18:30:00] INFO: === Starting Heartbeat + Maintenance ===[0m
[0;32m[2026-03-08 18:30:01] INFO: Checking HEARTBEAT conditions...[0m
[1;33m[2026-03-08 18:30:01] WARN: Alert triggered: IHS Towers email detected - URGENT[0m
[1;33m[2026-03-08 18:30:01] WARN: Failed to send iMessage alert to temikolawole@icloud.com[0m
[1;33m[2026-03-08 18:30:01] WARN: Alert triggered: Deadline within 24 hours[0m
[1;33m[2026-03-08 18:30:01] WARN: Failed to send iMessage alert to temikolawole@icloud.com[0m
[0;34m[2026-03-08 18:30:01] DEBUG: Checking calendar for next 48 hours...[0m
[0;32m[2026-03-08 18:30:01] INFO: Found 2 upcoming event(s) in next 48 hours[0m
[1;33m[2026-03-08 18:30:01] WARN: Meeting preparation may be needed for upcoming events[0m
[0;32m[2026-03-08 19:00:00] INFO: === Starting Heartbeat + Maintenance ===[0m
[0;32m[2026-03-08 19:00:00] INFO: Checking HEARTBEAT conditions...[0m
[1;33m[2026-03-08 19:00:00] WARN: Alert triggered: IHS Towers email detected - URGENT[0m
[1;33m[2026-03-08 19:00:00] WARN: Failed to send iMessage alert to temikolawole@icloud.com[0m
[1;33m[2026-03-08 19:00:00] WARN: Alert triggered: Deadline within 24 hours[0m
[1;33m[2026-03-08 19:00:00] WARN: Failed to send iMessage alert to temikolawole@icloud.com[0m
[0;34m[2026-03-08 19:00:00] DEBUG: Checking calendar for next 48 hours...[0m
[0;34m[2026-03-08 19:00:00] DEBUG: Checking IHS Towers follow-ups...[0m
[1;33m[2026-03-08 19:00:00] WARN: Found 2 urgent item(s) requiring attention[0m
[0;32m[2026-03-08 19:30:00] INFO: === Starting Heartbeat + Maintenance ===[0m
[0;32m[2026-03-08 19:30:00] INFO: Checking HEARTBEAT conditions...[0m
[1;33m[2026-03-08 19:30:00] WARN: Alert triggered: IHS Towers email detected - URGENT[0m
[1;33m[2026-03-08 19:30:00] WARN: Failed to send iMessage alert to temikolawole@icloud.com[0m
[1;33m[2026-03-08 19:30:00] WARN: Alert triggered: Deadline within 24 hours[0m
[1;33m[2026-03-08 19:30:00] WARN: Failed to send iMessage alert to temikolawole@icloud.com[0m
[0;34m[2026-03-08 19:30:00] DEBUG: Checking calendar for next 48 hours...[0m
[0;34m[2026-03-08 19:30:00] DEBUG: Checking IHS Towers follow-ups...[0m
[1;33m[2026-03-08 19:30:00] WARN: Found 2 urgent item(s) requiring attention[0m
[0;32m[2026-03-08 20:00:00] INFO: === Starting Heartbeat + Maintenance ===[0m
[0;32m[2026-03-08 20:00:00] INFO: Checking HEARTBEAT conditions...[0m
[1;33m[2026-03-08 20:00:00] WARN: Alert triggered: IHS Towers email detected - URGENT[0m
[1;33m[2026-03-08 20:00:00] WARN: Failed to send iMessage alert to temikolawole@icloud.com[0m
[1;33m[2026-03-08 20:00:00] WARN: Alert triggered: Deadline within 24 hours[0m
[1;33m[2026-03-08 20:00:00] WARN: Failed to send iMessage alert to temikolawole@icloud.com[0m
[0;34m[2026-03-08 20:00:00] DEBUG: Checking calendar for next 48 hours...[0m
[0;34m[2026-03-08 20:00:00] DEBUG: Checking IHS Towers follow-ups...[0m
[1;33m[2026-03-08 20:00:00] WARN: Found 2 urgent item(s) requiring attention[0m
[0;32m[2026-03-08 20:30:01] INFO: === Starting Heartbeat + Maintenance ===[0m
[0;32m[2026-03-08 20:30:01] INFO: Checking HEARTBEAT conditions...[0m
[1;33m[2026-03-08 20:30:01] WARN: Alert triggered: IHS Towers email detected - URGENT[0m
[1;33m[2026-03-08 20:30:01] WARN: Failed to send iMessage alert to temikolawole@icloud.com[0m
[1;33m[2026-03-08 20:30:01] WARN: Alert triggered: Deadline within 24 hours[0m
[1;33m[2026-03-08 20:30:01] WARN: Failed to send iMessage alert to temikolawole@icloud.com[0m
[0;34m[2026-03-08 20:30:01] DEBUG: Checking calendar for next 48 hours...[0m
[0;34m[2026-03-08 20:30:01] DEBUG: Checking IHS Towers follow-ups...[0m
[1;33m[2026-03-08 20:30:01] WARN: Found 2 urgent item(s) requiring attention[0m
[0;32m[2026-03-08 21:00:00] INFO: === Starting Heartbeat + Maintenance ===[0m
[0;32m[2026-03-08 21:00:00] INFO: Checking HEARTBEAT conditions...[0m
[1;33m[2026-03-08 21:00:00] WARN: Alert triggered: IHS Towers email detected - URGENT[0m
[1;33m[2026-03-08 21:00:00] WARN: Failed to send iMessage alert to temikolawole@icloud.com[0m
[1;33m[2026-03-08 21:00:00] WARN: Alert triggered: Deadline within 24 hours[0m
[1;33m[2026-03-08 21:00:00] WARN: Failed to send iMessage alert to temikolawole@icloud.com[0m
[0;34m[2026-03-08 21:00:00] DEBUG: Checking calendar for next 48 hours...[0m
[0;34m[2026-03-08 21:00:00] DEBUG: Checking IHS Towers follow-ups...[0m
[1;33m[2026-03-08 21:00:00] WARN: Found 2 urgent item(s) requiring attention[0m
[0;32m[2026-03-08 21:30:00] INFO: === Starting Heartbeat + Maintenance ===[0m
[0;32m[2026-03-08 21:30:00] INFO: Checking HEARTBEAT conditions...[0m
[1;33m[2026-03-08 21:30:00] WARN: Alert triggered: IHS Towers email detected - URGENT[0m
[1;33m[2026-03-08 21:30:00] WARN: Failed to send iMessage alert to temikolawole@icloud.com[0m
[1;33m[2026-03-08 21:30:00] WARN: Alert triggered: Deadline within 24 hours[0m
[1;33m[2026-03-08 21:30:00] WARN: Failed to send iMessage alert to temikolawole@icloud.com[0m
[0;34m[2026-03-08 21:30:00] DEBUG: Checking calendar for next 48 hours...[0m
[0;34m[2026-03-08 21:30:00] DEBUG: Checking IHS Towers follow-ups...[0m
[1;33m[2026-03-08 21:30:00] WARN: Found 2 urgent item(s) requiring attention[0m
[0;32m[2026-03-08 22:00:00] INFO: === Starting Heartbeat + Maintenance ===[0m
[0;32m[2026-03-08 22:00:00] INFO: Checking HEARTBEAT conditions...[0m
[1;33m[2026-03-08 22:00:00] WARN: Alert triggered: IHS Towers email detected - URGENT[0m
[1;33m[2026-03-08 22:00:00] WARN: Failed to send iMessage alert to temikolawole@icloud.com[0m
[1;33m[2026-03-08 22:00:00] WARN: Alert triggered: Deadline within 24 hours[0m
[1;33m[2026-03-08 22:00:00] WARN: Failed to send iMessage alert to temikolawole@icloud.com[0m
[0;34m[2026-03-08 22:00:00] DEBUG: Checking calendar for next 48 hours...[0m
[0;34m[2026-03-08 22:00:00] DEBUG: Checking IHS Towers follow-ups...[0m
[1;33m[2026-03-08 22:00:00] WARN: Found 2 urgent item(s) requiring attention[0m
[0;32m[2026-03-08 22:30:00] INFO: === Starting Heartbeat + Maintenance ===[0m
[0;32m[2026-03-08 22:30:00] INFO: Checking HEARTBEAT conditions...[0m
[1;33m[2026-03-08 22:30:00] WARN: Alert triggered: IHS Towers email detected - URGENT[0m
[1;33m[2026-03-08 22:30:00] WARN: Failed to send iMessage alert to temikolawole@icloud.com[0m
[1;33m[2026-03-08 22:30:00] WARN: Alert triggered: Deadline within 24 hours[0m
[1;33m[2026-03-08 22:30:00] WARN: Failed to send iMessage alert to temikolawole@icloud.com[0m
[0;34m[2026-03-08 22:30:00] DEBUG: Checking calendar for next 48 hours...[0m
[0;32m[2026-03-08 22:30:00] INFO: Found 3 upcoming event(s) in next 48 hours[0m
[0;32m[2026-03-08 23:00:00] INFO: === Starting Heartbeat + Maintenance ===[0m
[0;32m[2026-03-08 23:00:00] INFO: Quiet hours (23:00-08:00), running minimal checks only[0m
[0;32m[2026-03-08 23:00:00] INFO: Checking HEARTBEAT conditions...[0m
[1;33m[2026-03-08 23:00:00] WARN: Alert triggered: IHS Towers email detected - URGENT[0m
[1;33m[2026-03-08 23:00:00] WARN: Failed to send iMessage alert to temikolawole@icloud.com[0m
[1;33m[2026-03-08 23:00:01] WARN: Alert triggered: Deadline within 24 hours[0m
[1;33m[2026-03-08 23:00:01] WARN: Failed to send iMessage alert to temikolawole@icloud.com[0m
[0;34m[2026-03-08 23:00:01] DEBUG: Checking calendar for next 48 hours...[0m
[0;34m[2026-03-08 23:00:01] DEBUG: Checking IHS Towers follow-ups...[0m
[1;33m[2026-03-08 23:00:01] WARN: Found 2 urgent item(s) requiring attention[0m
[0;32m[2026-03-08 23:30:01] INFO: === Starting Heartbeat + Maintenance ===[0m
[0;32m[2026-03-08 23:30:01] INFO: Quiet hours (23:00-08:00), running minimal checks only[0m
[0;32m[2026-03-08 23:30:01] INFO: Checking HEARTBEAT conditions...[0m
[1;33m[2026-03-08 23:30:01] WARN: Alert triggered: IHS Towers email detected - URGENT[0m
[1;33m[2026-03-08 23:30:01] WARN: Failed to send iMessage alert to temikolawole@icloud.com[0m
[1;33m[2026-03-08 23:30:01] WARN: Alert triggered: Deadline within 24 hours[0m
[1;33m[2026-03-08 23:30:01] WARN: Failed to send iMessage alert to temikolawole@icloud.com[0m
[0;34m[2026-03-08 23:30:01] DEBUG: Checking calendar for next 48 hours...[0m
[0;34m[2026-03-08 23:30:01] DEBUG: Checking IHS Towers follow-ups...[0m
[1;33m[2026-03-08 23:30:01] WARN: Found 2 urgent item(s) requiring attention[0m
