[2026-06-16 02:00:09] Starting memory index refresh
{
  "status": "ok",
  "retrieval_mode": "hybrid",
  "memory_file_count": 272,
  "index_file_count": 12,
  "latest_memory_age_minutes": 760.45,
  "latest_index_age_minutes": 0.0,
  "notes": []
}
[2026-06-16 02:00:11] Memory index refresh done
[2026-06-16 02:02:36] Starting memory index refresh
{
  "status": "ok",
  "retrieval_mode": "hybrid",
  "memory_file_count": 272,
  "index_file_count": 12,
  "latest_memory_age_minutes": 762.9,
  "latest_index_age_minutes": 0.0,
  "notes": []
}
[2026-06-16 02:02:38] Memory index refresh done
[2026-06-16 02:05:37] Starting memory index refresh
{
  "status": "ok",
  "retrieval_mode": "hybrid",
  "memory_file_count": 272,
  "index_file_count": 12,
  "latest_memory_age_minutes": 765.92,
  "latest_index_age_minutes": 0.0,
  "notes": []
}
[2026-06-16 02:05:38] Memory index refresh done
[2026-06-16 02:12:40] Starting memory index refresh
{
  "status": "ok",
  "retrieval_mode": "hybrid",
  "memory_file_count": 272,
  "index_file_count": 12,
  "latest_memory_age_minutes": 772.97,
  "latest_index_age_minutes": 0.0,
  "notes": []
}
[2026-06-16 02:12:42] Memory index refresh done
