[2026-06-15 01:09:11] Starting memory index refresh
{
  "status": "ok",
  "retrieval_mode": "hybrid",
  "memory_file_count": 270,
  "index_file_count": 11,
  "latest_memory_age_minutes": 17998.5,
  "latest_index_age_minutes": 0.0,
  "notes": []
}
[2026-06-15 01:09:16] Memory index refresh done
[2026-06-15 02:00:06] Starting memory index refresh
{
  "status": "ok",
  "retrieval_mode": "hybrid",
  "memory_file_count": 270,
  "index_file_count": 11,
  "latest_memory_age_minutes": 18049.37,
  "latest_index_age_minutes": 0.0,
  "notes": []
}
[2026-06-15 02:00:08] Memory index refresh done
