[2026-03-16 02:00:41] Starting memory index refresh
{
  "status": "ok",
  "retrieval_mode": "hybrid",
  "memory_file_count": 105,
  "index_file_count": 8,
  "latest_memory_age_minutes": 1106.73,
  "latest_index_age_minutes": 0.0,
  "notes": []
}
[2026-03-16 02:00:42] Memory index refresh done
[2026-03-16 02:01:26] Starting memory index refresh
{
  "status": "ok",
  "retrieval_mode": "hybrid",
  "memory_file_count": 106,
  "index_file_count": 9,
  "latest_memory_age_minutes": 0.16,
  "latest_index_age_minutes": 0.0,
  "notes": []
}
[2026-03-16 02:01:26] Memory index refresh done
