[2026-03-14 19:29:28] Starting AI Agent Monetization Launch Plan
[2026-03-14 19:29:28] 7-Day Implementation Schedule
[2026-03-14 19:29:28] =============================
[2026-03-14 19:29:28] === DAY 1: PLANNING & SETUP ===
[2026-03-14 19:31:11] === DAY 1: PLANNING & SETUP ===
[2026-03-14 19:31:11] === DAY 2: LEGAL & BANKING ===
[2026-03-14 19:31:11] === DAY 3: SERVICE DEVELOPMENT ===
[2026-03-14 19:31:11] === DAY 4: TECHNICAL INFRASTRUCTURE ===
[2026-03-14 19:31:11] === DAY 5: MARKETING & OUTREACH ===
[2026-03-14 19:31:12] === DAY 6: FINANCIAL SYSTEMS ===
[2026-03-14 19:31:12] === DAY 7: LAUNCH PREPARATION ===
[2026-03-14 19:31:12] 
[2026-03-14 19:31:12] === LAUNCH PLAN COMPLETE ===
[2026-03-14 19:31:12] All 33 tasks have been added to your todo system
[2026-03-14 19:31:12] Check your todo list for the 7-day implementation plan
[2026-03-14 19:31:12] 
[2026-03-14 19:31:12] Summary of what was created:
[2026-03-14 19:31:12] 1. Comprehensive monetization report (AI_Agent_Monetization_Report.md)
[2026-03-14 19:31:12] 2. Financial setup plan (AI_Agent_Financial_Setup_Plan.md)
[2026-03-14 19:31:12] 3. 7-day implementation plan with 33 tasks
[2026-03-14 19:31:12] 4. Service catalog and marketing materials
[2026-03-14 19:31:12] 5. Legal templates and financial systems
[2026-03-14 19:31:12] 
[2026-03-14 19:31:12] Next steps:
[2026-03-14 19:31:12] 1. Review the reports in workspace/
[2026-03-14 19:31:12] 2. Check your todo list (now ~137 items)
[2026-03-14 19:31:12] 3. Start with Day 1 tasks
[2026-03-14 19:31:12] 4. Begin business registration process
[2026-03-14 19:31:12] 5. Identify first pilot clients
[2026-03-14 19:31:12] 
[2026-03-14 19:31:12] First revenue target: 7-14 days
[2026-03-14 19:31:12] Initial investment needed: ₦100,000
[2026-03-14 19:31:12] Expected ROI: 3-6 months
